Archive member included to satisfy reference by file (symbol)

c:/siliconlabs/simplicitystudio/v5/developer/toolchains/gnu_arm/12.2.rel1_2023.7/bin/../lib/gcc/arm-none-eabi/12.2.1/thumb/v7-m/nofp\libgcc.a(_aeabi_ldivmod.o)
                              ./gecko_sdk_4.4.4/platform/emlib/src/em_usart.o (__aeabi_ldivmod)
c:/siliconlabs/simplicitystudio/v5/developer/toolchains/gnu_arm/12.2.rel1_2023.7/bin/../lib/gcc/arm-none-eabi/12.2.1/thumb/v7-m/nofp\libgcc.a(_aeabi_uldivmod.o)
                              ./gecko_sdk_4.4.4/platform/emlib/src/em_usart.o (__aeabi_uldivmod)
c:/siliconlabs/simplicitystudio/v5/developer/toolchains/gnu_arm/12.2.rel1_2023.7/bin/../lib/gcc/arm-none-eabi/12.2.1/thumb/v7-m/nofp\libgcc.a(_udivmoddi4.o)
                              c:/siliconlabs/simplicitystudio/v5/developer/toolchains/gnu_arm/12.2.rel1_2023.7/bin/../lib/gcc/arm-none-eabi/12.2.1/thumb/v7-m/nofp\libgcc.a(_aeabi_ldivmod.o) (__udivmoddi4)
c:/siliconlabs/simplicitystudio/v5/developer/toolchains/gnu_arm/12.2.rel1_2023.7/bin/../lib/gcc/arm-none-eabi/12.2.1/thumb/v7-m/nofp\libgcc.a(_dvmd_tls.o)
                              c:/siliconlabs/simplicitystudio/v5/developer/toolchains/gnu_arm/12.2.rel1_2023.7/bin/../lib/gcc/arm-none-eabi/12.2.1/thumb/v7-m/nofp\libgcc.a(_aeabi_ldivmod.o) (__aeabi_ldiv0)
c:/siliconlabs/simplicitystudio/v5/developer/toolchains/gnu_arm/12.2.rel1_2023.7/bin/../lib/gcc/arm-none-eabi/12.2.1/thumb/v7-m/nofp\libc_nano.a(libc_a-exit.o)
                              c:/siliconlabs/simplicitystudio/v5/developer/toolchains/gnu_arm/12.2.rel1_2023.7/bin/../lib/gcc/arm-none-eabi/12.2.1/thumb/v7-m/nofp/crt0.o (exit)
c:/siliconlabs/simplicitystudio/v5/developer/toolchains/gnu_arm/12.2.rel1_2023.7/bin/../lib/gcc/arm-none-eabi/12.2.1/thumb/v7-m/nofp\libc_nano.a(libc_a-findfp.o)
                              c:/siliconlabs/simplicitystudio/v5/developer/toolchains/gnu_arm/12.2.rel1_2023.7/bin/../lib/gcc/arm-none-eabi/12.2.1/thumb/v7-m/nofp\libc_nano.a(libc_a-exit.o) (__stdio_exit_handler)
c:/siliconlabs/simplicitystudio/v5/developer/toolchains/gnu_arm/12.2.rel1_2023.7/bin/../lib/gcc/arm-none-eabi/12.2.1/thumb/v7-m/nofp\libc_nano.a(libc_a-fwalk.o)
                              c:/siliconlabs/simplicitystudio/v5/developer/toolchains/gnu_arm/12.2.rel1_2023.7/bin/../lib/gcc/arm-none-eabi/12.2.1/thumb/v7-m/nofp\libc_nano.a(libc_a-findfp.o) (_fwalk_sglue)
c:/siliconlabs/simplicitystudio/v5/developer/toolchains/gnu_arm/12.2.rel1_2023.7/bin/../lib/gcc/arm-none-eabi/12.2.1/thumb/v7-m/nofp\libc_nano.a(libc_a-stdio.o)
                              c:/siliconlabs/simplicitystudio/v5/developer/toolchains/gnu_arm/12.2.rel1_2023.7/bin/../lib/gcc/arm-none-eabi/12.2.1/thumb/v7-m/nofp\libc_nano.a(libc_a-findfp.o) (__sread)
c:/siliconlabs/simplicitystudio/v5/developer/toolchains/gnu_arm/12.2.rel1_2023.7/bin/../lib/gcc/arm-none-eabi/12.2.1/thumb/v7-m/nofp\libc_nano.a(libc_a-memset.o)
                              c:/siliconlabs/simplicitystudio/v5/developer/toolchains/gnu_arm/12.2.rel1_2023.7/bin/../lib/gcc/arm-none-eabi/12.2.1/thumb/v7-m/nofp/crt0.o (memset)
c:/siliconlabs/simplicitystudio/v5/developer/toolchains/gnu_arm/12.2.rel1_2023.7/bin/../lib/gcc/arm-none-eabi/12.2.1/thumb/v7-m/nofp\libc_nano.a(libc_a-closer.o)
                              c:/siliconlabs/simplicitystudio/v5/developer/toolchains/gnu_arm/12.2.rel1_2023.7/bin/../lib/gcc/arm-none-eabi/12.2.1/thumb/v7-m/nofp\libc_nano.a(libc_a-stdio.o) (_close_r)
c:/siliconlabs/simplicitystudio/v5/developer/toolchains/gnu_arm/12.2.rel1_2023.7/bin/../lib/gcc/arm-none-eabi/12.2.1/thumb/v7-m/nofp\libc_nano.a(libc_a-reent.o)
                              c:/siliconlabs/simplicitystudio/v5/developer/toolchains/gnu_arm/12.2.rel1_2023.7/bin/../lib/gcc/arm-none-eabi/12.2.1/thumb/v7-m/nofp\libc_nano.a(libc_a-closer.o) (errno)
c:/siliconlabs/simplicitystudio/v5/developer/toolchains/gnu_arm/12.2.rel1_2023.7/bin/../lib/gcc/arm-none-eabi/12.2.1/thumb/v7-m/nofp\libc_nano.a(libc_a-impure.o)
                              c:/siliconlabs/simplicitystudio/v5/developer/toolchains/gnu_arm/12.2.rel1_2023.7/bin/../lib/gcc/arm-none-eabi/12.2.1/thumb/v7-m/nofp\libc_nano.a(libc_a-reent.o) (_impure_ptr)
c:/siliconlabs/simplicitystudio/v5/developer/toolchains/gnu_arm/12.2.rel1_2023.7/bin/../lib/gcc/arm-none-eabi/12.2.1/thumb/v7-m/nofp\libc_nano.a(libc_a-lseekr.o)
                              c:/siliconlabs/simplicitystudio/v5/developer/toolchains/gnu_arm/12.2.rel1_2023.7/bin/../lib/gcc/arm-none-eabi/12.2.1/thumb/v7-m/nofp\libc_nano.a(libc_a-stdio.o) (_lseek_r)
c:/siliconlabs/simplicitystudio/v5/developer/toolchains/gnu_arm/12.2.rel1_2023.7/bin/../lib/gcc/arm-none-eabi/12.2.1/thumb/v7-m/nofp\libc_nano.a(libc_a-readr.o)
                              c:/siliconlabs/simplicitystudio/v5/developer/toolchains/gnu_arm/12.2.rel1_2023.7/bin/../lib/gcc/arm-none-eabi/12.2.1/thumb/v7-m/nofp\libc_nano.a(libc_a-stdio.o) (_read_r)
[...]
Memory Configuration

Name             Origin             Length             Attributes
FLASH            0x00000000         0x00100000         xr
RAM              0x20000000         0x00020000         xrw
*default*        0x00000000         0xffffffff

Linker script and memory map

LOAD c:/siliconlabs/simplicitystudio/v5/developer/toolchains/gnu_arm/12.2.rel1_2023.7/bin/../lib/gcc/arm-none-eabi/12.2.1/thumb/v7-m/nofp/crti.o
LOAD c:/siliconlabs/simplicitystudio/v5/developer/toolchains/gnu_arm/12.2.rel1_2023.7/bin/../lib/gcc/arm-none-eabi/12.2.1/thumb/v7-m/nofp/crtbegin.o
LOAD c:/siliconlabs/simplicitystudio/v5/developer/toolchains/gnu_arm/12.2.rel1_2023.7/bin/../lib/gcc/arm-none-eabi/12.2.1/thumb/v7-m/nofp/crt0.o
START GROUP
LOAD ./app.o
LOAD ./dma.o
LOAD ./main.o
LOAD ./autogen/sl_board_default_init.o
LOAD ./autogen/sl_device_init_clocks.o
LOAD ./autogen/sl_event_handler.o
LOAD ./autogen/sl_uartdrv_init.o
LOAD ./gecko_sdk_4.4.4/hardware/board/src/sl_board_control_gpio.o
LOAD ./gecko_sdk_4.4.4/hardware/board/src/sl_board_init.o
LOAD ./gecko_sdk_4.4.4/platform/Device/SiliconLabs/EFM32GG/Source/startup_efm32gg.o
LOAD ./gecko_sdk_4.4.4/platform/Device/SiliconLabs/EFM32GG/Source/system_efm32gg.o
LOAD ./gecko_sdk_4.4.4/platform/common/src/sl_assert.o
LOAD ./gecko_sdk_4.4.4/platform/common/src/sl_syscalls.o
LOAD ./gecko_sdk_4.4.4/platform/common/toolchain/src/sl_memory.o
LOAD ./gecko_sdk_4.4.4/platform/emdrv/dmadrv/src/dmactrl.o
LOAD ./gecko_sdk_4.4.4/platform/emdrv/dmadrv/src/dmadrv.o
LOAD ./gecko_sdk_4.4.4/platform/emdrv/gpiointerrupt/src/gpiointerrupt.o
LOAD ./gecko_sdk_4.4.4/platform/emdrv/uartdrv/src/uartdrv.o
LOAD ./gecko_sdk_4.4.4/platform/emlib/src/em_cmu.o
LOAD ./gecko_sdk_4.4.4/platform/emlib/src/em_core.o
LOAD ./gecko_sdk_4.4.4/platform/emlib/src/em_dma.o
LOAD ./gecko_sdk_4.4.4/platform/emlib/src/em_emu.o
LOAD ./gecko_sdk_4.4.4/platform/emlib/src/em_gpio.o
LOAD ./gecko_sdk_4.4.4/platform/emlib/src/em_leuart.o
LOAD ./gecko_sdk_4.4.4/platform/emlib/src/em_msc.o
LOAD ./gecko_sdk_4.4.4/platform/emlib/src/em_rtc.o
LOAD ./gecko_sdk_4.4.4/platform/emlib/src/em_system.o
LOAD ./gecko_sdk_4.4.4/platform/emlib/src/em_timer.o
LOAD ./gecko_sdk_4.4.4/platform/emlib/src/em_usart.o
LOAD ./gecko_sdk_4.4.4/platform/service/device_init/src/sl_device_init_emu_s0.o
LOAD ./gecko_sdk_4.4.4/platform/service/device_init/src/sl_device_init_hfxo_s0.o
LOAD ./gecko_sdk_4.4.4/platform/service/device_init/src/sl_device_init_lfxo_s0.o
LOAD ./gecko_sdk_4.4.4/platform/service/device_init/src/sl_device_init_nvic.o
LOAD ./gecko_sdk_4.4.4/platform/service/sleeptimer/src/sl_sleeptimer.o
LOAD ./gecko_sdk_4.4.4/platform/service/sleeptimer/src/sl_sleeptimer_hal_rtc.o
LOAD ./gecko_sdk_4.4.4/platform/service/system/src/sl_system_init.o
LOAD ./gecko_sdk_4.4.4/platform/service/system/src/sl_system_process_action.o
LOAD c:/siliconlabs/simplicitystudio/v5/developer/toolchains/gnu_arm/12.2.rel1_2023.7/bin/../lib/gcc/arm-none-eabi/12.2.1/thumb/v7-m/nofp\libgcc.a
LOAD c:/siliconlabs/simplicitystudio/v5/developer/toolchains/gnu_arm/12.2.rel1_2023.7/bin/../lib/gcc/arm-none-eabi/12.2.1/thumb/v7-m/nofp\libc_nano.a
LOAD c:/siliconlabs/simplicitystudio/v5/developer/toolchains/gnu_arm/12.2.rel1_2023.7/bin/../lib/gcc/arm-none-eabi/12.2.1/thumb/v7-m/nofp\libm.a
LOAD c:/siliconlabs/simplicitystudio/v5/developer/toolchains/gnu_arm/12.2.rel1_2023.7/bin/../lib/gcc/arm-none-eabi/12.2.1/thumb/v7-m/nofp\libnosys.a
END GROUP
START GROUP
LOAD c:/siliconlabs/simplicitystudio/v5/developer/toolchains/gnu_arm/12.2.rel1_2023.7/bin/../lib/gcc/arm-none-eabi/12.2.1/thumb/v7-m/nofp\libgcc.a
LOAD c:/siliconlabs/simplicitystudio/v5/developer/toolchains/gnu_arm/12.2.rel1_2023.7/bin/../lib/gcc/arm-none-eabi/12.2.1/thumb/v7-m/nofp\libc_nano.a
LOAD c:/siliconlabs/simplicitystudio/v5/developer/toolchains/gnu_arm/12.2.rel1_2023.7/bin/../lib/gcc/arm-none-eabi/12.2.1/thumb/v7-m/nofp\libnosys.a
END GROUP
START GROUP
LOAD c:/siliconlabs/simplicitystudio/v5/developer/toolchains/gnu_arm/12.2.rel1_2023.7/bin/../lib/gcc/arm-none-eabi/12.2.1/thumb/v7-m/nofp\libgcc.a
LOAD c:/siliconlabs/simplicitystudio/v5/developer/toolchains/gnu_arm/12.2.rel1_2023.7/bin/../lib/gcc/arm-none-eabi/12.2.1/thumb/v7-m/nofp\libg_nano.a
LOAD c:/siliconlabs/simplicitystudio/v5/developer/toolchains/gnu_arm/12.2.rel1_2023.7/bin/../lib/gcc/arm-none-eabi/12.2.1/thumb/v7-m/nofp\libc_nano.a
END GROUP
START GROUP
LOAD c:/siliconlabs/simplicitystudio/v5/developer/toolchains/gnu_arm/12.2.rel1_2023.7/bin/../lib/gcc/arm-none-eabi/12.2.1/thumb/v7-m/nofp\libgcc.a
LOAD c:/siliconlabs/simplicitystudio/v5/developer/toolchains/gnu_arm/12.2.rel1_2023.7/bin/../lib/gcc/arm-none-eabi/12.2.1/thumb/v7-m/nofp\libc_nano.a
END GROUP
LOAD c:/siliconlabs/simplicitystudio/v5/developer/toolchains/gnu_arm/12.2.rel1_2023.7/bin/../lib/gcc/arm-none-eabi/12.2.1/thumb/v7-m/nofp/crtend.o
LOAD c:/siliconlabs/simplicitystudio/v5/developer/toolchains/gnu_arm/12.2.rel1_2023.7/bin/../lib/gcc/arm-none-eabi/12.2.1/thumb/v7-m/nofp/crtn.o

.text           0x00000000     0x2f94
                0x00000000                linker_vectors_begin = .
 *(.vectors)
 .vectors       0x00000000       0xdc ./gecko_sdk_4.4.4/platform/Device/SiliconLabs/EFM32GG/Source/startup_efm32gg.o
                0x00000000                __Vectors
                0x000000dc                linker_vectors_end = .
                0x000000dc                __Vectors_End = .
                0x000000dc                __Vectors_Size = (__Vectors_End - __Vectors)
                0x000000dc                linker_code_begin = .
 *(SORT_BY_ALIGNMENT(.text*))
 .text.deregister_tm_clones
                0x000000dc       0x1c c:/siliconlabs/simplicitystudio/v5/developer/toolchains/gnu_arm/12.2.rel1_2023.7/bin/../lib/gcc/arm-none-eabi/12.2.1/thumb/v7-m/nofp/crtbegin.o
 .text.register_tm_clones
                0x000000f8       0x24 c:/siliconlabs/simplicitystudio/v5/developer/toolchains/gnu_arm/12.2.rel1_2023.7/bin/../lib/gcc/arm-none-eabi/12.2.1/thumb/v7-m/nofp/crtbegin.o
 .text.__do_global_dtors_aux
                0x0000011c       0x28 c:/siliconlabs/simplicitystudio/v5/developer/toolchains/gnu_arm/12.2.rel1_2023.7/bin/../lib/gcc/arm-none-eabi/12.2.1/thumb/v7-m/nofp/crtbegin.o
 .text.frame_dummy
                0x00000144       0x24 c:/siliconlabs/simplicitystudio/v5/developer/toolchains/gnu_arm/12.2.rel1_2023.7/bin/../lib/gcc/arm-none-eabi/12.2.1/thumb/v7-m/nofp/crtbegin.o
 .text          0x00000168       0x7c c:/siliconlabs/simplicitystudio/v5/developer/toolchains/gnu_arm/12.2.rel1_2023.7/bin/../lib/gcc/arm-none-eabi/12.2.1/thumb/v7-m/nofp/crt0.o
                0x00000168                _stack_init
                0x00000170                _start
                0x00000170                _mainCRTStartup
 .text.UART0_RX_IRQHandler
                0x000001e4       0x24 ./app.o
                0x000001e4                UART0_RX_IRQHandler
 .text.app_init
                0x00000208       0xa0 ./app.o
                0x00000208                app_init
 .text.app_process_action
                0x000002a8       0x24 ./app.o
                0x000002a8                app_process_action
 .text.sl_device_init_clocks
                0x000002cc       0x50 ./autogen/sl_device_init_clocks.o
                0x000002cc                sl_device_init_clocks
 .text.sl_platform_init
                0x0000031c       0x68 ./autogen/sl_event_handler.o
                0x0000031c                sl_platform_init
 .text.sl_uartdrv_set_default
                0x00000384       0x14 ./autogen/sl_uartdrv_init.o
                0x00000384                sl_uartdrv_set_default
 .text.sl_uartdrv_init_instances
                0x00000398       0x20 ./autogen/sl_uartdrv_init.o
                0x00000398                sl_uartdrv_init_instances
 .text.sl_board_init
                0x000003b8       0x18 ./gecko_sdk_4.4.4/hardware/board/src/sl_board_init.o
                0x000003b8                sl_board_init
 .text.sl_board_preinit
                0x000003d0        0xc ./gecko_sdk_4.4.4/hardware/board/src/sl_board_init.o
                0x000003d0                sl_board_preinit
 .text.Reset_Handler
                0x000003dc       0x60 ./gecko_sdk_4.4.4/platform/Device/SiliconLabs/EFM32GG/Source/startup_efm32gg.o
                0x000003dc                Reset_Handler
 .text.SystemMaxCoreClockGet
                0x0000043c        0x8 ./gecko_sdk_4.4.4/platform/Device/SiliconLabs/EFM32GG/Source/system_efm32gg.o
                0x0000043c                SystemMaxCoreClockGet
 .text.SystemHFClockGet
                0x00000444       0xc8 ./gecko_sdk_4.4.4/platform/Device/SiliconLabs/EFM32GG/Source/system_efm32gg.o
                0x00000444                SystemHFClockGet
 .text.SystemCoreClockGet
                0x0000050c       0x20 ./gecko_sdk_4.4.4/platform/Device/SiliconLabs/EFM32GG/Source/system_efm32gg.o
                0x0000050c                SystemCoreClockGet
 .text.SystemHFXOClockGet
                0x0000052c        0xc ./gecko_sdk_4.4.4/platform/Device/SiliconLabs/EFM32GG/Source/system_efm32gg.o
                0x0000052c                SystemHFXOClockGet
 .text.SystemHFXOClockSet
                0x00000538       0x1c ./gecko_sdk_4.4.4/platform/Device/SiliconLabs/EFM32GG/Source/system_efm32gg.o
                0x00000538                SystemHFXOClockSet
 .text.SystemInit
                0x00000554       0x10 ./gecko_sdk_4.4.4/platform/Device/SiliconLabs/EFM32GG/Source/system_efm32gg.o
                0x00000554                SystemInit
 .text.SystemLFXOClockGet
                0x00000564        0xc ./gecko_sdk_4.4.4/platform/Device/SiliconLabs/EFM32GG/Source/system_efm32gg.o
                0x00000564                SystemLFXOClockGet
 .text.DMADRV_AllocateChannel
                0x00000570       0x60 ./gecko_sdk_4.4.4/platform/emdrv/dmadrv/src/dmadrv.o
                0x00000570                DMADRV_AllocateChannel
 .text.DMADRV_Init
                0x000005d0       0x60 ./gecko_sdk_4.4.4/platform/emdrv/dmadrv/src/dmadrv.o
                0x000005d0                DMADRV_Init
 .text.DMADRV_PauseTransfer
                0x00000630       0x44 ./gecko_sdk_4.4.4/platform/emdrv/dmadrv/src/dmadrv.o
                0x00000630                DMADRV_PauseTransfer
 .text.DMADRV_ResumeTransfer
                0x00000674       0x44 ./gecko_sdk_4.4.4/platform/emdrv/dmadrv/src/dmadrv.o
                0x00000674                DMADRV_ResumeTransfer
 .text.DMADRV_TransferActive
                0x000006b8       0x48 ./gecko_sdk_4.4.4/platform/emdrv/dmadrv/src/dmadrv.o
                0x000006b8                DMADRV_TransferActive
 .text.GPIOINT_IRQDispatcher
                0x00000700       0x38 ./gecko_sdk_4.4.4/platform/emdrv/gpiointerrupt/src/gpiointerrupt.o
 .text.GPIOINT_Init
                0x00000738       0x30 ./gecko_sdk_4.4.4/platform/emdrv/gpiointerrupt/src/gpiointerrupt.o
                0x00000738                GPIOINT_Init
 .text.GPIOINT_CallbackRegister
                0x00000768       0x24 ./gecko_sdk_4.4.4/platform/emdrv/gpiointerrupt/src/gpiointerrupt.o
                0x00000768                GPIOINT_CallbackRegister
 .text.GPIO_EVEN_IRQHandler
                0x0000078c       0x24 ./gecko_sdk_4.4.4/platform/emdrv/gpiointerrupt/src/gpiointerrupt.o
                0x0000078c                GPIO_EVEN_IRQHandler
 .text.GPIO_ODD_IRQHandler
                0x000007b0       0x24 ./gecko_sdk_4.4.4/platform/emdrv/gpiointerrupt/src/gpiointerrupt.o
                0x000007b0                GPIO_ODD_IRQHandler
 .text.CheckParams
                0x000007d4       0x24 ./gecko_sdk_4.4.4/platform/emdrv/uartdrv/src/uartdrv.o
 .text.addHandle
                0x000007f8       0x50 ./gecko_sdk_4.4.4/platform/emdrv/uartdrv/src/uartdrv.o
 .text.GPIO_PinOutClear
                0x00000848       0x3c ./gecko_sdk_4.4.4/platform/emdrv/uartdrv/src/uartdrv.o
 .text.GPIO_PinOutSet
                0x00000884       0x3c ./gecko_sdk_4.4.4/platform/emdrv/uartdrv/src/uartdrv.o
 .text.InitializeDma
                0x000008c0       0x2c ./gecko_sdk_4.4.4/platform/emdrv/uartdrv/src/uartdrv.o
 .text.HwFcGetClearToSendPin
                0x000008ec       0x50 ./gecko_sdk_4.4.4/platform/emdrv/uartdrv/src/uartdrv.o
 .text.HwFcManageClearToSend
                0x0000093c       0x80 ./gecko_sdk_4.4.4/platform/emdrv/uartdrv/src/uartdrv.o
 .text.UARTDRV_ForceTransmit
                0x000009bc       0xec ./gecko_sdk_4.4.4/platform/emdrv/uartdrv/src/uartdrv.o
                0x000009bc                UARTDRV_ForceTransmit
 .text.UARTDRV_PauseTransmit
                0x00000aa8       0x30 ./gecko_sdk_4.4.4/platform/emdrv/uartdrv/src/uartdrv.o
                0x00000aa8                UARTDRV_PauseTransmit
 .text.UARTDRV_ResumeTransmit
                0x00000ad8       0x40 ./gecko_sdk_4.4.4/platform/emdrv/uartdrv/src/uartdrv.o
                0x00000ad8                UARTDRV_ResumeTransmit
 .text.UARTDRV_InitUart
                0x00000b18      0x324 ./gecko_sdk_4.4.4/platform/emdrv/uartdrv/src/uartdrv.o
                0x00000b18                UARTDRV_InitUart
 .text.CMU_DivToLog2
                0x00000e3c       0x2c ./gecko_sdk_4.4.4/platform/emlib/src/em_cmu.o
 .text.auxClkGet
                0x00000e68       0x90 ./gecko_sdk_4.4.4/platform/emlib/src/em_cmu.o
 .text.syncReg  0x00000ef8       0x14 ./gecko_sdk_4.4.4/platform/emlib/src/em_cmu.o
 .text.maxFreqHfle
                0x00000f0c       0x64 ./gecko_sdk_4.4.4/platform/emlib/src/em_cmu.o
 .text.setHfLeConfig
                0x00000f70       0x40 ./gecko_sdk_4.4.4/platform/emlib/src/em_cmu.o
 .text.flashWaitStateControl.constprop.0
                0x00000fb0       0x64 ./gecko_sdk_4.4.4/platform/emlib/src/em_cmu.o
 .text.flashWaitStateMax
                0x00001014       0x24 ./gecko_sdk_4.4.4/platform/emlib/src/em_cmu.o
 .text.CMU_UpdateWaitStates
                0x00001038       0x20 ./gecko_sdk_4.4.4/platform/emlib/src/em_cmu.o
                0x00001038                CMU_UpdateWaitStates
 .text.CMU_ClockDivGet
                0x00001058       0xe0 ./gecko_sdk_4.4.4/platform/emlib/src/em_cmu.o
                0x00001058                CMU_ClockDivGet
 .text.CMU_ClockDivSet
                0x00001138      0x238 ./gecko_sdk_4.4.4/platform/emlib/src/em_cmu.o
                0x00001138                CMU_ClockDivSet
 .text.CMU_ClockEnable
                0x00001370       0x98 ./gecko_sdk_4.4.4/platform/emlib/src/em_cmu.o
                0x00001370                CMU_ClockEnable
 .text.CMU_ClockSelectGet
                0x00001408       0xc8 ./gecko_sdk_4.4.4/platform/emlib/src/em_cmu.o
                0x00001408                CMU_ClockSelectGet
 .text.lfClkGet
                0x000014d0       0xc4 ./gecko_sdk_4.4.4/platform/emlib/src/em_cmu.o
 .text.CMU_ClockFreqGet
                0x00001594      0x194 ./gecko_sdk_4.4.4/platform/emlib/src/em_cmu.o
                0x00001594                CMU_ClockFreqGet
 .text.CMU_HFXOInit
                0x00001728       0x4c ./gecko_sdk_4.4.4/platform/emlib/src/em_cmu.o
                0x00001728                CMU_HFXOInit
 .text.CMU_LFXOInit
                0x00001774       0x70 ./gecko_sdk_4.4.4/platform/emlib/src/em_cmu.o
                0x00001774                CMU_LFXOInit
 .text.CMU_LFXOPrecisionSet
                0x000017e4        0xc ./gecko_sdk_4.4.4/platform/emlib/src/em_cmu.o
                0x000017e4                CMU_LFXOPrecisionSet
 .text.CMU_HFXOPrecisionSet
                0x000017f0        0xc ./gecko_sdk_4.4.4/platform/emlib/src/em_cmu.o
                0x000017f0                CMU_HFXOPrecisionSet
 .text.CMU_OscillatorEnable
                0x000017fc       0x58 ./gecko_sdk_4.4.4/platform/emlib/src/em_cmu.o
                0x000017fc                CMU_OscillatorEnable
 .text.sli_em_cmu_HFClockSelectHFXO
                0x00001854       0x5c ./gecko_sdk_4.4.4/platform/emlib/src/em_cmu.o
                0x00001854                sli_em_cmu_HFClockSelectHFXO
 .text.__NVIC_GetPriority
                0x000018b0       0x24 ./gecko_sdk_4.4.4/platform/emlib/src/em_core.o
 .text.CORE_NvicIRQDisabled
                0x000018d4       0x34 ./gecko_sdk_4.4.4/platform/emlib/src/em_core.o
                0x000018d4                CORE_NvicIRQDisabled
 .text.CORE_IrqIsBlocked
                0x00001908       0x6c ./gecko_sdk_4.4.4/platform/emlib/src/em_core.o
                0x00001908                CORE_IrqIsBlocked
 .text.BUS_RegBitWrite
                0x00001974       0x2c ./gecko_sdk_4.4.4/platform/emlib/src/em_dma.o
 .text.DMA_IRQHandler
                0x000019a0       0x88 ./gecko_sdk_4.4.4/platform/emlib/src/em_dma.o
                0x000019a0                DMA_IRQHandler
 .text.DMA_ChannelEnabled
                0x00001a28       0x28 ./gecko_sdk_4.4.4/platform/emlib/src/em_dma.o
                0x00001a28                DMA_ChannelEnabled
 .text.DMA_ChannelRequestEnable
                0x00001a50       0x34 ./gecko_sdk_4.4.4/platform/emlib/src/em_dma.o
                0x00001a50                DMA_ChannelRequestEnable
 .text.DMA_Reset
                0x00001a84       0x50 ./gecko_sdk_4.4.4/platform/emlib/src/em_dma.o
                0x00001a84                DMA_Reset
 .text.DMA_Init
                0x00001ad4       0x64 ./gecko_sdk_4.4.4/platform/emlib/src/em_dma.o
                0x00001ad4                DMA_Init
 .text.EMU_EM4Init
                0x00001b38       0x30 ./gecko_sdk_4.4.4/platform/emlib/src/em_emu.o
                0x00001b38                EMU_EM4Init
 .text.GPIO_PinOutSet
                0x00001b68       0x3c ./gecko_sdk_4.4.4/platform/emlib/src/em_gpio.o
 .text.GPIO_PinOutClear
                0x00001ba4       0x3c ./gecko_sdk_4.4.4/platform/emlib/src/em_gpio.o
 .text.GPIO_ExtIntConfig
                0x00001be0       0xc8 ./gecko_sdk_4.4.4/platform/emlib/src/em_gpio.o
                0x00001be0                GPIO_ExtIntConfig
 .text.GPIO_PinModeSet
                0x00001ca8       0x90 ./gecko_sdk_4.4.4/platform/emlib/src/em_gpio.o
                0x00001ca8                GPIO_PinModeSet
 .text.RTC_CompareSet
                0x00001d38       0x4c ./gecko_sdk_4.4.4/platform/emlib/src/em_rtc.o
                0x00001d38                RTC_CompareSet
 .text.RTC_Init
                0x00001d84       0x1c ./gecko_sdk_4.4.4/platform/emlib/src/em_rtc.o
                0x00001d84                RTC_Init
 .text.SYSTEM_ChipRevisionGet
                0x00001da0       0x50 ./gecko_sdk_4.4.4/platform/emlib/src/em_system.o
                0x00001da0                SYSTEM_ChipRevisionGet
 .text.SYSTEM_GetProdRev
                0x00001df0       0x10 ./gecko_sdk_4.4.4/platform/emlib/src/em_system.o
                0x00001df0                SYSTEM_GetProdRev
 .text.SYSTEM_GetFamily
                0x00001e00       0x10 ./gecko_sdk_4.4.4/platform/emlib/src/em_system.o
                0x00001e00                SYSTEM_GetFamily
 .text.USART_BaudrateAsyncSet
                0x00001e10       0xe4 ./gecko_sdk_4.4.4/platform/emlib/src/em_usart.o
                0x00001e10                USART_BaudrateAsyncSet
 .text.USART_Enable
                0x00001ef4       0x4c ./gecko_sdk_4.4.4/platform/emlib/src/em_usart.o
                0x00001ef4                USART_Enable
 .text.USART_Reset
                0x00001f40       0x80 ./gecko_sdk_4.4.4/platform/emlib/src/em_usart.o
                0x00001f40                USART_Reset
 .text.USART_InitAsync
                0x00001fc0       0x94 ./gecko_sdk_4.4.4/platform/emlib/src/em_usart.o
                0x00001fc0                USART_InitAsync
 .text.sl_device_init_emu
                0x00002054       0x20 ./gecko_sdk_4.4.4/platform/service/device_init/src/sl_device_init_emu_s0.o
                0x00002054                sl_device_init_emu
 .text.sl_device_init_hfxo
                0x00002074       0x2c ./gecko_sdk_4.4.4/platform/service/device_init/src/sl_device_init_hfxo_s0.o
                0x00002074                sl_device_init_hfxo
 .text.sl_device_init_nvic
                0x000020a0       0x3c ./gecko_sdk_4.4.4/platform/service/device_init/src/sl_device_init_nvic.o
                0x000020a0                sl_device_init_nvic
 .text.delta_list_insert_timer
                0x000020dc       0x40 ./gecko_sdk_4.4.4/platform/service/sleeptimer/src/sl_sleeptimer.o
 .text.update_delta_list
                0x0000211c       0x34 ./gecko_sdk_4.4.4/platform/service/sleeptimer/src/sl_sleeptimer.o
 .text.set_comparator_for_next_timer
                0x00002150       0x5c ./gecko_sdk_4.4.4/platform/service/sleeptimer/src/sl_sleeptimer.o
 .text.delta_list_remove_timer
                0x000021ac       0x38 ./gecko_sdk_4.4.4/platform/service/sleeptimer/src/sl_sleeptimer.o
 .text.sl_sleeptimer_init
                0x000021e4       0x74 ./gecko_sdk_4.4.4/platform/service/sleeptimer/src/sl_sleeptimer.o
                0x000021e4                sl_sleeptimer_init
 .text.process_timer_irq
                0x00002258      0x150 ./gecko_sdk_4.4.4/platform/service/sleeptimer/src/sl_sleeptimer.o
                0x00002258                process_timer_irq
 .text.sleeptimer_hal_init_timer
                0x000023a8       0x64 ./gecko_sdk_4.4.4/platform/service/sleeptimer/src/sl_sleeptimer_hal_rtc.o
                0x000023a8                sleeptimer_hal_init_timer
 .text.sleeptimer_hal_get_counter
                0x0000240c       0x24 ./gecko_sdk_4.4.4/platform/service/sleeptimer/src/sl_sleeptimer_hal_rtc.o
                0x0000240c                sleeptimer_hal_get_counter
 .text.sleeptimer_hal_enable_int
                0x00002430       0x30 ./gecko_sdk_4.4.4/platform/service/sleeptimer/src/sl_sleeptimer_hal_rtc.o
                0x00002430                sleeptimer_hal_enable_int
 .text.sleeptimer_hal_disable_int
                0x00002460       0x2c ./gecko_sdk_4.4.4/platform/service/sleeptimer/src/sl_sleeptimer_hal_rtc.o
                0x00002460                sleeptimer_hal_disable_int
 .text.sleeptimer_hal_set_compare
                0x0000248c       0x6c ./gecko_sdk_4.4.4/platform/service/sleeptimer/src/sl_sleeptimer_hal_rtc.o
                0x0000248c                sleeptimer_hal_set_compare
 .text.sleeptimer_hal_set_int
                0x000024f8       0x10 ./gecko_sdk_4.4.4/platform/service/sleeptimer/src/sl_sleeptimer_hal_rtc.o
                0x000024f8                sleeptimer_hal_set_int
 .text.sleeptimer_hal_get_timer_frequency
                0x00002508        0xc ./gecko_sdk_4.4.4/platform/service/sleeptimer/src/sl_sleeptimer_hal_rtc.o
                0x00002508                sleeptimer_hal_get_timer_frequency
 .text.RTC_IRQHandler
                0x00002514       0x84 ./gecko_sdk_4.4.4/platform/service/sleeptimer/src/sl_sleeptimer_hal_rtc.o
                0x00002514                RTC_IRQHandler
 .text          0x00002598       0x30 c:/siliconlabs/simplicitystudio/v5/developer/toolchains/gnu_arm/12.2.rel1_2023.7/bin/../lib/gcc/arm-none-eabi/12.2.1/thumb/v7-m/nofp\libgcc.a(_aeabi_uldivmod.o)
                0x00002598                __aeabi_uldivmod
 .text.__udivmoddi4
                0x000025c8      0x2c0 c:/siliconlabs/simplicitystudio/v5/developer/toolchains/gnu_arm/12.2.rel1_2023.7/bin/../lib/gcc/arm-none-eabi/12.2.1/thumb/v7-m/nofp\libgcc.a(_udivmoddi4.o)
                0x000025c8                __udivmoddi4
 .text          0x00002888        0x4 c:/siliconlabs/simplicitystudio/v5/developer/toolchains/gnu_arm/12.2.rel1_2023.7/bin/../lib/gcc/arm-none-eabi/12.2.1/thumb/v7-m/nofp\libgcc.a(_dvmd_tls.o)
                0x00002888                __aeabi_idiv0
                0x00002888                __aeabi_ldiv0
 .text.exit     0x0000288c       0x24 c:/siliconlabs/simplicitystudio/v5/developer/toolchains/gnu_arm/12.2.rel1_2023.7/bin/../lib/gcc/arm-none-eabi/12.2.1/thumb/v7-m/nofp\libc_nano.a(libc_a-exit.o)
                0x0000288c                exit
 .text.__libc_init_array
                0x000028b0       0x48 c:/siliconlabs/simplicitystudio/v5/developer/toolchains/gnu_arm/12.2.rel1_2023.7/bin/../lib/gcc/arm-none-eabi/12.2.1/thumb/v7-m/nofp\libc_nano.a(libc_a-init.o)
                0x000028b0                __libc_init_array
 .text.startup.main
                0x000028f8       0x14 ./main.o
                0x000028f8                main
 .text.sl_board_default_init
                0x0000290c        0x2 ./autogen/sl_board_default_init.o
                0x0000290c                sl_board_default_init
 .text.sl_driver_init
                0x0000290e        0xe ./autogen/sl_event_handler.o
                0x0000290e                sl_driver_init
 .text.sl_service_init
                0x0000291c        0xe ./autogen/sl_event_handler.o
                0x0000291c                sl_service_init
 .text.sl_stack_init
                0x0000292a        0x2 ./autogen/sl_event_handler.o
                0x0000292a                sl_stack_init
 .text.sl_internal_app_init
                0x0000292c        0x2 ./autogen/sl_event_handler.o
                0x0000292c                sl_internal_app_init
 .text.sl_platform_process_action
                0x0000292e        0x2 ./autogen/sl_event_handler.o
                0x0000292e                sl_platform_process_action
 .text.sl_service_process_action
                0x00002930        0x2 ./autogen/sl_event_handler.o
                0x00002930                sl_service_process_action
 .text.sl_stack_process_action
                0x00002932        0x2 ./autogen/sl_event_handler.o
                0x00002932                sl_stack_process_action
 .text.sl_internal_app_process_action
                0x00002934        0x2 ./autogen/sl_event_handler.o
                0x00002934                sl_internal_app_process_action
 .text.sl_board_configure_vcom
                0x00002936        0x4 ./gecko_sdk_4.4.4/hardware/board/src/sl_board_control_gpio.o
                0x00002936                sl_board_configure_vcom
 .text.Default_Handler
                0x0000293a        0x2 ./gecko_sdk_4.4.4/platform/Device/SiliconLabs/EFM32GG/Source/startup_efm32gg.o
                0x0000293a                TIMER2_IRQHandler
                0x0000293a                DebugMon_Handler
                0x0000293a                USART0_TX_IRQHandler
                0x0000293a                I2C0_IRQHandler
                0x0000293a                HardFault_Handler
                0x0000293a                LEUART1_IRQHandler
                0x0000293a                SysTick_Handler
                0x0000293a                USART1_RX_IRQHandler
                0x0000293a                PendSV_Handler
                0x0000293a                NMI_Handler
                0x0000293a                I2C1_IRQHandler
                0x0000293a                TIMER3_IRQHandler
                0x0000293a                USART1_TX_IRQHandler
                0x0000293a                MSC_IRQHandler
                0x0000293a                ADC0_IRQHandler
                0x0000293a                UsageFault_Handler
                0x0000293a                LEUART0_IRQHandler
                0x0000293a                UART0_TX_IRQHandler
                0x0000293a                UART1_TX_IRQHandler
                0x0000293a                TIMER0_IRQHandler
                0x0000293a                LCD_IRQHandler
                0x0000293a                PCNT2_IRQHandler
                0x0000293a                LETIMER0_IRQHandler
                0x0000293a                TIMER1_IRQHandler
                0x0000293a                USART2_RX_IRQHandler
                0x0000293a                Default_Handler
                0x0000293a                EMU_IRQHandler
                0x0000293a                PCNT0_IRQHandler
                0x0000293a                sl_app_properties
                0x0000293a                USB_IRQHandler
                0x0000293a                BURTC_IRQHandler
                0x0000293a                PCNT1_IRQHandler
                0x0000293a                ACMP0_IRQHandler
                0x0000293a                USART0_RX_IRQHandler
                0x0000293a                MemManage_Handler
                0x0000293a                SVC_Handler
                0x0000293a                DAC0_IRQHandler
                0x0000293a                UART1_RX_IRQHandler
                0x0000293a                CMU_IRQHandler
                0x0000293a                EBI_IRQHandler
                0x0000293a                LESENSE_IRQHandler
                0x0000293a                AES_IRQHandler
                0x0000293a                VCMP_IRQHandler
                0x0000293a                BusFault_Handler
                0x0000293a                USART2_TX_IRQHandler
 .text.SystemLFRCOClockGet
                0x0000293c        0x6 ./gecko_sdk_4.4.4/platform/Device/SiliconLabs/EFM32GG/Source/system_efm32gg.o
                0x0000293c                SystemLFRCOClockGet
 .text.SystemULFRCOClockGet
                0x00002942        0x6 ./gecko_sdk_4.4.4/platform/Device/SiliconLabs/EFM32GG/Source/system_efm32gg.o
                0x00002942                SystemULFRCOClockGet
 .text.assertEFM
                0x00002948        0x2 ./gecko_sdk_4.4.4/platform/common/src/sl_assert.o
                0x00002948                assertEFM
 .text._exit    0x0000294a        0x2 ./gecko_sdk_4.4.4/platform/common/src/sl_syscalls.o
                0x0000294a                _exit
 .text.ConfigGpio
                0x0000294c       0xde ./gecko_sdk_4.4.4/platform/emdrv/uartdrv/src/uartdrv.o
 .text.EnableTransmitter
                0x00002a2a       0x34 ./gecko_sdk_4.4.4/platform/emdrv/uartdrv/src/uartdrv.o
 .text.FcApplyState
                0x00002a5e       0x5c ./gecko_sdk_4.4.4/platform/emdrv/uartdrv/src/uartdrv.o
 .text.CORE_EnterCritical
                0x00002aba        0x8 ./gecko_sdk_4.4.4/platform/emlib/src/em_core.o
                0x00002aba                CORE_EnterCritical
 .text.CORE_ExitCritical
                0x00002ac2        0x6 ./gecko_sdk_4.4.4/platform/emlib/src/em_core.o
                0x00002ac2                CORE_ExitCritical
 .text.CORE_EnterAtomic
                0x00002ac8        0xc ./gecko_sdk_4.4.4/platform/emlib/src/em_core.o
                0x00002ac8                CORE_EnterAtomic
 .text.CORE_ExitAtomic
                0x00002ad4        0x6 ./gecko_sdk_4.4.4/platform/emlib/src/em_core.o
                0x00002ad4                CORE_ExitAtomic
 .text.BUS_RegMaskedWrite
                0x00002ada       0x1e ./gecko_sdk_4.4.4/platform/emlib/src/em_gpio.o
 .text.LEUART_Sync
                0x00002af8        0xe ./gecko_sdk_4.4.4/platform/emlib/src/em_leuart.o
 .text.LEUART_Tx
                0x00002b06       0x14 ./gecko_sdk_4.4.4/platform/emlib/src/em_leuart.o
                0x00002b06                LEUART_Tx
 .text.USART_Tx
                0x00002b1a        0xa ./gecko_sdk_4.4.4/platform/emlib/src/em_usart.o
                0x00002b1a                USART_Tx
 .text.sl_device_init_lfxo
                0x00002b24       0x22 ./gecko_sdk_4.4.4/platform/service/device_init/src/sl_device_init_lfxo_s0.o
                0x00002b24                sl_device_init_lfxo
 .text.sl_system_init
                0x00002b46       0x1a ./gecko_sdk_4.4.4/platform/service/system/src/sl_system_init.o
                0x00002b46                sl_system_init
 .text.sl_system_process_action
                0x00002b60       0x16 ./gecko_sdk_4.4.4/platform/service/system/src/sl_system_process_action.o
                0x00002b60                sl_system_process_action
 .text.memset   0x00002b76       0x10 c:/siliconlabs/simplicitystudio/v5/developer/toolchains/gnu_arm/12.2.rel1_2023.7/bin/../lib/gcc/arm-none-eabi/12.2.1/thumb/v7-m/nofp\libc_nano.a(libc_a-memset.o)
                0x00002b76                memset
                0x00002ba0                . = ALIGN (0x20)
 *fill*         0x00002b86       0x1a 
                0x00002ba0                linker_code_end = .
 *(.init)
 .init          0x00002ba0        0x4 c:/siliconlabs/simplicitystudio/v5/developer/toolchains/gnu_arm/12.2.rel1_2023.7/bin/../lib/gcc/arm-none-eabi/12.2.1/thumb/v7-m/nofp/crti.o
                0x00002ba0                _init
 .init          0x00002ba4        0x8 c:/siliconlabs/simplicitystudio/v5/developer/toolchains/gnu_arm/12.2.rel1_2023.7/bin/../lib/gcc/arm-none-eabi/12.2.1/thumb/v7-m/nofp/crtn.o
 *(.fini)
 .fini          0x00002bac        0x4 c:/siliconlabs/simplicitystudio/v5/developer/toolchains/gnu_arm/12.2.rel1_2023.7/bin/../lib/gcc/arm-none-eabi/12.2.1/thumb/v7-m/nofp/crti.o
                0x00002bac                _fini
 .fini          0x00002bb0        0x8 c:/siliconlabs/simplicitystudio/v5/developer/toolchains/gnu_arm/12.2.rel1_2023.7/bin/../lib/gcc/arm-none-eabi/12.2.1/thumb/v7-m/nofp/crtn.o
 *crtbegin.o(.ctors)
 *crtbegin?.o(.ctors)
 *(EXCLUDE_FILE(*crtend.o *crtend?.o) .ctors)
 *(SORT_BY_NAME(.ctors.*))
 *(.ctors)
 *crtbegin.o(.dtors)
 *crtbegin?.o(.dtors)
 *(EXCLUDE_FILE(*crtend.o *crtend?.o) .dtors)
 *(SORT_BY_NAME(.dtors.*))
 *(.dtors)
                0x00002bb8                __code_classification_validator_start__ = .
                0x00002bd8                . = (. + 0x20)
 *fill*         0x00002bb8       0x20 
 *(code_classification_validator)
                0x00002be0                . = ALIGN (0x20)
 *fill*         0x00002bd8        0x8 
                0x00002be0                __code_classification_validator_end__ = .
 *(.rodata*)
 .rodata        0x00002be0       0x18 ./app.o
 .rodata.GPIO_PinOutClear.str1.1
                0x00002bf8       0x6d ./gecko_sdk_4.4.4/platform/emdrv/uartdrv/src/uartdrv.o
 .rodata.em1RequestRemove.str1.1
                0x00002c65       0x38 ./gecko_sdk_4.4.4/platform/emdrv/uartdrv/src/uartdrv.o
 *fill*         0x00002c9d        0x1 
 .rodata.CSWTCH.220
                0x00002c9e        0xc ./gecko_sdk_4.4.4/platform/emdrv/uartdrv/src/uartdrv.o
 .rodata.CSWTCH.208
                0x00002caa        0x3 ./gecko_sdk_4.4.4/platform/emdrv/uartdrv/src/uartdrv.o
 .rodata.CSWTCH.207
                0x00002cad        0x3 ./gecko_sdk_4.4.4/platform/emdrv/uartdrv/src/uartdrv.o
 .rodata.CSWTCH.206
                0x00002cb0        0x3 ./gecko_sdk_4.4.4/platform/emdrv/uartdrv/src/uartdrv.o
 .rodata.CSWTCH.205
                0x00002cb3        0x3 ./gecko_sdk_4.4.4/platform/emdrv/uartdrv/src/uartdrv.o
 .rodata.CSWTCH.204
                0x00002cb6        0x3 ./gecko_sdk_4.4.4/platform/emdrv/uartdrv/src/uartdrv.o
 .rodata.CSWTCH.203
                0x00002cb9        0x3 ./gecko_sdk_4.4.4/platform/emdrv/uartdrv/src/uartdrv.o
 .rodata.CSWTCH.202
                0x00002cbc        0x5 ./gecko_sdk_4.4.4/platform/emdrv/uartdrv/src/uartdrv.o
 .rodata.CSWTCH.201
                0x00002cc1        0x5 ./gecko_sdk_4.4.4/platform/emdrv/uartdrv/src/uartdrv.o
 .rodata.CSWTCH.200
                0x00002cc6        0x5 ./gecko_sdk_4.4.4/platform/emdrv/uartdrv/src/uartdrv.o
 *fill*         0x00002ccb        0x1 
 .rodata        0x00002ccc       0x28 ./gecko_sdk_4.4.4/platform/emdrv/uartdrv/src/uartdrv.o
 .rodata.CMU_DivToLog2.str1.1
                0x00002cf4       0x6c ./gecko_sdk_4.4.4/platform/emlib/src/em_cmu.o
 .rodata.auxClkGet.str1.1
                0x00002d60       0x2f ./gecko_sdk_4.4.4/platform/emlib/src/em_cmu.o
 *fill*         0x00002d8f        0x1 
 .rodata.CSWTCH.62
                0x00002d90        0xa ./gecko_sdk_4.4.4/platform/emlib/src/em_cmu.o
 .rodata.CSWTCH.61
                0x00002d9a        0xa ./gecko_sdk_4.4.4/platform/emlib/src/em_cmu.o
 .rodata.CSWTCH.60
                0x00002da4        0x5 ./gecko_sdk_4.4.4/platform/emlib/src/em_cmu.o
 .rodata.CORE_NvicMaskSetIRQ.str1.1
                0x00002da9       0x30 ./gecko_sdk_4.4.4/platform/emlib/src/em_core.o
 .rodata.BUS_RegBitWrite.str1.1
                0x00002dd9       0x6c ./gecko_sdk_4.4.4/platform/emlib/src/em_dma.o
 .rodata.DMA_IRQHandler.str1.1
                0x00002e45       0x2f ./gecko_sdk_4.4.4/platform/emlib/src/em_dma.o
 .rodata.GPIO_PinOutSet.str1.1
                0x00002e74       0x6d ./gecko_sdk_4.4.4/platform/emlib/src/em_gpio.o
 .rodata.GPIO_DbgLocationSet.str1.1
                0x00002e74       0x30 ./gecko_sdk_4.4.4/platform/emlib/src/em_gpio.o
 .rodata.GPIO_ExtIntConfig.str1.1
                0x00002ea4       0x6c ./gecko_sdk_4.4.4/platform/emlib/src/em_gpio.o
 .rodata.CSWTCH.36
                0x00002ea4        0xc ./gecko_sdk_4.4.4/platform/emlib/src/em_gpio.o
 .rodata.RTC_CompareGet.str1.1
                0x00002eb0       0x2f ./gecko_sdk_4.4.4/platform/emlib/src/em_rtc.o
 .rodata.SYSTEM_ChipRevisionGet.str1.1
                0x00002edf       0x32 ./gecko_sdk_4.4.4/platform/emlib/src/em_system.o
 .rodata.USART_BaudrateAsyncSet.str1.1
                0x00002f11       0x31 ./gecko_sdk_4.4.4/platform/emlib/src/em_usart.o
 .rodata        0x00002f42        0x5 ./gecko_sdk_4.4.4/platform/service/device_init/src/sl_device_init_emu_s0.o
 .rodata        0x00002f47        0x4 ./gecko_sdk_4.4.4/platform/service/device_init/src/sl_device_init_hfxo_s0.o
 .rodata.process_timer_irq.str1.1
                0x00002f4b       0x43 ./gecko_sdk_4.4.4/platform/service/sleeptimer/src/sl_sleeptimer.o
 .rodata        0x00002f8e        0x3 ./gecko_sdk_4.4.4/platform/service/sleeptimer/src/sl_sleeptimer_hal_rtc.o
 *(.eh_frame*)
 *fill*         0x00002f91        0x3 
 .eh_frame      0x00002f94        0x0 c:/siliconlabs/simplicitystudio/v5/developer/toolchains/gnu_arm/12.2.rel1_2023.7/bin/../lib/gcc/arm-none-eabi/12.2.1/thumb/v7-m/nofp/crtbegin.o

.glue_7         0x00002f94        0x0
 .glue_7        0x00002f94        0x0 linker stubs

.glue_7t        0x00002f94        0x0
 .glue_7t       0x00002f94        0x0 linker stubs

.vfp11_veneer   0x00002f94        0x0
 .vfp11_veneer  0x00002f94        0x0 linker stubs

.v4_bx          0x00002f94        0x0
 .v4_bx         0x00002f94        0x0 linker stubs

.iplt           0x00002f94        0x0
 .iplt          0x00002f94        0x0 c:/siliconlabs/simplicitystudio/v5/developer/toolchains/gnu_arm/12.2.rel1_2023.7/bin/../lib/gcc/arm-none-eabi/12.2.1/thumb/v7-m/nofp/crtbegin.o

.ARM.extab
 *(.ARM.extab* .gnu.linkonce.armextab.*)
                0x00002f94                __exidx_start = .

.ARM.exidx      0x00002f94        0x8
 *(.ARM.exidx* .gnu.linkonce.armexidx.*)
 .ARM.exidx     0x00002f94        0x8 c:/siliconlabs/simplicitystudio/v5/developer/toolchains/gnu_arm/12.2.rel1_2023.7/bin/../lib/gcc/arm-none-eabi/12.2.1/thumb/v7-m/nofp/crt0.o
                                 0x10 (size before relaxing)
 .ARM.exidx.text.__udivmoddi4
                0x00002f9c        0x0 c:/siliconlabs/simplicitystudio/v5/developer/toolchains/gnu_arm/12.2.rel1_2023.7/bin/../lib/gcc/arm-none-eabi/12.2.1/thumb/v7-m/nofp\libgcc.a(_udivmoddi4.o)
                                  0x8 (size before relaxing)
                0x00002f9c                __exidx_end = .

.rel.dyn        0x00002f9c        0x0
 .rel.iplt      0x00002f9c        0x0 c:/siliconlabs/simplicitystudio/v5/developer/toolchains/gnu_arm/12.2.rel1_2023.7/bin/../lib/gcc/arm-none-eabi/12.2.1/thumb/v7-m/nofp/crtbegin.o

.copy.table     0x00002f9c        0xc
                0x00002f9c                . = ALIGN (0x4)
                0x00002f9c                __copy_table_start__ = .
                0x00002f9c        0x4 LONG 0x2fa8 __etext
                0x00002fa0        0x4 LONG 0x20001000 __data_start__
                0x00002fa4        0x4 LONG 0x50 ((__data_end__ - __data_start__) / 0x4)
                0x00002fa8                __copy_table_end__ = .

.zero.table     0x00002fa8        0x0
                0x00002fa8                . = ALIGN (0x4)
                0x00002fa8                __zero_table_start__ = .
                0x00002fa8                __zero_table_end__ = .
                0x00002fa8                __etext = .
                0x20000000                . = ORIGIN (RAM)

.stack          0x20000000     0x1000
                0x20000000                __StackLimit = .
 *(.stack*)
 .stack         0x20000000     0x1000 ./gecko_sdk_4.4.4/platform/common/toolchain/src/sl_memory.o
                0x20001000                . = ALIGN (0x4)
                0x20001000                __StackTop = .
                0x20001000                PROVIDE (__stack = __StackTop)

.noinit
 *(.noinit*)

.data           0x20001000      0x140 load address 0x00002fa8
                0x20001000                . = ALIGN (0x4)
                0x20001000                __data_start__ = .
 *(vtable)
 *(SORT_BY_ALIGNMENT(.data*))
 .data.sl_uartdrv_usart_init_vcom
                0x20001000       0x20 ./autogen/sl_uartdrv_init.o
                0x20001000                sl_uartdrv_usart_init_vcom
 .data.sl_uartdrv_usart_vcom_tx_buffer
                0x20001020       0x80 ./autogen/sl_uartdrv_init.o
 .data.sl_uartdrv_usart_vcom_rx_buffer
                0x200010a0       0x80 ./autogen/sl_uartdrv_init.o
 .data.sl_uartdrv_usart_vcom_handle
                0x20001120        0x4 ./autogen/sl_uartdrv_init.o
                0x20001120                sl_uartdrv_usart_vcom_handle
 .data.SystemCoreClock
                0x20001124        0x4 ./gecko_sdk_4.4.4/platform/Device/SiliconLabs/EFM32GG/Source/system_efm32gg.o
                0x20001124                SystemCoreClock
 .data.SystemLFXOClock
                0x20001128        0x4 ./gecko_sdk_4.4.4/platform/Device/SiliconLabs/EFM32GG/Source/system_efm32gg.o
 .data.SystemHFXOClock
                0x2000112c        0x4 ./gecko_sdk_4.4.4/platform/Device/SiliconLabs/EFM32GG/Source/system_efm32gg.o
 .data.hfxo_precision
                0x20001130        0x2 ./gecko_sdk_4.4.4/platform/emlib/src/em_cmu.o
 .data.lfxo_precision
                0x20001132        0x2 ./gecko_sdk_4.4.4/platform/emlib/src/em_cmu.o
 .data.comp_int_disabled
                0x20001134        0x1 ./gecko_sdk_4.4.4/platform/service/sleeptimer/src/sl_sleeptimer_hal_rtc.o
                0x20001138                . = ALIGN (0x4)
 *fill*         0x20001135        0x3 
                [!provide]                PROVIDE (__ram_func_section_start = .)
 *(.ram)
                [!provide]                PROVIDE (__ram_func_section_end = .)
                0x20001138                . = ALIGN (0x4)
                0x20001138                PROVIDE (__preinit_array_start = .)
 *(.preinit_array)
                0x20001138                PROVIDE (__preinit_array_end = .)
                0x20001138                . = ALIGN (0x4)
                0x20001138                PROVIDE (__init_array_start = .)
 *(SORT_BY_NAME(.init_array.*))
 *(.init_array)
 .init_array    0x20001138        0x4 c:/siliconlabs/simplicitystudio/v5/developer/toolchains/gnu_arm/12.2.rel1_2023.7/bin/../lib/gcc/arm-none-eabi/12.2.1/thumb/v7-m/nofp/crtbegin.o
                0x2000113c                PROVIDE (__init_array_end = .)
                0x2000113c                . = ALIGN (0x4)
                [!provide]                PROVIDE (__fini_array_start = .)
 *(SORT_BY_NAME(.fini_array.*))
 *(.fini_array)
 .fini_array    0x2000113c        0x4 c:/siliconlabs/simplicitystudio/v5/developer/toolchains/gnu_arm/12.2.rel1_2023.7/bin/../lib/gcc/arm-none-eabi/12.2.1/thumb/v7-m/nofp/crtbegin.o
                [!provide]                PROVIDE (__fini_array_end = .)
                0x20001140                . = ALIGN (0x4)
                0x20001140                __data_end__ = .

.tm_clone_table
                0x20001140        0x0 load address 0x000030e8
 .tm_clone_table
                0x20001140        0x0 c:/siliconlabs/simplicitystudio/v5/developer/toolchains/gnu_arm/12.2.rel1_2023.7/bin/../lib/gcc/arm-none-eabi/12.2.1/thumb/v7-m/nofp/crtbegin.o
 .tm_clone_table
                0x20001140        0x0 c:/siliconlabs/simplicitystudio/v5/developer/toolchains/gnu_arm/12.2.rel1_2023.7/bin/../lib/gcc/arm-none-eabi/12.2.1/thumb/v7-m/nofp/crtend.o

.igot.plt       0x20001140        0x0 load address 0x000030e8
 .igot.plt      0x20001140        0x0 c:/siliconlabs/simplicitystudio/v5/developer/toolchains/gnu_arm/12.2.rel1_2023.7/bin/../lib/gcc/arm-none-eabi/12.2.1/thumb/v7-m/nofp/crtbegin.o

.bss            0x20001140      0x668 load address 0x000030e8
                0x20001140                . = ALIGN (0x4)
                0x20001140                __bss_start__ = .
 *(SORT_BY_ALIGNMENT(.bss*))
 *fill*         0x20001140       0xc0 
 .bss.dmaControlBlock
                0x20001200      0x200 ./gecko_sdk_4.4.4/platform/emdrv/dmadrv/src/dmactrl.o
                0x20001200                dmaControlBlock
 .bss.object.0  0x20001400       0x18 c:/siliconlabs/simplicitystudio/v5/developer/toolchains/gnu_arm/12.2.rel1_2023.7/bin/../lib/gcc/arm-none-eabi/12.2.1/thumb/v7-m/nofp/crtbegin.o
 .bss.UARTvalue
                0x20001418        0x4 ./app.o
                0x20001418                UARTvalue
 .bss.UARTflag  0x2000141c        0x4 ./app.o
                0x2000141c                UARTflag
 .bss.sli_uartdrv_default_handle
                0x20001420        0x4 ./autogen/sl_uartdrv_init.o
 .bss.sl_uartdrv_usart_vcom_handle_data
                0x20001424       0x60 ./autogen/sl_uartdrv_init.o
                0x20001424                sl_uartdrv_usart_vcom_handle_data
 .bss.chTable   0x20001484       0xf0 ./gecko_sdk_4.4.4/platform/emdrv/dmadrv/src/dmadrv.o
 .bss.gpioCallbacks
                0x20001574      0x200 ./gecko_sdk_4.4.4/platform/emdrv/gpiointerrupt/src/gpiointerrupt.o
 .bss.uartdrvHandle
                0x20001774       0x10 ./gecko_sdk_4.4.4/platform/emdrv/uartdrv/src/uartdrv.o
 .bss.max_millisecond_conversion
                0x20001784        0x4 ./gecko_sdk_4.4.4/platform/service/sleeptimer/src/sl_sleeptimer.o
 .bss.last_delta_update_count
                0x20001788        0x4 ./gecko_sdk_4.4.4/platform/service/sleeptimer/src/sl_sleeptimer.o
 .bss.timer_head
                0x2000178c        0x4 ./gecko_sdk_4.4.4/platform/service/sleeptimer/src/sl_sleeptimer.o
 .bss.timer_frequency
                0x20001790        0x4 ./gecko_sdk_4.4.4/platform/service/sleeptimer/src/sl_sleeptimer.o
 .bss.compare_value_32
                0x20001794        0x4 ./gecko_sdk_4.4.4/platform/service/sleeptimer/src/sl_sleeptimer_hal_rtc.o
 .bss.__stdio_exit_handler
                0x20001798        0x4 c:/siliconlabs/simplicitystudio/v5/developer/toolchains/gnu_arm/12.2.rel1_2023.7/bin/../lib/gcc/arm-none-eabi/12.2.1/thumb/v7-m/nofp\libc_nano.a(libc_a-findfp.o)
                0x20001798                __stdio_exit_handler
 .bss.overflow_counter
                0x2000179c        0x2 ./gecko_sdk_4.4.4/platform/service/sleeptimer/src/sl_sleeptimer.o
 .bss.completed.1
                0x2000179e        0x1 c:/siliconlabs/simplicitystudio/v5/developer/toolchains/gnu_arm/12.2.rel1_2023.7/bin/../lib/gcc/arm-none-eabi/12.2.1/thumb/v7-m/nofp/crtbegin.o
 .bss.initialized
                0x2000179f        0x1 ./gecko_sdk_4.4.4/platform/emdrv/dmadrv/src/dmadrv.o
 .bss.uartdrvHandleIsInitialized
                0x200017a0        0x1 ./gecko_sdk_4.4.4/platform/emdrv/uartdrv/src/uartdrv.o
 .bss.sleep_on_isr_exit
                0x200017a1        0x1 ./gecko_sdk_4.4.4/platform/service/sleeptimer/src/sl_sleeptimer.o
 .bss.next_timer_to_expire_is_power_manager
                0x200017a2        0x1 ./gecko_sdk_4.4.4/platform/service/sleeptimer/src/sl_sleeptimer.o
 .bss.is_sleeptimer_initialized
                0x200017a3        0x1 ./gecko_sdk_4.4.4/platform/service/sleeptimer/src/sl_sleeptimer.o
 .bss.rtc_overflow_count
                0x200017a4        0x1 ./gecko_sdk_4.4.4/platform/service/sleeptimer/src/sl_sleeptimer_hal_rtc.o
 *(COMMON)
                0x200017a8                . = ALIGN (0x4)
 *fill*         0x200017a5        0x3 
                0x200017a8                __bss_end__ = .
                0x200017a8                __ramfuncs_start__ = .
                0x200017a8                __vma_ramfuncs_start__ = .
                0x000030e8                __lma_ramfuncs_start__ = (__etext + SIZEOF (.data))
                0x00000000                __text_application_ram_offset__ = (. - __vma_ramfuncs_start__)

text_application_ram
                0x200017a8        0x0 load address 0x000030e8
                0x200017a8                . = ALIGN (0x4)
                0x200017a8                __text_application_ram_start__ = .
 *(text_application_ram)
                0x200017a8                . = ALIGN (0x4)
                0x200017a8                __text_application_ram_end__ = .
                0x200017a8                . = ALIGN (0x4)
                0x200017a8                __vma_ramfuncs_end__ = .
                0x000030e8                __lma_ramfuncs_end__ = ((__lma_ramfuncs_start__ + __text_application_ram_offset__) + SIZEOF (text_application_ram))
                0x200017a8                __ramfuncs_end__ = .

.heap           0x200017a8      0x800
                0x200017a8                __HeapBase = .
                0x200017a8                __end__ = .
                0x200017a8                end = __end__
                0x200017a8                _end = __end__
 *(.heap*)
 .heap          0x200017a8      0x800 ./gecko_sdk_4.4.4/platform/common/toolchain/src/sl_memory.o
                0x20020000                __HeapLimit = (ORIGIN (RAM) + LENGTH (RAM))
                0x0001e858                __heap_size = (__HeapLimit - __HeapBase)
                0x20020000                __ram_end__ = 0x20020000
                0x00100000                __main_flash_end__ = 0x100000

.internal_storage
 *(.internal_storage*)

.nvm
 *(.simee*)
                0x00100000                linker_nvm_end = __main_flash_end__
                0x00100000                linker_nvm_begin = (linker_nvm_end - SIZEOF (.nvm))
                0x00000000                linker_nvm_size = SIZEOF (.nvm)
                0x00100000                linker_storage_end = linker_nvm_begin
                0x00100000                __nvm3Base = linker_nvm_begin
                0x00100000                linker_storage_begin = (linker_storage_end - SIZEOF (.internal_storage))
                0x00000000                linker_storage_size = SIZEOF (.internal_storage)
                0x00000001                ASSERT ((linker_storage_begin >= (__etext + SIZEOF (.data))), FLASH memory overflowed !)
OUTPUT(bszf_hazi.axf elf32-littlearm)
LOAD linker stubs

.ARM.attributes
                0x00000000       0x29
 .ARM.attributes
                0x00000000       0x1d c:/siliconlabs/simplicitystudio/v5/developer/toolchains/gnu_arm/12.2.rel1_2023.7/bin/../lib/gcc/arm-none-eabi/12.2.1/thumb/v7-m/nofp/crti.o
 .ARM.attributes
                0x0000001d       0x2d c:/siliconlabs/simplicitystudio/v5/developer/toolchains/gnu_arm/12.2.rel1_2023.7/bin/../lib/gcc/arm-none-eabi/12.2.1/thumb/v7-m/nofp/crtbegin.o
 .ARM.attributes
                0x0000004a       0x1b c:/siliconlabs/simplicitystudio/v5/developer/toolchains/gnu_arm/12.2.rel1_2023.7/bin/../lib/gcc/arm-none-eabi/12.2.1/thumb/v7-m/nofp/crt0.o
 .ARM.attributes
                0x00000065       0x2d ./app.o
 .ARM.attributes
                0x00000092       0x2d ./main.o
 .ARM.attributes
                0x000000bf       0x2d ./autogen/sl_board_default_init.o
 .ARM.attributes
                0x000000ec       0x2d ./autogen/sl_device_init_clocks.o
 .ARM.attributes
                0x00000119       0x2d ./autogen/sl_event_handler.o
 .ARM.attributes
                0x00000146       0x2d ./autogen/sl_uartdrv_init.o
 .ARM.attributes
                0x00000173       0x2d ./gecko_sdk_4.4.4/hardware/board/src/sl_board_control_gpio.o
 .ARM.attributes
                0x000001a0       0x2d ./gecko_sdk_4.4.4/hardware/board/src/sl_board_init.o
 .ARM.attributes
                0x000001cd       0x2d ./gecko_sdk_4.4.4/platform/Device/SiliconLabs/EFM32GG/Source/startup_efm32gg.o
 .ARM.attributes
                0x000001fa       0x2d ./gecko_sdk_4.4.4/platform/Device/SiliconLabs/EFM32GG/Source/system_efm32gg.o
 .ARM.attributes
                0x00000227       0x2d ./gecko_sdk_4.4.4/platform/common/src/sl_assert.o
 .ARM.attributes
                0x00000254       0x2d ./gecko_sdk_4.4.4/platform/common/src/sl_syscalls.o
 .ARM.attributes
                0x00000281       0x2d ./gecko_sdk_4.4.4/platform/common/toolchain/src/sl_memory.o
 .ARM.attributes
                0x000002ae       0x2d ./gecko_sdk_4.4.4/platform/emdrv/dmadrv/src/dmactrl.o
 .ARM.attributes
                0x000002db       0x2d ./gecko_sdk_4.4.4/platform/emdrv/dmadrv/src/dmadrv.o
 .ARM.attributes
                0x00000308       0x2d ./gecko_sdk_4.4.4/platform/emdrv/gpiointerrupt/src/gpiointerrupt.o
 .ARM.attributes
                0x00000335       0x2d ./gecko_sdk_4.4.4/platform/emdrv/uartdrv/src/uartdrv.o
 .ARM.attributes
                0x00000362       0x2d ./gecko_sdk_4.4.4/platform/emlib/src/em_cmu.o
 .ARM.attributes
                0x0000038f       0x2d ./gecko_sdk_4.4.4/platform/emlib/src/em_core.o
 .ARM.attributes
                0x000003bc       0x2d ./gecko_sdk_4.4.4/platform/emlib/src/em_dma.o
 .ARM.attributes
                0x000003e9       0x2d ./gecko_sdk_4.4.4/platform/emlib/src/em_emu.o
 .ARM.attributes
                0x00000416       0x2d ./gecko_sdk_4.4.4/platform/emlib/src/em_gpio.o
 .ARM.attributes
                0x00000443       0x2d ./gecko_sdk_4.4.4/platform/emlib/src/em_leuart.o
 .ARM.attributes
                0x00000470       0x2d ./gecko_sdk_4.4.4/platform/emlib/src/em_rtc.o
 .ARM.attributes
                0x0000049d       0x2d ./gecko_sdk_4.4.4/platform/emlib/src/em_system.o
 .ARM.attributes
                0x000004ca       0x2d ./gecko_sdk_4.4.4/platform/emlib/src/em_usart.o
 .ARM.attributes
                0x000004f7       0x2d ./gecko_sdk_4.4.4/platform/service/device_init/src/sl_device_init_emu_s0.o
 .ARM.attributes
                0x00000524       0x2d ./gecko_sdk_4.4.4/platform/service/device_init/src/sl_device_init_hfxo_s0.o
 .ARM.attributes
                0x00000551       0x2d ./gecko_sdk_4.4.4/platform/service/device_init/src/sl_device_init_lfxo_s0.o
 .ARM.attributes
                0x0000057e       0x2d ./gecko_sdk_4.4.4/platform/service/device_init/src/sl_device_init_nvic.o
 .ARM.attributes
                0x000005ab       0x2d ./gecko_sdk_4.4.4/platform/service/sleeptimer/src/sl_sleeptimer.o
 .ARM.attributes
                0x000005d8       0x2d ./gecko_sdk_4.4.4/platform/service/sleeptimer/src/sl_sleeptimer_hal_rtc.o
 .ARM.attributes
                0x00000605       0x2d ./gecko_sdk_4.4.4/platform/service/system/src/sl_system_init.o
 .ARM.attributes
                0x00000632       0x2d ./gecko_sdk_4.4.4/platform/service/system/src/sl_system_process_action.o
 .ARM.attributes
                0x0000065f       0x1d c:/siliconlabs/simplicitystudio/v5/developer/toolchains/gnu_arm/12.2.rel1_2023.7/bin/../lib/gcc/arm-none-eabi/12.2.1/thumb/v7-m/nofp\libgcc.a(_aeabi_uldivmod.o)
 .ARM.attributes
                0x0000067c       0x2d c:/siliconlabs/simplicitystudio/v5/developer/toolchains/gnu_arm/12.2.rel1_2023.7/bin/../lib/gcc/arm-none-eabi/12.2.1/thumb/v7-m/nofp\libgcc.a(_udivmoddi4.o)
 .ARM.attributes
                0x000006a9       0x1d c:/siliconlabs/simplicitystudio/v5/developer/toolchains/gnu_arm/12.2.rel1_2023.7/bin/../lib/gcc/arm-none-eabi/12.2.1/thumb/v7-m/nofp\libgcc.a(_dvmd_tls.o)
 .ARM.attributes
                0x000006c6       0x2d c:/siliconlabs/simplicitystudio/v5/developer/toolchains/gnu_arm/12.2.rel1_2023.7/bin/../lib/gcc/arm-none-eabi/12.2.1/thumb/v7-m/nofp\libc_nano.a(libc_a-exit.o)
 .ARM.attributes
                0x000006f3       0x2d c:/siliconlabs/simplicitystudio/v5/developer/toolchains/gnu_arm/12.2.rel1_2023.7/bin/../lib/gcc/arm-none-eabi/12.2.1/thumb/v7-m/nofp\libc_nano.a(libc_a-findfp.o)
 .ARM.attributes
                0x00000720       0x2d c:/siliconlabs/simplicitystudio/v5/developer/toolchains/gnu_arm/12.2.rel1_2023.7/bin/../lib/gcc/arm-none-eabi/12.2.1/thumb/v7-m/nofp\libc_nano.a(libc_a-memset.o)
 .ARM.attributes
                0x0000074d       0x2d c:/siliconlabs/simplicitystudio/v5/developer/toolchains/gnu_arm/12.2.rel1_2023.7/bin/../lib/gcc/arm-none-eabi/12.2.1/thumb/v7-m/nofp\libc_nano.a(libc_a-init.o)
 .ARM.attributes
                0x0000077a       0x2d c:/siliconlabs/simplicitystudio/v5/developer/toolchains/gnu_arm/12.2.rel1_2023.7/bin/../lib/gcc/arm-none-eabi/12.2.1/thumb/v7-m/nofp/crtend.o
 .ARM.attributes
                0x000007a7       0x1d c:/siliconlabs/simplicitystudio/v5/developer/toolchains/gnu_arm/12.2.rel1_2023.7/bin/../lib/gcc/arm-none-eabi/12.2.1/thumb/v7-m/nofp/crtn.o

.comment        0x00000000       0x45
 .comment       0x00000000       0x45 ./app.o
                                 0x46 (size before relaxing)
 .comment       0x00000045       0x46 ./main.o
 .comment       0x00000045       0x46 ./autogen/sl_board_default_init.o
 .comment       0x00000045       0x46 ./autogen/sl_device_init_clocks.o
 .comment       0x00000045       0x46 ./autogen/sl_event_handler.o
 .comment       0x00000045       0x46 ./autogen/sl_uartdrv_init.o
 .comment       0x00000045       0x46 ./gecko_sdk_4.4.4/hardware/board/src/sl_board_control_gpio.o
 .comment       0x00000045       0x46 ./gecko_sdk_4.4.4/hardware/board/src/sl_board_init.o
 .comment       0x00000045       0x46 ./gecko_sdk_4.4.4/platform/Device/SiliconLabs/EFM32GG/Source/startup_efm32gg.o
 .comment       0x00000045       0x46 ./gecko_sdk_4.4.4/platform/Device/SiliconLabs/EFM32GG/Source/system_efm32gg.o
 .comment       0x00000045       0x46 ./gecko_sdk_4.4.4/platform/common/src/sl_assert.o
 .comment       0x00000045       0x46 ./gecko_sdk_4.4.4/platform/common/src/sl_syscalls.o
 .comment       0x00000045       0x46 ./gecko_sdk_4.4.4/platform/common/toolchain/src/sl_memory.o
 .comment       0x00000045       0x46 ./gecko_sdk_4.4.4/platform/emdrv/dmadrv/src/dmactrl.o
 .comment       0x00000045       0x46 ./gecko_sdk_4.4.4/platform/emdrv/dmadrv/src/dmadrv.o
 .comment       0x00000045       0x46 ./gecko_sdk_4.4.4/platform/emdrv/gpiointerrupt/src/gpiointerrupt.o
 .comment       0x00000045       0x46 ./gecko_sdk_4.4.4/platform/emdrv/uartdrv/src/uartdrv.o
 .comment       0x00000045       0x46 ./gecko_sdk_4.4.4/platform/emlib/src/em_cmu.o
 .comment       0x00000045       0x46 ./gecko_sdk_4.4.4/platform/emlib/src/em_core.o
 .comment       0x00000045       0x46 ./gecko_sdk_4.4.4/platform/emlib/src/em_dma.o
 .comment       0x00000045       0x46 ./gecko_sdk_4.4.4/platform/emlib/src/em_emu.o
 .comment       0x00000045       0x46 ./gecko_sdk_4.4.4/platform/emlib/src/em_gpio.o
 .comment       0x00000045       0x46 ./gecko_sdk_4.4.4/platform/emlib/src/em_leuart.o
 .comment       0x00000045       0x46 ./gecko_sdk_4.4.4/platform/emlib/src/em_rtc.o
 .comment       0x00000045       0x46 ./gecko_sdk_4.4.4/platform/emlib/src/em_system.o
 .comment       0x00000045       0x46 ./gecko_sdk_4.4.4/platform/emlib/src/em_usart.o
 .comment       0x00000045       0x46 ./gecko_sdk_4.4.4/platform/service/device_init/src/sl_device_init_emu_s0.o
 .comment       0x00000045       0x46 ./gecko_sdk_4.4.4/platform/service/device_init/src/sl_device_init_hfxo_s0.o
 .comment       0x00000045       0x46 ./gecko_sdk_4.4.4/platform/service/device_init/src/sl_device_init_lfxo_s0.o
 .comment       0x00000045       0x46 ./gecko_sdk_4.4.4/platform/service/device_init/src/sl_device_init_nvic.o
 .comment       0x00000045       0x46 ./gecko_sdk_4.4.4/platform/service/sleeptimer/src/sl_sleeptimer.o
 .comment       0x00000045       0x46 ./gecko_sdk_4.4.4/platform/service/sleeptimer/src/sl_sleeptimer_hal_rtc.o
 .comment       0x00000045       0x46 ./gecko_sdk_4.4.4/platform/service/system/src/sl_system_init.o
 .comment       0x00000045       0x46 ./gecko_sdk_4.4.4/platform/service/system/src/sl_system_process_action.o

.debug_line_str
                0x00000000      0x1b0
 .debug_line_str
                0x00000000       0xdf c:/siliconlabs/simplicitystudio/v5/developer/toolchains/gnu_arm/12.2.rel1_2023.7/bin/../lib/gcc/arm-none-eabi/12.2.1/thumb/v7-m/nofp/crt0.o
 .debug_line_str
                0x000000df       0xc5 c:/siliconlabs/simplicitystudio/v5/developer/toolchains/gnu_arm/12.2.rel1_2023.7/bin/../lib/gcc/arm-none-eabi/12.2.1/thumb/v7-m/nofp\libgcc.a(_aeabi_uldivmod.o)
 .debug_line_str
                0x000001a4        0xc c:/siliconlabs/simplicitystudio/v5/developer/toolchains/gnu_arm/12.2.rel1_2023.7/bin/../lib/gcc/arm-none-eabi/12.2.1/thumb/v7-m/nofp\libgcc.a(_dvmd_tls.o)
                                 0xc9 (size before relaxing)

.debug_info     0x00000000    0x189c1
 .debug_info    0x00000000      0xf42 ./app.o
 .debug_info    0x00000f42       0xa1 ./main.o
 .debug_info    0x00000fe3       0x86 ./autogen/sl_board_default_init.o
 .debug_info    0x00001069      0x576 ./autogen/sl_device_init_clocks.o
 .debug_info    0x000015df      0x4a5 ./autogen/sl_event_handler.o
 .debug_info    0x00001a84      0xcc3 ./autogen/sl_uartdrv_init.o
 .debug_info    0x00002747      0x525 ./gecko_sdk_4.4.4/hardware/board/src/sl_board_control_gpio.o
 .debug_info    0x00002c6c      0x2b6 ./gecko_sdk_4.4.4/hardware/board/src/sl_board_init.o
 .debug_info    0x00002f22      0x321 ./gecko_sdk_4.4.4/platform/Device/SiliconLabs/EFM32GG/Source/startup_efm32gg.o
 .debug_info    0x00003243      0x828 ./gecko_sdk_4.4.4/platform/Device/SiliconLabs/EFM32GG/Source/system_efm32gg.o
 .debug_info    0x00003a6b       0x86 ./gecko_sdk_4.4.4/platform/common/src/sl_assert.o
 .debug_info    0x00003af1      0x306 ./gecko_sdk_4.4.4/platform/common/src/sl_syscalls.o
 .debug_info    0x00003df7      0x205 ./gecko_sdk_4.4.4/platform/common/toolchain/src/sl_memory.o
 .debug_info    0x00003ffc      0x11a ./gecko_sdk_4.4.4/platform/emdrv/dmadrv/src/dmactrl.o
 .debug_info    0x00004116     0x1d1f ./gecko_sdk_4.4.4/platform/emdrv/dmadrv/src/dmadrv.o
 .debug_info    0x00005e35      0xbda ./gecko_sdk_4.4.4/platform/emdrv/gpiointerrupt/src/gpiointerrupt.o
 .debug_info    0x00006a0f     0x41e1 ./gecko_sdk_4.4.4/platform/emdrv/uartdrv/src/uartdrv.o
 .debug_info    0x0000abf0     0x2d75 ./gecko_sdk_4.4.4/platform/emlib/src/em_cmu.o
 .debug_info    0x0000d965     0x1172 ./gecko_sdk_4.4.4/platform/emlib/src/em_core.o
 .debug_info    0x0000ead7     0x1b5a ./gecko_sdk_4.4.4/platform/emlib/src/em_dma.o
 .debug_info    0x00010631     0x16df ./gecko_sdk_4.4.4/platform/emlib/src/em_emu.o
 .debug_info    0x00011d10      0xaa9 ./gecko_sdk_4.4.4/platform/emlib/src/em_gpio.o
 .debug_info    0x000127b9      0xc88 ./gecko_sdk_4.4.4/platform/emlib/src/em_leuart.o
 .debug_info    0x00013441      0x50d ./gecko_sdk_4.4.4/platform/emlib/src/em_rtc.o
 .debug_info    0x0001394e      0x67f ./gecko_sdk_4.4.4/platform/emlib/src/em_system.o
 .debug_info    0x00013fcd     0x1444 ./gecko_sdk_4.4.4/platform/emlib/src/em_usart.o
 .debug_info    0x00015411      0x18d ./gecko_sdk_4.4.4/platform/service/device_init/src/sl_device_init_emu_s0.o
 .debug_info    0x0001559e      0x209 ./gecko_sdk_4.4.4/platform/service/device_init/src/sl_device_init_hfxo_s0.o
 .debug_info    0x000157a7      0x206 ./gecko_sdk_4.4.4/platform/service/device_init/src/sl_device_init_lfxo_s0.o
 .debug_info    0x000159ad      0x5bf ./gecko_sdk_4.4.4/platform/service/device_init/src/sl_device_init_nvic.o
 .debug_info    0x00015f6c     0x1a5f ./gecko_sdk_4.4.4/platform/service/sleeptimer/src/sl_sleeptimer.o
 .debug_info    0x000179cb      0xebc ./gecko_sdk_4.4.4/platform/service/sleeptimer/src/sl_sleeptimer_hal_rtc.o
 .debug_info    0x00018887       0xa7 ./gecko_sdk_4.4.4/platform/service/system/src/sl_system_init.o
 .debug_info    0x0001892e       0x93 ./gecko_sdk_4.4.4/platform/service/system/src/sl_system_process_action.o

.debug_abbrev   0x00000000     0x4cc6
 .debug_abbrev  0x00000000      0x2d6 ./app.o
 .debug_abbrev  0x000002d6       0x5d ./main.o
 .debug_abbrev  0x00000333       0x46 ./autogen/sl_board_default_init.o
 .debug_abbrev  0x00000379      0x13c ./autogen/sl_device_init_clocks.o
 .debug_abbrev  0x000004b5      0x1d7 ./autogen/sl_event_handler.o
 .debug_abbrev  0x0000068c      0x25b ./autogen/sl_uartdrv_init.o
 .debug_abbrev  0x000008e7      0x1af ./gecko_sdk_4.4.4/hardware/board/src/sl_board_control_gpio.o
 .debug_abbrev  0x00000a96      0x10b ./gecko_sdk_4.4.4/hardware/board/src/sl_board_init.o
 .debug_abbrev  0x00000ba1      0x1c8 ./gecko_sdk_4.4.4/platform/Device/SiliconLabs/EFM32GG/Source/startup_efm32gg.o
 .debug_abbrev  0x00000d69      0x246 ./gecko_sdk_4.4.4/platform/Device/SiliconLabs/EFM32GG/Source/system_efm32gg.o
 .debug_abbrev  0x00000faf       0x6c ./gecko_sdk_4.4.4/platform/common/src/sl_assert.o
 .debug_abbrev  0x0000101b      0x143 ./gecko_sdk_4.4.4/platform/common/src/sl_syscalls.o
 .debug_abbrev  0x0000115e      0x11e ./gecko_sdk_4.4.4/platform/common/toolchain/src/sl_memory.o
 .debug_abbrev  0x0000127c       0xa5 ./gecko_sdk_4.4.4/platform/emdrv/dmadrv/src/dmactrl.o
 .debug_abbrev  0x00001321      0x43a ./gecko_sdk_4.4.4/platform/emdrv/dmadrv/src/dmadrv.o
 .debug_abbrev  0x0000175b      0x366 ./gecko_sdk_4.4.4/platform/emdrv/gpiointerrupt/src/gpiointerrupt.o
 .debug_abbrev  0x00001ac1      0x5a2 ./gecko_sdk_4.4.4/platform/emdrv/uartdrv/src/uartdrv.o
 .debug_abbrev  0x00002063      0x4db ./gecko_sdk_4.4.4/platform/emlib/src/em_cmu.o
 .debug_abbrev  0x0000253e      0x33e ./gecko_sdk_4.4.4/platform/emlib/src/em_core.o
 .debug_abbrev  0x0000287c      0x3b0 ./gecko_sdk_4.4.4/platform/emlib/src/em_dma.o
 .debug_abbrev  0x00002c2c      0x460 ./gecko_sdk_4.4.4/platform/emlib/src/em_emu.o
 .debug_abbrev  0x0000308c      0x2f6 ./gecko_sdk_4.4.4/platform/emlib/src/em_gpio.o
 .debug_abbrev  0x00003382      0x339 ./gecko_sdk_4.4.4/platform/emlib/src/em_leuart.o
 .debug_abbrev  0x000036bb      0x26e ./gecko_sdk_4.4.4/platform/emlib/src/em_rtc.o
 .debug_abbrev  0x00003929      0x27a ./gecko_sdk_4.4.4/platform/emlib/src/em_system.o
 .debug_abbrev  0x00003ba3      0x324 ./gecko_sdk_4.4.4/platform/emlib/src/em_usart.o
 .debug_abbrev  0x00003ec7      0x107 ./gecko_sdk_4.4.4/platform/service/device_init/src/sl_device_init_emu_s0.o
 .debug_abbrev  0x00003fce      0x11a ./gecko_sdk_4.4.4/platform/service/device_init/src/sl_device_init_hfxo_s0.o
 .debug_abbrev  0x000040e8      0x105 ./gecko_sdk_4.4.4/platform/service/device_init/src/sl_device_init_lfxo_s0.o
 .debug_abbrev  0x000041ed      0x15a ./gecko_sdk_4.4.4/platform/service/device_init/src/sl_device_init_nvic.o
 .debug_abbrev  0x00004347      0x495 ./gecko_sdk_4.4.4/platform/service/sleeptimer/src/sl_sleeptimer.o
 .debug_abbrev  0x000047dc      0x432 ./gecko_sdk_4.4.4/platform/service/sleeptimer/src/sl_sleeptimer_hal_rtc.o
 .debug_abbrev  0x00004c0e       0x5c ./gecko_sdk_4.4.4/platform/service/system/src/sl_system_init.o
 .debug_abbrev  0x00004c6a       0x5c ./gecko_sdk_4.4.4/platform/service/system/src/sl_system_process_action.o

.debug_loc      0x00000000     0xce64
 .debug_loc     0x00000000      0x16a ./app.o
 .debug_loc     0x0000016a       0x20 ./main.o
 .debug_loc     0x0000018a       0x20 ./autogen/sl_device_init_clocks.o
 .debug_loc     0x000001aa       0xa5 ./autogen/sl_event_handler.o
 .debug_loc     0x0000024f       0xa3 ./autogen/sl_uartdrv_init.o
 .debug_loc     0x000002f2      0x24a ./gecko_sdk_4.4.4/hardware/board/src/sl_board_control_gpio.o
 .debug_loc     0x0000053c       0x2c ./gecko_sdk_4.4.4/hardware/board/src/sl_board_init.o
 .debug_loc     0x00000568       0x8e ./gecko_sdk_4.4.4/platform/Device/SiliconLabs/EFM32GG/Source/startup_efm32gg.o
 .debug_loc     0x000005f6       0xae ./gecko_sdk_4.4.4/platform/Device/SiliconLabs/EFM32GG/Source/system_efm32gg.o
 .debug_loc     0x000006a4       0x2a ./gecko_sdk_4.4.4/platform/common/src/sl_assert.o
 .debug_loc     0x000006ce      0x118 ./gecko_sdk_4.4.4/platform/common/src/sl_syscalls.o
 .debug_loc     0x000007e6       0xa9 ./gecko_sdk_4.4.4/platform/common/toolchain/src/sl_memory.o
 .debug_loc     0x0000088f     0x1243 ./gecko_sdk_4.4.4/platform/emdrv/dmadrv/src/dmadrv.o
 .debug_loc     0x00001ad2      0x3dc ./gecko_sdk_4.4.4/platform/emdrv/gpiointerrupt/src/gpiointerrupt.o
 .debug_loc     0x00001eae     0x236d ./gecko_sdk_4.4.4/platform/emdrv/uartdrv/src/uartdrv.o
 .debug_loc     0x0000421b     0x29db ./gecko_sdk_4.4.4/platform/emlib/src/em_cmu.o
 .debug_loc     0x00006bf6      0x926 ./gecko_sdk_4.4.4/platform/emlib/src/em_core.o
 .debug_loc     0x0000751c     0x113f ./gecko_sdk_4.4.4/platform/emlib/src/em_dma.o
 .debug_loc     0x0000865b      0x892 ./gecko_sdk_4.4.4/platform/emlib/src/em_emu.o
 .debug_loc     0x00008eed      0x94d ./gecko_sdk_4.4.4/platform/emlib/src/em_gpio.o
 .debug_loc     0x0000983a      0x74c ./gecko_sdk_4.4.4/platform/emlib/src/em_leuart.o
 .debug_loc     0x00009f86      0x2c3 ./gecko_sdk_4.4.4/platform/emlib/src/em_rtc.o
 .debug_loc     0x0000a249      0x17f ./gecko_sdk_4.4.4/platform/emlib/src/em_system.o
 .debug_loc     0x0000a3c8      0xab0 ./gecko_sdk_4.4.4/platform/emlib/src/em_usart.o
 .debug_loc     0x0000ae78       0x2c ./gecko_sdk_4.4.4/platform/service/device_init/src/sl_device_init_emu_s0.o
 .debug_loc     0x0000aea4       0x2c ./gecko_sdk_4.4.4/platform/service/device_init/src/sl_device_init_hfxo_s0.o
 .debug_loc     0x0000aed0       0x2c ./gecko_sdk_4.4.4/platform/service/device_init/src/sl_device_init_lfxo_s0.o
 .debug_loc     0x0000aefc       0x79 ./gecko_sdk_4.4.4/platform/service/device_init/src/sl_device_init_nvic.o
 .debug_loc     0x0000af75     0x1982 ./gecko_sdk_4.4.4/platform/service/sleeptimer/src/sl_sleeptimer.o
 .debug_loc     0x0000c8f7      0x515 ./gecko_sdk_4.4.4/platform/service/sleeptimer/src/sl_sleeptimer_hal_rtc.o
 .debug_loc     0x0000ce0c       0x2c ./gecko_sdk_4.4.4/platform/service/system/src/sl_system_init.o
 .debug_loc     0x0000ce38       0x2c ./gecko_sdk_4.4.4/platform/service/system/src/sl_system_process_action.o

.debug_aranges  0x00000000      0xe38
 .debug_aranges
                0x00000000       0x38 ./app.o
 .debug_aranges
                0x00000038       0x20 ./main.o
 .debug_aranges
                0x00000058       0x20 ./autogen/sl_board_default_init.o
 .debug_aranges
                0x00000078       0x20 ./autogen/sl_device_init_clocks.o
 .debug_aranges
                0x00000098       0x60 ./autogen/sl_event_handler.o
 .debug_aranges
                0x000000f8       0x30 ./autogen/sl_uartdrv_init.o
 .debug_aranges
                0x00000128       0x70 ./gecko_sdk_4.4.4/hardware/board/src/sl_board_control_gpio.o
 .debug_aranges
                0x00000198       0x28 ./gecko_sdk_4.4.4/hardware/board/src/sl_board_init.o
 .debug_aranges
                0x000001c0       0x28 ./gecko_sdk_4.4.4/platform/Device/SiliconLabs/EFM32GG/Source/startup_efm32gg.o
 .debug_aranges
                0x000001e8       0x68 ./gecko_sdk_4.4.4/platform/Device/SiliconLabs/EFM32GG/Source/system_efm32gg.o
 .debug_aranges
                0x00000250       0x20 ./gecko_sdk_4.4.4/platform/common/src/sl_assert.o
 .debug_aranges
                0x00000270       0x68 ./gecko_sdk_4.4.4/platform/common/src/sl_syscalls.o
 .debug_aranges
                0x000002d8       0x30 ./gecko_sdk_4.4.4/platform/common/toolchain/src/sl_memory.o
 .debug_aranges
                0x00000308       0x18 ./gecko_sdk_4.4.4/platform/emdrv/dmadrv/src/dmactrl.o
 .debug_aranges
                0x00000320       0xa8 ./gecko_sdk_4.4.4/platform/emdrv/dmadrv/src/dmadrv.o
 .debug_aranges
                0x000003c8       0x48 ./gecko_sdk_4.4.4/platform/emdrv/gpiointerrupt/src/gpiointerrupt.o
 .debug_aranges
                0x00000410      0x168 ./gecko_sdk_4.4.4/platform/emdrv/uartdrv/src/uartdrv.o
 .debug_aranges
                0x00000578      0x180 ./gecko_sdk_4.4.4/platform/emlib/src/em_cmu.o
 .debug_aranges
                0x000006f8       0xe8 ./gecko_sdk_4.4.4/platform/emlib/src/em_core.o
 .debug_aranges
                0x000007e0       0xa8 ./gecko_sdk_4.4.4/platform/emlib/src/em_dma.o
 .debug_aranges
                0x00000888       0xe8 ./gecko_sdk_4.4.4/platform/emlib/src/em_emu.o
 .debug_aranges
                0x00000970       0x60 ./gecko_sdk_4.4.4/platform/emlib/src/em_gpio.o
 .debug_aranges
                0x000009d0       0x88 ./gecko_sdk_4.4.4/platform/emlib/src/em_leuart.o
 .debug_aranges
                0x00000a58       0x50 ./gecko_sdk_4.4.4/platform/emlib/src/em_rtc.o
 .debug_aranges
                0x00000aa8       0x78 ./gecko_sdk_4.4.4/platform/emlib/src/em_system.o
 .debug_aranges
                0x00000b20       0xb8 ./gecko_sdk_4.4.4/platform/emlib/src/em_usart.o
 .debug_aranges
                0x00000bd8       0x20 ./gecko_sdk_4.4.4/platform/service/device_init/src/sl_device_init_emu_s0.o
 .debug_aranges
                0x00000bf8       0x20 ./gecko_sdk_4.4.4/platform/service/device_init/src/sl_device_init_hfxo_s0.o
 .debug_aranges
                0x00000c18       0x20 ./gecko_sdk_4.4.4/platform/service/device_init/src/sl_device_init_lfxo_s0.o
 .debug_aranges
                0x00000c38       0x20 ./gecko_sdk_4.4.4/platform/service/device_init/src/sl_device_init_nvic.o
 .debug_aranges
                0x00000c58      0x120 ./gecko_sdk_4.4.4/platform/service/sleeptimer/src/sl_sleeptimer.o
 .debug_aranges
                0x00000d78       0x80 ./gecko_sdk_4.4.4/platform/service/sleeptimer/src/sl_sleeptimer_hal_rtc.o
 .debug_aranges
                0x00000df8       0x20 ./gecko_sdk_4.4.4/platform/service/system/src/sl_system_init.o
 .debug_aranges
                0x00000e18       0x20 ./gecko_sdk_4.4.4/platform/service/system/src/sl_system_process_action.o

.debug_ranges   0x00000000     0x1508
 .debug_ranges  0x00000000       0x58 ./app.o
 .debug_ranges  0x00000058       0x10 ./main.o
 .debug_ranges  0x00000068       0x10 ./autogen/sl_board_default_init.o
 .debug_ranges  0x00000078       0x10 ./autogen/sl_device_init_clocks.o
 .debug_ranges  0x00000088       0x50 ./autogen/sl_event_handler.o
 .debug_ranges  0x000000d8       0x20 ./autogen/sl_uartdrv_init.o
 .debug_ranges  0x000000f8       0x60 ./gecko_sdk_4.4.4/hardware/board/src/sl_board_control_gpio.o
 .debug_ranges  0x00000158       0x18 ./gecko_sdk_4.4.4/hardware/board/src/sl_board_init.o
 .debug_ranges  0x00000170       0x80 ./gecko_sdk_4.4.4/platform/Device/SiliconLabs/EFM32GG/Source/startup_efm32gg.o
 .debug_ranges  0x000001f0       0x88 ./gecko_sdk_4.4.4/platform/Device/SiliconLabs/EFM32GG/Source/system_efm32gg.o
 .debug_ranges  0x00000278       0x10 ./gecko_sdk_4.4.4/platform/common/src/sl_assert.o
 .debug_ranges  0x00000288       0x58 ./gecko_sdk_4.4.4/platform/common/src/sl_syscalls.o
 .debug_ranges  0x000002e0       0x20 ./gecko_sdk_4.4.4/platform/common/toolchain/src/sl_memory.o
 .debug_ranges  0x00000300       0xb0 ./gecko_sdk_4.4.4/platform/emdrv/dmadrv/src/dmadrv.o
 .debug_ranges  0x000003b0       0x58 ./gecko_sdk_4.4.4/platform/emdrv/gpiointerrupt/src/gpiointerrupt.o
 .debug_ranges  0x00000408      0x348 ./gecko_sdk_4.4.4/platform/emdrv/uartdrv/src/uartdrv.o
 .debug_ranges  0x00000750      0x300 ./gecko_sdk_4.4.4/platform/emlib/src/em_cmu.o
 .debug_ranges  0x00000a50      0x1a0 ./gecko_sdk_4.4.4/platform/emlib/src/em_core.o
 .debug_ranges  0x00000bf0       0xb8 ./gecko_sdk_4.4.4/platform/emlib/src/em_dma.o
 .debug_ranges  0x00000ca8      0x1d0 ./gecko_sdk_4.4.4/platform/emlib/src/em_emu.o
 .debug_ranges  0x00000e78      0x120 ./gecko_sdk_4.4.4/platform/emlib/src/em_gpio.o
 .debug_ranges  0x00000f98       0x78 ./gecko_sdk_4.4.4/platform/emlib/src/em_leuart.o
 .debug_ranges  0x00001010       0x40 ./gecko_sdk_4.4.4/platform/emlib/src/em_rtc.o
 .debug_ranges  0x00001050       0x68 ./gecko_sdk_4.4.4/platform/emlib/src/em_system.o
 .debug_ranges  0x000010b8       0xa8 ./gecko_sdk_4.4.4/platform/emlib/src/em_usart.o
 .debug_ranges  0x00001160       0x10 ./gecko_sdk_4.4.4/platform/service/device_init/src/sl_device_init_emu_s0.o
 .debug_ranges  0x00001170       0x10 ./gecko_sdk_4.4.4/platform/service/device_init/src/sl_device_init_hfxo_s0.o
 .debug_ranges  0x00001180       0x10 ./gecko_sdk_4.4.4/platform/service/device_init/src/sl_device_init_lfxo_s0.o
 .debug_ranges  0x00001190       0x58 ./gecko_sdk_4.4.4/platform/service/device_init/src/sl_device_init_nvic.o
 .debug_ranges  0x000011e8      0x1a0 ./gecko_sdk_4.4.4/platform/service/sleeptimer/src/sl_sleeptimer.o
 .debug_ranges  0x00001388      0x160 ./gecko_sdk_4.4.4/platform/service/sleeptimer/src/sl_sleeptimer_hal_rtc.o
 .debug_ranges  0x000014e8       0x10 ./gecko_sdk_4.4.4/platform/service/system/src/sl_system_init.o
 .debug_ranges  0x000014f8       0x10 ./gecko_sdk_4.4.4/platform/service/system/src/sl_system_process_action.o

.debug_line     0x00000000     0xf27e
 .debug_line    0x00000000      0x47b ./app.o
 .debug_line    0x0000047b      0x103 ./main.o
 .debug_line    0x0000057e       0x55 ./autogen/sl_board_default_init.o
 .debug_line    0x000005d3      0x2f5 ./autogen/sl_device_init_clocks.o
 .debug_line    0x000008c8      0x673 ./autogen/sl_event_handler.o
 .debug_line    0x00000f3b      0x5d5 ./autogen/sl_uartdrv_init.o
 .debug_line    0x00001510      0x48f ./gecko_sdk_4.4.4/hardware/board/src/sl_board_control_gpio.o
 .debug_line    0x0000199f      0x1f5 ./gecko_sdk_4.4.4/hardware/board/src/sl_board_init.o
 .debug_line    0x00001b94      0x311 ./gecko_sdk_4.4.4/platform/Device/SiliconLabs/EFM32GG/Source/startup_efm32gg.o
 .debug_line    0x00001ea5      0x482 ./gecko_sdk_4.4.4/platform/Device/SiliconLabs/EFM32GG/Source/system_efm32gg.o
 .debug_line    0x00002327       0x85 ./gecko_sdk_4.4.4/platform/common/src/sl_assert.o
 .debug_line    0x000023ac      0x185 ./gecko_sdk_4.4.4/platform/common/src/sl_syscalls.o
 .debug_line    0x00002531      0x2ef ./gecko_sdk_4.4.4/platform/common/toolchain/src/sl_memory.o
 .debug_line    0x00002820      0x261 ./gecko_sdk_4.4.4/platform/emdrv/dmadrv/src/dmactrl.o
 .debug_line    0x00002a81      0xc0b ./gecko_sdk_4.4.4/platform/emdrv/dmadrv/src/dmadrv.o
 .debug_line    0x0000368c      0x6a8 ./gecko_sdk_4.4.4/platform/emdrv/gpiointerrupt/src/gpiointerrupt.o
 .debug_line    0x00003d34     0x25ce ./gecko_sdk_4.4.4/platform/emdrv/uartdrv/src/uartdrv.o
 .debug_line    0x00006302     0x1dd6 ./gecko_sdk_4.4.4/platform/emlib/src/em_cmu.o
 .debug_line    0x000080d8      0xac1 ./gecko_sdk_4.4.4/platform/emlib/src/em_core.o
 .debug_line    0x00008b99      0xe25 ./gecko_sdk_4.4.4/platform/emlib/src/em_dma.o
 .debug_line    0x000099be      0xc78 ./gecko_sdk_4.4.4/platform/emlib/src/em_emu.o
 .debug_line    0x0000a636      0x75a ./gecko_sdk_4.4.4/platform/emlib/src/em_gpio.o
 .debug_line    0x0000ad90      0x7ee ./gecko_sdk_4.4.4/platform/emlib/src/em_leuart.o
 .debug_line    0x0000b57e      0x4d9 ./gecko_sdk_4.4.4/platform/emlib/src/em_rtc.o
 .debug_line    0x0000ba57      0x528 ./gecko_sdk_4.4.4/platform/emlib/src/em_system.o
 .debug_line    0x0000bf7f      0xbf2 ./gecko_sdk_4.4.4/platform/emlib/src/em_usart.o
 .debug_line    0x0000cb71      0x270 ./gecko_sdk_4.4.4/platform/service/device_init/src/sl_device_init_emu_s0.o
 .debug_line    0x0000cde1      0x2ff ./gecko_sdk_4.4.4/platform/service/device_init/src/sl_device_init_hfxo_s0.o
 .debug_line    0x0000d0e0      0x277 ./gecko_sdk_4.4.4/platform/service/device_init/src/sl_device_init_lfxo_s0.o
 .debug_line    0x0000d357      0x374 ./gecko_sdk_4.4.4/platform/service/device_init/src/sl_device_init_nvic.o
 .debug_line    0x0000d6cb     0x1122 ./gecko_sdk_4.4.4/platform/service/sleeptimer/src/sl_sleeptimer.o
 .debug_line    0x0000e7ed      0x8ce ./gecko_sdk_4.4.4/platform/service/sleeptimer/src/sl_sleeptimer_hal_rtc.o
 .debug_line    0x0000f0bb       0xdd ./gecko_sdk_4.4.4/platform/service/system/src/sl_system_init.o
 .debug_line    0x0000f198       0xe6 ./gecko_sdk_4.4.4/platform/service/system/src/sl_system_process_action.o

.debug_str      0x00000000     0x6226
 .debug_str     0x00000000      0xd7e ./app.o
                                0xe34 (size before relaxing)
 .debug_str     0x00000d7e       0x32 ./main.o
                                0x16b (size before relaxing)
 .debug_str     0x00000db0       0x39 ./autogen/sl_board_default_init.o
                                0x1d5 (size before relaxing)
 .debug_str     0x00000de9       0xec ./autogen/sl_device_init_clocks.o
                                0x655 (size before relaxing)
 .debug_str     0x00000ed5      0x265 ./autogen/sl_event_handler.o
                                0x489 (size before relaxing)
 .debug_str     0x0000113a      0x550 ./autogen/sl_uartdrv_init.o
                                0x9f1 (size before relaxing)
 .debug_str     0x0000168a      0x29c ./gecko_sdk_4.4.4/hardware/board/src/sl_board_control_gpio.o
                                0x6a9 (size before relaxing)
 .debug_str     0x00001926       0x36 ./gecko_sdk_4.4.4/hardware/board/src/sl_board_init.o
                                0x4b0 (size before relaxing)
 .debug_str     0x0000195c      0x145 ./gecko_sdk_4.4.4/platform/Device/SiliconLabs/EFM32GG/Source/startup_efm32gg.o
                                0x2fc (size before relaxing)
 .debug_str     0x00001aa1      0x1fa ./gecko_sdk_4.4.4/platform/Device/SiliconLabs/EFM32GG/Source/system_efm32gg.o
                                0x53c (size before relaxing)
 .debug_str     0x00001c9b       0x3d ./gecko_sdk_4.4.4/platform/common/src/sl_assert.o
                                0x164 (size before relaxing)
 .debug_str     0x00001cd8       0x8c ./gecko_sdk_4.4.4/platform/common/src/sl_syscalls.o
                                0x244 (size before relaxing)
 .debug_str     0x00001d64       0xd7 ./gecko_sdk_4.4.4/platform/common/toolchain/src/sl_memory.o
                                0x29e (size before relaxing)
 .debug_str     0x00001e3b       0x71 ./gecko_sdk_4.4.4/platform/emdrv/dmadrv/src/dmactrl.o
                                0x226 (size before relaxing)
 .debug_str     0x00001eac      0x747 ./gecko_sdk_4.4.4/platform/emdrv/dmadrv/src/dmadrv.o
                                0xfa9 (size before relaxing)
 .debug_str     0x000025f3      0x241 ./gecko_sdk_4.4.4/platform/emdrv/gpiointerrupt/src/gpiointerrupt.o
                                0x77e (size before relaxing)
 .debug_str     0x00002834     0x110b ./gecko_sdk_4.4.4/platform/emdrv/uartdrv/src/uartdrv.o
                               0x25e4 (size before relaxing)
 .debug_str     0x0000393f      0xa93 ./gecko_sdk_4.4.4/platform/emlib/src/em_cmu.o
                               0x1334 (size before relaxing)
 .debug_str     0x000043d2      0x2d0 ./gecko_sdk_4.4.4/platform/emlib/src/em_core.o
                                0x887 (size before relaxing)
 .debug_str     0x000046a2      0x21e ./gecko_sdk_4.4.4/platform/emlib/src/em_dma.o
                                0xdd2 (size before relaxing)
 .debug_str     0x000048c0      0x506 ./gecko_sdk_4.4.4/platform/emlib/src/em_emu.o
                                0xdab (size before relaxing)
 .debug_str     0x00004dc6       0xe2 ./gecko_sdk_4.4.4/platform/emlib/src/em_gpio.o
                                0x5ec (size before relaxing)
 .debug_str     0x00004ea8       0xfa ./gecko_sdk_4.4.4/platform/emlib/src/em_leuart.o
                                0x7b0 (size before relaxing)
 .debug_str     0x00004fa2       0xd5 ./gecko_sdk_4.4.4/platform/emlib/src/em_rtc.o
                                0x2e0 (size before relaxing)
 .debug_str     0x00005077      0x200 ./gecko_sdk_4.4.4/platform/emlib/src/em_system.o
                                0x730 (size before relaxing)
 .debug_str     0x00005277      0x458 ./gecko_sdk_4.4.4/platform/emlib/src/em_usart.o
                                0xc88 (size before relaxing)
 .debug_str     0x000056cf       0x55 ./gecko_sdk_4.4.4/platform/service/device_init/src/sl_device_init_emu_s0.o
                                0x2b5 (size before relaxing)
 .debug_str     0x00005724       0xa2 ./gecko_sdk_4.4.4/platform/service/device_init/src/sl_device_init_hfxo_s0.o
                                0x327 (size before relaxing)
 .debug_str     0x000057c6       0xb4 ./gecko_sdk_4.4.4/platform/service/device_init/src/sl_device_init_lfxo_s0.o
                                0x382 (size before relaxing)
 .debug_str     0x0000587a       0x4a ./gecko_sdk_4.4.4/platform/service/device_init/src/sl_device_init_nvic.o
                                0x57d (size before relaxing)
 .debug_str     0x000058c4      0x77f ./gecko_sdk_4.4.4/platform/service/sleeptimer/src/sl_sleeptimer.o
                                0xbc1 (size before relaxing)
 .debug_str     0x00006043      0x159 ./gecko_sdk_4.4.4/platform/service/sleeptimer/src/sl_sleeptimer_hal_rtc.o
                                0xb87 (size before relaxing)
 .debug_str     0x0000619c       0x40 ./gecko_sdk_4.4.4/platform/service/system/src/sl_system_init.o
                                0x1ba (size before relaxing)
 .debug_str     0x000061dc       0x4a ./gecko_sdk_4.4.4/platform/service/system/src/sl_system_process_action.o
                                0x1e7 (size before relaxing)

.debug_frame    0x00000000     0x2604
 .debug_frame   0x00000000       0x60 ./app.o
 .debug_frame   0x00000060       0x28 ./main.o
 .debug_frame   0x00000088       0x20 ./autogen/sl_board_default_init.o
 .debug_frame   0x000000a8       0x28 ./autogen/sl_device_init_clocks.o
 .debug_frame   0x000000d0       0xc8 ./autogen/sl_event_handler.o
 .debug_frame   0x00000198       0x4c ./autogen/sl_uartdrv_init.o
 .debug_frame   0x000001e4      0x100 ./gecko_sdk_4.4.4/hardware/board/src/sl_board_control_gpio.o
 .debug_frame   0x000002e4       0x3c ./gecko_sdk_4.4.4/hardware/board/src/sl_board_init.o
 .debug_frame   0x00000320       0x38 ./gecko_sdk_4.4.4/platform/Device/SiliconLabs/EFM32GG/Source/startup_efm32gg.o
 .debug_frame   0x00000358       0xb8 ./gecko_sdk_4.4.4/platform/Device/SiliconLabs/EFM32GG/Source/system_efm32gg.o
 .debug_frame   0x00000410       0x20 ./gecko_sdk_4.4.4/platform/common/src/sl_assert.o
 .debug_frame   0x00000430       0xb0 ./gecko_sdk_4.4.4/platform/common/src/sl_syscalls.o
 .debug_frame   0x000004e0       0x40 ./gecko_sdk_4.4.4/platform/common/toolchain/src/sl_memory.o
 .debug_frame   0x00000520      0x214 ./gecko_sdk_4.4.4/platform/emdrv/dmadrv/src/dmadrv.o
 .debug_frame   0x00000734       0xa4 ./gecko_sdk_4.4.4/platform/emdrv/gpiointerrupt/src/gpiointerrupt.o
 .debug_frame   0x000007d8      0x49c ./gecko_sdk_4.4.4/platform/emdrv/uartdrv/src/uartdrv.o
 .debug_frame   0x00000c74      0x4cc ./gecko_sdk_4.4.4/platform/emlib/src/em_cmu.o
 .debug_frame   0x00001140      0x240 ./gecko_sdk_4.4.4/platform/emlib/src/em_core.o
 .debug_frame   0x00001380      0x254 ./gecko_sdk_4.4.4/platform/emlib/src/em_dma.o
 .debug_frame   0x000015d4      0x24c ./gecko_sdk_4.4.4/platform/emlib/src/em_emu.o
 .debug_frame   0x00001820      0x134 ./gecko_sdk_4.4.4/platform/emlib/src/em_gpio.o
 .debug_frame   0x00001954      0x15c ./gecko_sdk_4.4.4/platform/emlib/src/em_leuart.o
 .debug_frame   0x00001ab0       0xa0 ./gecko_sdk_4.4.4/platform/emlib/src/em_rtc.o
 .debug_frame   0x00001b50       0xe0 ./gecko_sdk_4.4.4/platform/emlib/src/em_system.o
 .debug_frame   0x00001c30      0x1ec ./gecko_sdk_4.4.4/platform/emlib/src/em_usart.o
 .debug_frame   0x00001e1c       0x28 ./gecko_sdk_4.4.4/platform/service/device_init/src/sl_device_init_emu_s0.o
 .debug_frame   0x00001e44       0x28 ./gecko_sdk_4.4.4/platform/service/device_init/src/sl_device_init_hfxo_s0.o
 .debug_frame   0x00001e6c       0x2c ./gecko_sdk_4.4.4/platform/service/device_init/src/sl_device_init_lfxo_s0.o
 .debug_frame   0x00001e98       0x28 ./gecko_sdk_4.4.4/platform/service/device_init/src/sl_device_init_nvic.o
 .debug_frame   0x00001ec0      0x3ac ./gecko_sdk_4.4.4/platform/service/sleeptimer/src/sl_sleeptimer.o
 .debug_frame   0x0000226c      0x128 ./gecko_sdk_4.4.4/platform/service/sleeptimer/src/sl_sleeptimer_hal_rtc.o
 .debug_frame   0x00002394       0x2c ./gecko_sdk_4.4.4/platform/service/system/src/sl_system_init.o
 .debug_frame   0x000023c0       0x2c ./gecko_sdk_4.4.4/platform/service/system/src/sl_system_process_action.o
 .debug_frame   0x000023ec       0x2c c:/siliconlabs/simplicitystudio/v5/developer/toolchains/gnu_arm/12.2.rel1_2023.7/bin/../lib/gcc/arm-none-eabi/12.2.1/thumb/v7-m/nofp\libgcc.a(_aeabi_uldivmod.o)
 .debug_frame   0x00002418       0x34 c:/siliconlabs/simplicitystudio/v5/developer/toolchains/gnu_arm/12.2.rel1_2023.7/bin/../lib/gcc/arm-none-eabi/12.2.1/thumb/v7-m/nofp\libgcc.a(_udivmoddi4.o)
 .debug_frame   0x0000244c       0x28 c:/siliconlabs/simplicitystudio/v5/developer/toolchains/gnu_arm/12.2.rel1_2023.7/bin/../lib/gcc/arm-none-eabi/12.2.1/thumb/v7-m/nofp\libc_nano.a(libc_a-exit.o)
 .debug_frame   0x00002474      0x144 c:/siliconlabs/simplicitystudio/v5/developer/toolchains/gnu_arm/12.2.rel1_2023.7/bin/../lib/gcc/arm-none-eabi/12.2.1/thumb/v7-m/nofp\libc_nano.a(libc_a-findfp.o)
 .debug_frame   0x000025b8       0x20 c:/siliconlabs/simplicitystudio/v5/developer/toolchains/gnu_arm/12.2.rel1_2023.7/bin/../lib/gcc/arm-none-eabi/12.2.1/thumb/v7-m/nofp\libc_nano.a(libc_a-memset.o)
 .debug_frame   0x000025d8       0x2c c:/siliconlabs/simplicitystudio/v5/developer/toolchains/gnu_arm/12.2.rel1_2023.7/bin/../lib/gcc/arm-none-eabi/12.2.1/thumb/v7-m/nofp\libc_nano.a(libc_a-init.o)
