Archive member included to satisfy reference by file (symbol)

/Applications/Simplicity Studio.app/Contents/Eclipse/developer/toolchains/gnu_arm/12.2.rel1_2023.7/bin/../lib/gcc/arm-none-eabi/12.2.1/thumb/v7-m/nofp/libgcc.a(_aeabi_ldivmod.o)
                              ./gecko_sdk_4.4.4/platform/emlib/src/em_usart.o (__aeabi_ldivmod)
/Applications/Simplicity Studio.app/Contents/Eclipse/developer/toolchains/gnu_arm/12.2.rel1_2023.7/bin/../lib/gcc/arm-none-eabi/12.2.1/thumb/v7-m/nofp/libgcc.a(_aeabi_uldivmod.o)
                              ./gecko_sdk_4.4.4/platform/emlib/src/em_usart.o (__aeabi_uldivmod)
/Applications/Simplicity Studio.app/Contents/Eclipse/developer/toolchains/gnu_arm/12.2.rel1_2023.7/bin/../lib/gcc/arm-none-eabi/12.2.1/thumb/v7-m/nofp/libgcc.a(_udivmoddi4.o)
                              /Applications/Simplicity Studio.app/Contents/Eclipse/developer/toolchains/gnu_arm/12.2.rel1_2023.7/bin/../lib/gcc/arm-none-eabi/12.2.1/thumb/v7-m/nofp/libgcc.a(_aeabi_ldivmod.o) (__udivmoddi4)
/Applications/Simplicity Studio.app/Contents/Eclipse/developer/toolchains/gnu_arm/12.2.rel1_2023.7/bin/../lib/gcc/arm-none-eabi/12.2.1/thumb/v7-m/nofp/libgcc.a(_dvmd_tls.o)
                              /Applications/Simplicity Studio.app/Contents/Eclipse/developer/toolchains/gnu_arm/12.2.rel1_2023.7/bin/../lib/gcc/arm-none-eabi/12.2.1/thumb/v7-m/nofp/libgcc.a(_aeabi_ldivmod.o) (__aeabi_ldiv0)
/Applications/Simplicity Studio.app/Contents/Eclipse/developer/toolchains/gnu_arm/12.2.rel1_2023.7/bin/../lib/gcc/arm-none-eabi/12.2.1/../../../../arm-none-eabi/lib/thumb/v7-m/nofp/libc_nano.a(libc_a-abs.o)
                              ./segmentlcd.o (abs)
/Applications/Simplicity Studio.app/Contents/Eclipse/developer/toolchains/gnu_arm/12.2.rel1_2023.7/bin/../lib/gcc/arm-none-eabi/12.2.1/../../../../arm-none-eabi/lib/thumb/v7-m/nofp/libc_nano.a(libc_a-exit.o)
                              /Applications/Simplicity Studio.app/Contents/Eclipse/developer/toolchains/gnu_arm/12.2.rel1_2023.7/bin/../lib/gcc/arm-none-eabi/12.2.1/../../../../arm-none-eabi/lib/thumb/v7-m/nofp/crt0.o (exit)
/Applications/Simplicity Studio.app/Contents/Eclipse/developer/toolchains/gnu_arm/12.2.rel1_2023.7/bin/../lib/gcc/arm-none-eabi/12.2.1/../../../../arm-none-eabi/lib/thumb/v7-m/nofp/libc_nano.a(libc_a-findfp.o)
                              /Applications/Simplicity Studio.app/Contents/Eclipse/developer/toolchains/gnu_arm/12.2.rel1_2023.7/bin/../lib/gcc/arm-none-eabi/12.2.1/../../../../arm-none-eabi/lib/thumb/v7-m/nofp/libc_nano.a(libc_a-exit.o) (__stdio_exit_handler)
/Applications/Simplicity Studio.app/Contents/Eclipse/developer/toolchains/gnu_arm/12.2.rel1_2023.7/bin/../lib/gcc/arm-none-eabi/12.2.1/../../../../arm-none-eabi/lib/thumb/v7-m/nofp/libc_nano.a(libc_a-fwalk.o)
                              /Applications/Simplicity Studio.app/Contents/Eclipse/developer/toolchains/gnu_arm/12.2.rel1_2023.7/bin/../lib/gcc/arm-none-eabi/12.2.1/../../../../arm-none-eabi/lib/thumb/v7-m/nofp/libc_nano.a(libc_a-findfp.o) (_fwalk_sglue)
/Applications/Simplicity Studio.app/Contents/Eclipse/developer/toolchains/gnu_arm/12.2.rel1_2023.7/bin/../lib/gcc/arm-none-eabi/12.2.1/../../../../arm-none-eabi/lib/thumb/v7-m/nofp/libc_nano.a(libc_a-memset.o)
                              /Applications/Simplicity Studio.app/Contents/Eclipse/developer/toolchains/gnu_arm/12.2.rel1_2023.7/bin/../lib/gcc/arm-none-eabi/12.2.1/../../../../arm-none-eabi/lib/thumb/v7-m/nofp/crt0.o (memset)
/Applications/Simplicity Studio.app/Contents/Eclipse/developer/toolchains/gnu_arm/12.2.rel1_2023.7/bin/../lib/gcc/arm-none-eabi/12.2.1/../../../../arm-none-eabi/lib/thumb/v7-m/nofp/libc_nano.a(libc_a-impure.o)
                              /Applications/Simplicity Studio.app/Contents/Eclipse/developer/toolchains/gnu_arm/12.2.rel1_2023.7/bin/../lib/gcc/arm-none-eabi/12.2.1/../../../../arm-none-eabi/lib/thumb/v7-m/nofp/libc_nano.a(libc_a-findfp.o) (_impure_data)
/Applications/Simplicity Studio.app/Contents/Eclipse/developer/toolchains/gnu_arm/12.2.rel1_2023.7/bin/../lib/gcc/arm-none-eabi/12.2.1/../../../../arm-none-eabi/lib/thumb/v7-m/nofp/libc_nano.a(libc_a-init.o)
                              /Applications/Simplicity Studio.app/Contents/Eclipse/developer/toolchains/gnu_arm/12.2.rel1_2023.7/bin/../lib/gcc/arm-none-eabi/12.2.1/../../../../arm-none-eabi/lib/thumb/v7-m/nofp/crt0.o (__libc_init_array)
/Applications/Simplicity Studio.app/Contents/Eclipse/developer/toolchains/gnu_arm/12.2.rel1_2023.7/bin/../lib/gcc/arm-none-eabi/12.2.1/../../../../arm-none-eabi/lib/thumb/v7-m/nofp/libc_nano.a(libc_a-lock.o)
                              /Applications/Simplicity Studio.app/Contents/Eclipse/developer/toolchains/gnu_arm/12.2.rel1_2023.7/bin/../lib/gcc/arm-none-eabi/12.2.1/../../../../arm-none-eabi/lib/thumb/v7-m/nofp/libc_nano.a(libc_a-findfp.o) (__retarget_lock_init_recursive)
[...]
Memory Configuration

Name             Origin             Length             Attributes
FLASH            0x0000000000000000 0x0000000000100000 xr
RAM              0x0000000020000000 0x0000000000020000 xrw
*default*        0x0000000000000000 0xffffffffffffffff

Linker script and memory map

LOAD /Applications/Simplicity Studio.app/Contents/Eclipse/developer/toolchains/gnu_arm/12.2.rel1_2023.7/bin/../lib/gcc/arm-none-eabi/12.2.1/thumb/v7-m/nofp/crti.o
LOAD /Applications/Simplicity Studio.app/Contents/Eclipse/developer/toolchains/gnu_arm/12.2.rel1_2023.7/bin/../lib/gcc/arm-none-eabi/12.2.1/thumb/v7-m/nofp/crtbegin.o
LOAD /Applications/Simplicity Studio.app/Contents/Eclipse/developer/toolchains/gnu_arm/12.2.rel1_2023.7/bin/../lib/gcc/arm-none-eabi/12.2.1/../../../../arm-none-eabi/lib/thumb/v7-m/nofp/crt0.o
START GROUP
LOAD ./Objects.o
LOAD ./app.o
LOAD ./game.o
LOAD ./init_LCD.o
LOAD ./init_uart.o
LOAD ./main.o
LOAD ./segmentlcd.o
LOAD ./segmentlcd_individual.o
LOAD ./autogen/sl_board_default_init.o
LOAD ./autogen/sl_device_init_clocks.o
LOAD ./autogen/sl_event_handler.o
LOAD ./gecko_sdk_4.4.4/hardware/board/src/sl_board_control_gpio.o
LOAD ./gecko_sdk_4.4.4/hardware/board/src/sl_board_init.o
LOAD ./gecko_sdk_4.4.4/platform/Device/SiliconLabs/EFM32GG/Source/startup_efm32gg.o
LOAD ./gecko_sdk_4.4.4/platform/Device/SiliconLabs/EFM32GG/Source/system_efm32gg.o
LOAD ./gecko_sdk_4.4.4/platform/common/src/sl_assert.o
LOAD ./gecko_sdk_4.4.4/platform/common/src/sl_syscalls.o
LOAD ./gecko_sdk_4.4.4/platform/common/toolchain/src/sl_memory.o
LOAD ./gecko_sdk_4.4.4/platform/emlib/src/em_cmu.o
LOAD ./gecko_sdk_4.4.4/platform/emlib/src/em_core.o
LOAD ./gecko_sdk_4.4.4/platform/emlib/src/em_emu.o
LOAD ./gecko_sdk_4.4.4/platform/emlib/src/em_gpio.o
LOAD ./gecko_sdk_4.4.4/platform/emlib/src/em_lcd.o
LOAD ./gecko_sdk_4.4.4/platform/emlib/src/em_msc.o
LOAD ./gecko_sdk_4.4.4/platform/emlib/src/em_system.o
LOAD ./gecko_sdk_4.4.4/platform/emlib/src/em_usart.o
LOAD ./gecko_sdk_4.4.4/platform/service/device_init/src/sl_device_init_emu_s0.o
LOAD ./gecko_sdk_4.4.4/platform/service/device_init/src/sl_device_init_hfxo_s0.o
LOAD ./gecko_sdk_4.4.4/platform/service/device_init/src/sl_device_init_lfxo_s0.o
LOAD ./gecko_sdk_4.4.4/platform/service/device_init/src/sl_device_init_nvic.o
LOAD ./gecko_sdk_4.4.4/platform/service/system/src/sl_system_init.o
LOAD ./gecko_sdk_4.4.4/platform/service/system/src/sl_system_process_action.o
LOAD ./gecko_sdk_4.4.4/platform/service/udelay/src/sl_udelay.o
LOAD ./gecko_sdk_4.4.4/platform/service/udelay/src/sl_udelay_armv6m_gcc.o
LOAD /Applications/Simplicity Studio.app/Contents/Eclipse/developer/toolchains/gnu_arm/12.2.rel1_2023.7/bin/../lib/gcc/arm-none-eabi/12.2.1/thumb/v7-m/nofp/libgcc.a
LOAD /Applications/Simplicity Studio.app/Contents/Eclipse/developer/toolchains/gnu_arm/12.2.rel1_2023.7/bin/../lib/gcc/arm-none-eabi/12.2.1/../../../../arm-none-eabi/lib/thumb/v7-m/nofp/libc_nano.a
LOAD /Applications/Simplicity Studio.app/Contents/Eclipse/developer/toolchains/gnu_arm/12.2.rel1_2023.7/bin/../lib/gcc/arm-none-eabi/12.2.1/../../../../arm-none-eabi/lib/thumb/v7-m/nofp/libm.a
LOAD /Applications/Simplicity Studio.app/Contents/Eclipse/developer/toolchains/gnu_arm/12.2.rel1_2023.7/bin/../lib/gcc/arm-none-eabi/12.2.1/../../../../arm-none-eabi/lib/thumb/v7-m/nofp/libnosys.a
END GROUP
START GROUP
LOAD /Applications/Simplicity Studio.app/Contents/Eclipse/developer/toolchains/gnu_arm/12.2.rel1_2023.7/bin/../lib/gcc/arm-none-eabi/12.2.1/thumb/v7-m/nofp/libgcc.a
LOAD /Applications/Simplicity Studio.app/Contents/Eclipse/developer/toolchains/gnu_arm/12.2.rel1_2023.7/bin/../lib/gcc/arm-none-eabi/12.2.1/../../../../arm-none-eabi/lib/thumb/v7-m/nofp/libc_nano.a
LOAD /Applications/Simplicity Studio.app/Contents/Eclipse/developer/toolchains/gnu_arm/12.2.rel1_2023.7/bin/../lib/gcc/arm-none-eabi/12.2.1/../../../../arm-none-eabi/lib/thumb/v7-m/nofp/libnosys.a
END GROUP
START GROUP
LOAD /Applications/Simplicity Studio.app/Contents/Eclipse/developer/toolchains/gnu_arm/12.2.rel1_2023.7/bin/../lib/gcc/arm-none-eabi/12.2.1/thumb/v7-m/nofp/libgcc.a
LOAD /Applications/Simplicity Studio.app/Contents/Eclipse/developer/toolchains/gnu_arm/12.2.rel1_2023.7/bin/../lib/gcc/arm-none-eabi/12.2.1/../../../../arm-none-eabi/lib/thumb/v7-m/nofp/libg_nano.a
LOAD /Applications/Simplicity Studio.app/Contents/Eclipse/developer/toolchains/gnu_arm/12.2.rel1_2023.7/bin/../lib/gcc/arm-none-eabi/12.2.1/../../../../arm-none-eabi/lib/thumb/v7-m/nofp/libc_nano.a
END GROUP
START GROUP
LOAD /Applications/Simplicity Studio.app/Contents/Eclipse/developer/toolchains/gnu_arm/12.2.rel1_2023.7/bin/../lib/gcc/arm-none-eabi/12.2.1/thumb/v7-m/nofp/libgcc.a
LOAD /Applications/Simplicity Studio.app/Contents/Eclipse/developer/toolchains/gnu_arm/12.2.rel1_2023.7/bin/../lib/gcc/arm-none-eabi/12.2.1/../../../../arm-none-eabi/lib/thumb/v7-m/nofp/libc_nano.a
END GROUP
LOAD /Applications/Simplicity Studio.app/Contents/Eclipse/developer/toolchains/gnu_arm/12.2.rel1_2023.7/bin/../lib/gcc/arm-none-eabi/12.2.1/thumb/v7-m/nofp/crtend.o
LOAD /Applications/Simplicity Studio.app/Contents/Eclipse/developer/toolchains/gnu_arm/12.2.rel1_2023.7/bin/../lib/gcc/arm-none-eabi/12.2.1/thumb/v7-m/nofp/crtn.o

.text           0x0000000000000000     0x2140
                0x0000000000000000                linker_vectors_begin = .
 *(.vectors)
 .vectors       0x0000000000000000       0xdc ./gecko_sdk_4.4.4/platform/Device/SiliconLabs/EFM32GG/Source/startup_efm32gg.o
                0x0000000000000000                __Vectors
                0x00000000000000dc                linker_vectors_end = .
                0x00000000000000dc                __Vectors_End = .
                0x00000000000000dc                __Vectors_Size = (__Vectors_End - __Vectors)
                0x00000000000000dc                linker_code_begin = .
 *(SORT_BY_ALIGNMENT(.text*))
 .text.deregister_tm_clones
                0x00000000000000dc       0x1c /Applications/Simplicity Studio.app/Contents/Eclipse/developer/toolchains/gnu_arm/12.2.rel1_2023.7/bin/../lib/gcc/arm-none-eabi/12.2.1/thumb/v7-m/nofp/crtbegin.o
 .text.register_tm_clones
                0x00000000000000f8       0x24 /Applications/Simplicity Studio.app/Contents/Eclipse/developer/toolchains/gnu_arm/12.2.rel1_2023.7/bin/../lib/gcc/arm-none-eabi/12.2.1/thumb/v7-m/nofp/crtbegin.o
 .text.__do_global_dtors_aux
                0x000000000000011c       0x28 /Applications/Simplicity Studio.app/Contents/Eclipse/developer/toolchains/gnu_arm/12.2.rel1_2023.7/bin/../lib/gcc/arm-none-eabi/12.2.1/thumb/v7-m/nofp/crtbegin.o
 .text.frame_dummy
                0x0000000000000144       0x24 /Applications/Simplicity Studio.app/Contents/Eclipse/developer/toolchains/gnu_arm/12.2.rel1_2023.7/bin/../lib/gcc/arm-none-eabi/12.2.1/thumb/v7-m/nofp/crtbegin.o
 .text          0x0000000000000168       0x7c /Applications/Simplicity Studio.app/Contents/Eclipse/developer/toolchains/gnu_arm/12.2.rel1_2023.7/bin/../lib/gcc/arm-none-eabi/12.2.1/../../../../arm-none-eabi/lib/thumb/v7-m/nofp/crt0.o
                0x0000000000000168                _stack_init
                0x0000000000000170                _mainCRTStartup
                0x0000000000000170                _start
 .text.gameInit
                0x00000000000001e4       0x34 ./game.o
                0x00000000000001e4                gameInit
 .text.clearLCD
                0x0000000000000218       0x24 ./init_LCD.o
                0x0000000000000218                clearLCD
 .text.refreshSnake
                0x000000000000023c      0x120 ./init_LCD.o
                0x000000000000023c                refreshSnake
 .text.UART_init
                0x000000000000035c       0x98 ./init_uart.o
                0x000000000000035c                UART_init
 .text.UART0_RX_IRQHandler
                0x00000000000003f4       0x24 ./init_uart.o
                0x00000000000003f4                UART0_RX_IRQHandler
 .text.UART_switchdir
                0x0000000000000418       0x98 ./init_uart.o
                0x0000000000000418                UART_switchdir
 .text.LCD_SyncBusyDelay
                0x00000000000004b0       0x10 ./segmentlcd.o
 .text.SegmentLCD_AllOff
                0x00000000000004c0       0xac ./segmentlcd.o
                0x00000000000004c0                SegmentLCD_AllOff
 .text.SegmentLCD_Init
                0x000000000000056c       0xac ./segmentlcd.o
                0x000000000000056c                SegmentLCD_Init
 .text.SegmentLCD_LowerSegments
                0x0000000000000618       0x58 ./segmentlcd_individual.o
                0x0000000000000618                SegmentLCD_LowerSegments
 .text.sl_device_init_clocks
                0x0000000000000670       0x50 ./autogen/sl_device_init_clocks.o
                0x0000000000000670                sl_device_init_clocks
 .text.sl_platform_init
                0x00000000000006c0       0x68 ./autogen/sl_event_handler.o
                0x00000000000006c0                sl_platform_init
 .text.sl_board_init
                0x0000000000000728       0x18 ./gecko_sdk_4.4.4/hardware/board/src/sl_board_init.o
                0x0000000000000728                sl_board_init
 .text.sl_board_preinit
                0x0000000000000740        0xc ./gecko_sdk_4.4.4/hardware/board/src/sl_board_init.o
                0x0000000000000740                sl_board_preinit
 .text.Reset_Handler
                0x000000000000074c       0x60 ./gecko_sdk_4.4.4/platform/Device/SiliconLabs/EFM32GG/Source/startup_efm32gg.o
                0x000000000000074c                Reset_Handler
 .text.SystemMaxCoreClockGet
                0x00000000000007ac        0x8 ./gecko_sdk_4.4.4/platform/Device/SiliconLabs/EFM32GG/Source/system_efm32gg.o
                0x00000000000007ac                SystemMaxCoreClockGet
 .text.SystemHFClockGet
                0x00000000000007b4       0xc8 ./gecko_sdk_4.4.4/platform/Device/SiliconLabs/EFM32GG/Source/system_efm32gg.o
                0x00000000000007b4                SystemHFClockGet
 .text.SystemCoreClockGet
                0x000000000000087c       0x20 ./gecko_sdk_4.4.4/platform/Device/SiliconLabs/EFM32GG/Source/system_efm32gg.o
                0x000000000000087c                SystemCoreClockGet
 .text.SystemHFXOClockGet
                0x000000000000089c        0xc ./gecko_sdk_4.4.4/platform/Device/SiliconLabs/EFM32GG/Source/system_efm32gg.o
                0x000000000000089c                SystemHFXOClockGet
 .text.SystemHFXOClockSet
                0x00000000000008a8       0x1c ./gecko_sdk_4.4.4/platform/Device/SiliconLabs/EFM32GG/Source/system_efm32gg.o
                0x00000000000008a8                SystemHFXOClockSet
 .text.SystemInit
                0x00000000000008c4       0x10 ./gecko_sdk_4.4.4/platform/Device/SiliconLabs/EFM32GG/Source/system_efm32gg.o
                0x00000000000008c4                SystemInit
 .text.SystemLFXOClockGet
                0x00000000000008d4        0xc ./gecko_sdk_4.4.4/platform/Device/SiliconLabs/EFM32GG/Source/system_efm32gg.o
                0x00000000000008d4                SystemLFXOClockGet
 .text.CMU_DivToLog2
                0x00000000000008e0       0x2c ./gecko_sdk_4.4.4/platform/emlib/src/em_cmu.o
 .text.auxClkGet
                0x000000000000090c       0x90 ./gecko_sdk_4.4.4/platform/emlib/src/em_cmu.o
 .text.syncReg  0x000000000000099c       0x14 ./gecko_sdk_4.4.4/platform/emlib/src/em_cmu.o
 .text.maxFreqHfle
                0x00000000000009b0       0x64 ./gecko_sdk_4.4.4/platform/emlib/src/em_cmu.o
 .text.setHfLeConfig
                0x0000000000000a14       0x40 ./gecko_sdk_4.4.4/platform/emlib/src/em_cmu.o
 .text.flashWaitStateControl.constprop.0
                0x0000000000000a54       0x64 ./gecko_sdk_4.4.4/platform/emlib/src/em_cmu.o
 .text.flashWaitStateMax
                0x0000000000000ab8       0x24 ./gecko_sdk_4.4.4/platform/emlib/src/em_cmu.o
 .text.CMU_UpdateWaitStates
                0x0000000000000adc       0x20 ./gecko_sdk_4.4.4/platform/emlib/src/em_cmu.o
                0x0000000000000adc                CMU_UpdateWaitStates
 .text.CMU_ClockDivGet
                0x0000000000000afc       0xe0 ./gecko_sdk_4.4.4/platform/emlib/src/em_cmu.o
                0x0000000000000afc                CMU_ClockDivGet
 .text.CMU_ClockDivSet
                0x0000000000000bdc      0x238 ./gecko_sdk_4.4.4/platform/emlib/src/em_cmu.o
                0x0000000000000bdc                CMU_ClockDivSet
 .text.CMU_ClockEnable
                0x0000000000000e14       0x98 ./gecko_sdk_4.4.4/platform/emlib/src/em_cmu.o
                0x0000000000000e14                CMU_ClockEnable
 .text.CMU_ClockSelectGet
                0x0000000000000eac       0xc8 ./gecko_sdk_4.4.4/platform/emlib/src/em_cmu.o
                0x0000000000000eac                CMU_ClockSelectGet
 .text.lfClkGet
                0x0000000000000f74       0xc4 ./gecko_sdk_4.4.4/platform/emlib/src/em_cmu.o
 .text.CMU_ClockFreqGet
                0x0000000000001038      0x194 ./gecko_sdk_4.4.4/platform/emlib/src/em_cmu.o
                0x0000000000001038                CMU_ClockFreqGet
 .text.CMU_HFXOInit
                0x00000000000011cc       0x4c ./gecko_sdk_4.4.4/platform/emlib/src/em_cmu.o
                0x00000000000011cc                CMU_HFXOInit
 .text.CMU_LCDClkFDIVSet
                0x0000000000001218       0x34 ./gecko_sdk_4.4.4/platform/emlib/src/em_cmu.o
                0x0000000000001218                CMU_LCDClkFDIVSet
 .text.CMU_LFXOInit
                0x000000000000124c       0x70 ./gecko_sdk_4.4.4/platform/emlib/src/em_cmu.o
                0x000000000000124c                CMU_LFXOInit
 .text.CMU_LFXOPrecisionSet
                0x00000000000012bc        0xc ./gecko_sdk_4.4.4/platform/emlib/src/em_cmu.o
                0x00000000000012bc                CMU_LFXOPrecisionSet
 .text.CMU_HFXOPrecisionSet
                0x00000000000012c8        0xc ./gecko_sdk_4.4.4/platform/emlib/src/em_cmu.o
                0x00000000000012c8                CMU_HFXOPrecisionSet
 .text.CMU_OscillatorEnable
                0x00000000000012d4       0x58 ./gecko_sdk_4.4.4/platform/emlib/src/em_cmu.o
                0x00000000000012d4                CMU_OscillatorEnable
 .text.sli_em_cmu_HFClockSelectHFXO
                0x000000000000132c       0x5c ./gecko_sdk_4.4.4/platform/emlib/src/em_cmu.o
                0x000000000000132c                sli_em_cmu_HFClockSelectHFXO
 .text.CMU_ClockSelectSet
                0x0000000000001388      0x1c0 ./gecko_sdk_4.4.4/platform/emlib/src/em_cmu.o
                0x0000000000001388                CMU_ClockSelectSet
 .text.EMU_EM4Init
                0x0000000000001548       0x30 ./gecko_sdk_4.4.4/platform/emlib/src/em_emu.o
                0x0000000000001548                EMU_EM4Init
 .text.GPIO_PinOutSet
                0x0000000000001578       0x3c ./gecko_sdk_4.4.4/platform/emlib/src/em_gpio.o
 .text.GPIO_PinOutClear
                0x00000000000015b4       0x3c ./gecko_sdk_4.4.4/platform/emlib/src/em_gpio.o
 .text.GPIO_PinModeSet
                0x00000000000015f0       0x90 ./gecko_sdk_4.4.4/platform/emlib/src/em_gpio.o
                0x00000000000015f0                GPIO_PinModeSet
 .text.BUS_RegBitWrite
                0x0000000000001680       0x2c ./gecko_sdk_4.4.4/platform/emlib/src/em_lcd.o
 .text.LCD_Init
                0x00000000000016ac       0x50 ./gecko_sdk_4.4.4/platform/emlib/src/em_lcd.o
                0x00000000000016ac                LCD_Init
 .text.LCD_VLCDSelect
                0x00000000000016fc       0x1c ./gecko_sdk_4.4.4/platform/emlib/src/em_lcd.o
                0x00000000000016fc                LCD_VLCDSelect
 .text.LCD_SegmentRangeEnable
                0x0000000000001718       0x18 ./gecko_sdk_4.4.4/platform/emlib/src/em_lcd.o
                0x0000000000001718                LCD_SegmentRangeEnable
 .text.LCD_SegmentSet
                0x0000000000001730      0x130 ./gecko_sdk_4.4.4/platform/emlib/src/em_lcd.o
                0x0000000000001730                LCD_SegmentSet
 .text.LCD_SegmentSetLow
                0x0000000000001860       0xb8 ./gecko_sdk_4.4.4/platform/emlib/src/em_lcd.o
                0x0000000000001860                LCD_SegmentSetLow
 .text.LCD_SegmentSetHigh
                0x0000000000001918       0xa8 ./gecko_sdk_4.4.4/platform/emlib/src/em_lcd.o
                0x0000000000001918                LCD_SegmentSetHigh
 .text.LCD_VBoostSet
                0x00000000000019c0       0x14 ./gecko_sdk_4.4.4/platform/emlib/src/em_lcd.o
                0x00000000000019c0                LCD_VBoostSet
 .text.SYSTEM_ChipRevisionGet
                0x00000000000019d4       0x50 ./gecko_sdk_4.4.4/platform/emlib/src/em_system.o
                0x00000000000019d4                SYSTEM_ChipRevisionGet
 .text.SYSTEM_GetProdRev
                0x0000000000001a24       0x10 ./gecko_sdk_4.4.4/platform/emlib/src/em_system.o
                0x0000000000001a24                SYSTEM_GetProdRev
 .text.SYSTEM_GetFamily
                0x0000000000001a34       0x10 ./gecko_sdk_4.4.4/platform/emlib/src/em_system.o
                0x0000000000001a34                SYSTEM_GetFamily
 .text.USART_BaudrateAsyncSet
                0x0000000000001a44       0xe4 ./gecko_sdk_4.4.4/platform/emlib/src/em_usart.o
                0x0000000000001a44                USART_BaudrateAsyncSet
 .text.USART_Reset
                0x0000000000001b28       0x80 ./gecko_sdk_4.4.4/platform/emlib/src/em_usart.o
                0x0000000000001b28                USART_Reset
 .text.USART_InitAsync
                0x0000000000001ba8       0x94 ./gecko_sdk_4.4.4/platform/emlib/src/em_usart.o
                0x0000000000001ba8                USART_InitAsync
 .text.sl_device_init_emu
                0x0000000000001c3c       0x20 ./gecko_sdk_4.4.4/platform/service/device_init/src/sl_device_init_emu_s0.o
                0x0000000000001c3c                sl_device_init_emu
 .text.sl_device_init_hfxo
                0x0000000000001c5c       0x2c ./gecko_sdk_4.4.4/platform/service/device_init/src/sl_device_init_hfxo_s0.o
                0x0000000000001c5c                sl_device_init_hfxo
 .text.sl_device_init_nvic
                0x0000000000001c88       0x3c ./gecko_sdk_4.4.4/platform/service/device_init/src/sl_device_init_nvic.o
                0x0000000000001c88                sl_device_init_nvic
 .text.exit     0x0000000000001cc4       0x24 /Applications/Simplicity Studio.app/Contents/Eclipse/developer/toolchains/gnu_arm/12.2.rel1_2023.7/bin/../lib/gcc/arm-none-eabi/12.2.1/../../../../arm-none-eabi/lib/thumb/v7-m/nofp/libc_nano.a(libc_a-exit.o)
                0x0000000000001cc4                exit
 .text.__libc_init_array
                0x0000000000001ce8       0x48 /Applications/Simplicity Studio.app/Contents/Eclipse/developer/toolchains/gnu_arm/12.2.rel1_2023.7/bin/../lib/gcc/arm-none-eabi/12.2.1/../../../../arm-none-eabi/lib/thumb/v7-m/nofp/libc_nano.a(libc_a-init.o)
                0x0000000000001ce8                __libc_init_array
 .text.app_init
                0x0000000000001d30       0x10 ./app.o
                0x0000000000001d30                app_init
 .text.app_process_action
                0x0000000000001d40        0x2 ./app.o
                0x0000000000001d40                app_process_action
 .text.testLCD  0x0000000000001d42       0x44 ./init_LCD.o
                0x0000000000001d42                testLCD
 .text.startup.main
                0x0000000000001d86       0x2e ./main.o
                0x0000000000001d86                main
 .text.sl_board_default_init
                0x0000000000001db4        0x2 ./autogen/sl_board_default_init.o
                0x0000000000001db4                sl_board_default_init
 .text.sl_driver_init
                0x0000000000001db6        0x2 ./autogen/sl_event_handler.o
                0x0000000000001db6                sl_driver_init
 .text.sl_service_init
                0x0000000000001db8        0x4 ./autogen/sl_event_handler.o
                0x0000000000001db8                sl_service_init
 .text.sl_stack_init
                0x0000000000001dbc        0x2 ./autogen/sl_event_handler.o
                0x0000000000001dbc                sl_stack_init
 .text.sl_internal_app_init
                0x0000000000001dbe        0x2 ./autogen/sl_event_handler.o
                0x0000000000001dbe                sl_internal_app_init
 .text.sl_platform_process_action
                0x0000000000001dc0        0x2 ./autogen/sl_event_handler.o
                0x0000000000001dc0                sl_platform_process_action
 .text.sl_service_process_action
                0x0000000000001dc2        0x2 ./autogen/sl_event_handler.o
                0x0000000000001dc2                sl_service_process_action
 .text.sl_stack_process_action
                0x0000000000001dc4        0x2 ./autogen/sl_event_handler.o
                0x0000000000001dc4                sl_stack_process_action
 .text.sl_internal_app_process_action
                0x0000000000001dc6        0x2 ./autogen/sl_event_handler.o
                0x0000000000001dc6                sl_internal_app_process_action
 .text.sl_board_configure_vcom
                0x0000000000001dc8        0x4 ./gecko_sdk_4.4.4/hardware/board/src/sl_board_control_gpio.o
                0x0000000000001dc8                sl_board_configure_vcom
 .text.Default_Handler
                0x0000000000001dcc        0x2 ./gecko_sdk_4.4.4/platform/Device/SiliconLabs/EFM32GG/Source/startup_efm32gg.o
                0x0000000000001dcc                USART2_TX_IRQHandler
                0x0000000000001dcc                DebugMon_Handler
                0x0000000000001dcc                USART0_TX_IRQHandler
                0x0000000000001dcc                I2C0_IRQHandler
                0x0000000000001dcc                HardFault_Handler
                0x0000000000001dcc                LEUART1_IRQHandler
                0x0000000000001dcc                SysTick_Handler
                0x0000000000001dcc                USART1_RX_IRQHandler
                0x0000000000001dcc                PendSV_Handler
                0x0000000000001dcc                NMI_Handler
                0x0000000000001dcc                I2C1_IRQHandler
                0x0000000000001dcc                TIMER3_IRQHandler
                0x0000000000001dcc                USART1_TX_IRQHandler
                0x0000000000001dcc                MSC_IRQHandler
                0x0000000000001dcc                ADC0_IRQHandler
                0x0000000000001dcc                UsageFault_Handler
                0x0000000000001dcc                LEUART0_IRQHandler
                0x0000000000001dcc                GPIO_EVEN_IRQHandler
                0x0000000000001dcc                UART0_TX_IRQHandler
                0x0000000000001dcc                UART1_TX_IRQHandler
                0x0000000000001dcc                RTC_IRQHandler
                0x0000000000001dcc                TIMER0_IRQHandler
                0x0000000000001dcc                LCD_IRQHandler
                0x0000000000001dcc                PCNT2_IRQHandler
                0x0000000000001dcc                LETIMER0_IRQHandler
                0x0000000000001dcc                TIMER1_IRQHandler
                0x0000000000001dcc                USART2_RX_IRQHandler
                0x0000000000001dcc                Default_Handler
                0x0000000000001dcc                EMU_IRQHandler
                0x0000000000001dcc                PCNT0_IRQHandler
                0x0000000000001dcc                sl_app_properties
                0x0000000000001dcc                USB_IRQHandler
                0x0000000000001dcc                BURTC_IRQHandler
                0x0000000000001dcc                PCNT1_IRQHandler
                0x0000000000001dcc                ACMP0_IRQHandler
                0x0000000000001dcc                USART0_RX_IRQHandler
                0x0000000000001dcc                MemManage_Handler
                0x0000000000001dcc                SVC_Handler
                0x0000000000001dcc                DAC0_IRQHandler
                0x0000000000001dcc                UART1_RX_IRQHandler
                0x0000000000001dcc                CMU_IRQHandler
                0x0000000000001dcc                EBI_IRQHandler
                0x0000000000001dcc                GPIO_ODD_IRQHandler
                0x0000000000001dcc                LESENSE_IRQHandler
                0x0000000000001dcc                AES_IRQHandler
                0x0000000000001dcc                VCMP_IRQHandler
                0x0000000000001dcc                DMA_IRQHandler
                0x0000000000001dcc                BusFault_Handler
                0x0000000000001dcc                TIMER2_IRQHandler
 .text.SystemLFRCOClockGet
                0x0000000000001dce        0x6 ./gecko_sdk_4.4.4/platform/Device/SiliconLabs/EFM32GG/Source/system_efm32gg.o
                0x0000000000001dce                SystemLFRCOClockGet
 .text.SystemULFRCOClockGet
                0x0000000000001dd4        0x6 ./gecko_sdk_4.4.4/platform/Device/SiliconLabs/EFM32GG/Source/system_efm32gg.o
                0x0000000000001dd4                SystemULFRCOClockGet
 .text.assertEFM
                0x0000000000001dda        0x2 ./gecko_sdk_4.4.4/platform/common/src/sl_assert.o
                0x0000000000001dda                assertEFM
 .text._exit    0x0000000000001ddc        0x2 ./gecko_sdk_4.4.4/platform/common/src/sl_syscalls.o
                0x0000000000001ddc                _exit
 .text.CORE_EnterCritical
                0x0000000000001dde        0x8 ./gecko_sdk_4.4.4/platform/emlib/src/em_core.o
                0x0000000000001dde                CORE_EnterCritical
 .text.CORE_ExitCritical
                0x0000000000001de6        0x6 ./gecko_sdk_4.4.4/platform/emlib/src/em_core.o
                0x0000000000001de6                CORE_ExitCritical
 .text.BUS_RegMaskedWrite
                0x0000000000001dec       0x1e ./gecko_sdk_4.4.4/platform/emlib/src/em_gpio.o
 .text.USART_Tx
                0x0000000000001e0a        0xa ./gecko_sdk_4.4.4/platform/emlib/src/em_usart.o
                0x0000000000001e0a                USART_Tx
 .text.sl_device_init_lfxo
                0x0000000000001e14       0x22 ./gecko_sdk_4.4.4/platform/service/device_init/src/sl_device_init_lfxo_s0.o
                0x0000000000001e14                sl_device_init_lfxo
 .text.sl_system_init
                0x0000000000001e36       0x1a ./gecko_sdk_4.4.4/platform/service/system/src/sl_system_init.o
                0x0000000000001e36                sl_system_init
 .text.sl_system_process_action
                0x0000000000001e50       0x16 ./gecko_sdk_4.4.4/platform/service/system/src/sl_system_process_action.o
                0x0000000000001e50                sl_system_process_action
 .text.memset   0x0000000000001e66       0x10 /Applications/Simplicity Studio.app/Contents/Eclipse/developer/toolchains/gnu_arm/12.2.rel1_2023.7/bin/../lib/gcc/arm-none-eabi/12.2.1/../../../../arm-none-eabi/lib/thumb/v7-m/nofp/libc_nano.a(libc_a-memset.o)
                0x0000000000001e66                memset
 .text.memcpy   0x0000000000001e76       0x1c /Applications/Simplicity Studio.app/Contents/Eclipse/developer/toolchains/gnu_arm/12.2.rel1_2023.7/bin/../lib/gcc/arm-none-eabi/12.2.1/../../../../arm-none-eabi/lib/thumb/v7-m/nofp/libc_nano.a(libc_a-memcpy-stub.o)
                0x0000000000001e76                memcpy
                0x0000000000001ea0                . = ALIGN (0x20)
 *fill*         0x0000000000001e92        0xe 
                0x0000000000001ea0                linker_code_end = .
 *(.init)
 .init          0x0000000000001ea0        0x4 /Applications/Simplicity Studio.app/Contents/Eclipse/developer/toolchains/gnu_arm/12.2.rel1_2023.7/bin/../lib/gcc/arm-none-eabi/12.2.1/thumb/v7-m/nofp/crti.o
                0x0000000000001ea0                _init
 .init          0x0000000000001ea4        0x8 /Applications/Simplicity Studio.app/Contents/Eclipse/developer/toolchains/gnu_arm/12.2.rel1_2023.7/bin/../lib/gcc/arm-none-eabi/12.2.1/thumb/v7-m/nofp/crtn.o
 *(.fini)
 .fini          0x0000000000001eac        0x4 /Applications/Simplicity Studio.app/Contents/Eclipse/developer/toolchains/gnu_arm/12.2.rel1_2023.7/bin/../lib/gcc/arm-none-eabi/12.2.1/thumb/v7-m/nofp/crti.o
                0x0000000000001eac                _fini
 .fini          0x0000000000001eb0        0x8 /Applications/Simplicity Studio.app/Contents/Eclipse/developer/toolchains/gnu_arm/12.2.rel1_2023.7/bin/../lib/gcc/arm-none-eabi/12.2.1/thumb/v7-m/nofp/crtn.o
 *crtbegin.o(.ctors)
 *crtbegin?.o(.ctors)
 *(EXCLUDE_FILE(*crtend.o *crtend?.o) .ctors)
 *(SORT_BY_NAME(.ctors.*))
 *(.ctors)
 *crtbegin.o(.dtors)
 *crtbegin?.o(.dtors)
 *(EXCLUDE_FILE(*crtend.o *crtend?.o) .dtors)
 *(SORT_BY_NAME(.dtors.*))
 *(.dtors)
                0x0000000000001eb8                __code_classification_validator_start__ = .
                0x0000000000001ed8                . = (. + 0x20)
 *fill*         0x0000000000001eb8       0x20 
 *(code_classification_validator)
                0x0000000000001ee0                . = ALIGN (0x20)
 *fill*         0x0000000000001ed8        0x8 
                0x0000000000001ee0                __code_classification_validator_end__ = .
 *(.rodata*)
 .rodata        0x0000000000001ee0       0x18 ./init_uart.o
 .rodata.lcdInit
                0x0000000000001ef8       0x14 ./segmentlcd.o
 .rodata.CMU_DivToLog2.str1.1
                0x0000000000001f0c       0x5b ./gecko_sdk_4.4.4/platform/emlib/src/em_cmu.o
 .rodata.auxClkGet.str1.1
                0x0000000000001f67       0x2f ./gecko_sdk_4.4.4/platform/emlib/src/em_cmu.o
 .rodata.CSWTCH.62
                0x0000000000001f96        0xa ./gecko_sdk_4.4.4/platform/emlib/src/em_cmu.o
 .rodata.CSWTCH.61
                0x0000000000001fa0        0xa ./gecko_sdk_4.4.4/platform/emlib/src/em_cmu.o
 .rodata.CSWTCH.60
                0x0000000000001faa        0x5 ./gecko_sdk_4.4.4/platform/emlib/src/em_cmu.o
 .rodata.GPIO_PinOutSet.str1.1
                0x0000000000001faf       0x5c ./gecko_sdk_4.4.4/platform/emlib/src/em_gpio.o
 .rodata.GPIO_DbgLocationSet.str1.1
                0x000000000000200b       0x30 ./gecko_sdk_4.4.4/platform/emlib/src/em_gpio.o
 *fill*         0x000000000000203b        0x1 
 .rodata.CSWTCH.36
                0x000000000000203c        0xc ./gecko_sdk_4.4.4/platform/emlib/src/em_gpio.o
 .rodata.BUS_RegBitWrite.str1.1
                0x0000000000002048       0x5b ./gecko_sdk_4.4.4/platform/emlib/src/em_lcd.o
 .rodata.LCD_Init.str1.1
                0x00000000000020a3       0x2f ./gecko_sdk_4.4.4/platform/emlib/src/em_lcd.o
 .rodata.SYSTEM_ChipRevisionGet.str1.1
                0x00000000000020d2       0x32 ./gecko_sdk_4.4.4/platform/emlib/src/em_system.o
 .rodata.USART_BaudrateAsyncSet.str1.1
                0x0000000000002104       0x31 ./gecko_sdk_4.4.4/platform/emlib/src/em_usart.o
 .rodata        0x0000000000002135        0x5 ./gecko_sdk_4.4.4/platform/service/device_init/src/sl_device_init_emu_s0.o
 .rodata        0x000000000000213a        0x4 ./gecko_sdk_4.4.4/platform/service/device_init/src/sl_device_init_hfxo_s0.o
 *(.eh_frame*)
 *fill*         0x000000000000213e        0x2 
 .eh_frame      0x0000000000002140        0x0 /Applications/Simplicity Studio.app/Contents/Eclipse/developer/toolchains/gnu_arm/12.2.rel1_2023.7/bin/../lib/gcc/arm-none-eabi/12.2.1/thumb/v7-m/nofp/crtbegin.o

.glue_7         0x0000000000002140        0x0
 .glue_7        0x0000000000002140        0x0 linker stubs

.glue_7t        0x0000000000002140        0x0
 .glue_7t       0x0000000000002140        0x0 linker stubs

.vfp11_veneer   0x0000000000002140        0x0
 .vfp11_veneer  0x0000000000002140        0x0 linker stubs

.v4_bx          0x0000000000002140        0x0
 .v4_bx         0x0000000000002140        0x0 linker stubs

.iplt           0x0000000000002140        0x0
 .iplt          0x0000000000002140        0x0 /Applications/Simplicity Studio.app/Contents/Eclipse/developer/toolchains/gnu_arm/12.2.rel1_2023.7/bin/../lib/gcc/arm-none-eabi/12.2.1/thumb/v7-m/nofp/crtbegin.o

.ARM.extab
 *(.ARM.extab* .gnu.linkonce.armextab.*)
                0x0000000000002140                __exidx_start = .

.ARM.exidx      0x0000000000002140        0x8
 *(.ARM.exidx* .gnu.linkonce.armexidx.*)
 .ARM.exidx     0x0000000000002140        0x8 /Applications/Simplicity Studio.app/Contents/Eclipse/developer/toolchains/gnu_arm/12.2.rel1_2023.7/bin/../lib/gcc/arm-none-eabi/12.2.1/../../../../arm-none-eabi/lib/thumb/v7-m/nofp/crt0.o
                                         0x10 (size before relaxing)
                0x0000000000002148                __exidx_end = .

.rel.dyn        0x0000000000002148        0x0
 .rel.iplt      0x0000000000002148        0x0 /Applications/Simplicity Studio.app/Contents/Eclipse/developer/toolchains/gnu_arm/12.2.rel1_2023.7/bin/../lib/gcc/arm-none-eabi/12.2.1/thumb/v7-m/nofp/crtbegin.o

.copy.table     0x0000000000002148        0xc
                0x0000000000002148                . = ALIGN (0x4)
                0x0000000000002148                __copy_table_start__ = .
                0x0000000000002148        0x4 LONG 0x2154 __etext
                0x000000000000214c        0x4 LONG 0x20001000 __data_start__
                0x0000000000002150        0x4 LONG 0x37 ((__data_end__ - __data_start__) / 0x4)
                0x0000000000002154                __copy_table_end__ = .

.zero.table     0x0000000000002154        0x0
                0x0000000000002154                . = ALIGN (0x4)
                0x0000000000002154                __zero_table_start__ = .
                0x0000000000002154                __zero_table_end__ = .
                0x0000000000002154                __etext = .
                0x0000000020000000                . = ORIGIN (RAM)

.stack          0x0000000020000000     0x1000
                0x0000000020000000                __StackLimit = .
 *(.stack*)
 .stack         0x0000000020000000     0x1000 ./gecko_sdk_4.4.4/platform/common/toolchain/src/sl_memory.o
                0x0000000020001000                . = ALIGN (0x4)
                0x0000000020001000                __StackTop = .
                0x0000000020001000                PROVIDE (__stack = __StackTop)

.noinit
 *(.noinit*)

.data           0x0000000020001000       0xdc load address 0x0000000000002154
                0x0000000020001000                . = ALIGN (0x4)
                0x0000000020001000                __data_start__ = .
 *(vtable)
 *(SORT_BY_ALIGNMENT(.data*))
 .data.SystemCoreClock
                0x0000000020001000        0x4 ./gecko_sdk_4.4.4/platform/Device/SiliconLabs/EFM32GG/Source/system_efm32gg.o
                0x0000000020001000                SystemCoreClock
 .data.SystemLFXOClock
                0x0000000020001004        0x4 ./gecko_sdk_4.4.4/platform/Device/SiliconLabs/EFM32GG/Source/system_efm32gg.o
 .data.SystemHFXOClock
                0x0000000020001008        0x4 ./gecko_sdk_4.4.4/platform/Device/SiliconLabs/EFM32GG/Source/system_efm32gg.o
 .data.hfxo_precision
                0x000000002000100c        0x2 ./gecko_sdk_4.4.4/platform/emlib/src/em_cmu.o
 .data.lfxo_precision
                0x000000002000100e        0x2 ./gecko_sdk_4.4.4/platform/emlib/src/em_cmu.o
 .data.Text     0x0000000020001010       0xc4 ./segmentlcd_individual.o
                0x0000000020001010                Text
                0x00000000200010d4                . = ALIGN (0x4)
                [!provide]                        PROVIDE (__ram_func_section_start = .)
 *(.ram)
                [!provide]                        PROVIDE (__ram_func_section_end = .)
                0x00000000200010d4                . = ALIGN (0x4)
                0x00000000200010d4                PROVIDE (__preinit_array_start = .)
 *(.preinit_array)
                0x00000000200010d4                PROVIDE (__preinit_array_end = .)
                0x00000000200010d4                . = ALIGN (0x4)
                0x00000000200010d4                PROVIDE (__init_array_start = .)
 *(SORT_BY_NAME(.init_array.*))
 *(.init_array)
 .init_array    0x00000000200010d4        0x4 /Applications/Simplicity Studio.app/Contents/Eclipse/developer/toolchains/gnu_arm/12.2.rel1_2023.7/bin/../lib/gcc/arm-none-eabi/12.2.1/thumb/v7-m/nofp/crtbegin.o
                0x00000000200010d8                PROVIDE (__init_array_end = .)
                0x00000000200010d8                . = ALIGN (0x4)
                [!provide]                        PROVIDE (__fini_array_start = .)
 *(SORT_BY_NAME(.fini_array.*))
 *(.fini_array)
 .fini_array    0x00000000200010d8        0x4 /Applications/Simplicity Studio.app/Contents/Eclipse/developer/toolchains/gnu_arm/12.2.rel1_2023.7/bin/../lib/gcc/arm-none-eabi/12.2.1/thumb/v7-m/nofp/crtbegin.o
                [!provide]                        PROVIDE (__fini_array_end = .)
                0x00000000200010dc                . = ALIGN (0x4)
                0x00000000200010dc                __data_end__ = .

.tm_clone_table
                0x00000000200010dc        0x0 load address 0x0000000000002230
 .tm_clone_table
                0x00000000200010dc        0x0 /Applications/Simplicity Studio.app/Contents/Eclipse/developer/toolchains/gnu_arm/12.2.rel1_2023.7/bin/../lib/gcc/arm-none-eabi/12.2.1/thumb/v7-m/nofp/crtbegin.o
 .tm_clone_table
                0x00000000200010dc        0x0 /Applications/Simplicity Studio.app/Contents/Eclipse/developer/toolchains/gnu_arm/12.2.rel1_2023.7/bin/../lib/gcc/arm-none-eabi/12.2.1/thumb/v7-m/nofp/crtend.o

.igot.plt       0x00000000200010dc        0x0 load address 0x0000000000002230
 .igot.plt      0x00000000200010dc        0x0 /Applications/Simplicity Studio.app/Contents/Eclipse/developer/toolchains/gnu_arm/12.2.rel1_2023.7/bin/../lib/gcc/arm-none-eabi/12.2.1/thumb/v7-m/nofp/crtbegin.o

.bss            0x00000000200010dc      0x1cc load address 0x0000000000002230
                0x00000000200010dc                . = ALIGN (0x4)
                0x00000000200010dc                __bss_start__ = .
 *(SORT_BY_ALIGNMENT(.bss*))
 .bss.object.0  0x00000000200010dc       0x18 /Applications/Simplicity Studio.app/Contents/Eclipse/developer/toolchains/gnu_arm/12.2.rel1_2023.7/bin/../lib/gcc/arm-none-eabi/12.2.1/thumb/v7-m/nofp/crtbegin.o
 .bss.snake     0x00000000200010f4      0x198 ./game.o
                0x00000000200010f4                snake
 .bss.UARTvalue
                0x000000002000128c        0x4 ./init_uart.o
                0x000000002000128c                UARTvalue
 .bss.UARTflag  0x0000000020001290        0x4 ./init_uart.o
                0x0000000020001290                UARTflag
 .bss.__stdio_exit_handler
                0x0000000020001294        0x4 /Applications/Simplicity Studio.app/Contents/Eclipse/developer/toolchains/gnu_arm/12.2.rel1_2023.7/bin/../lib/gcc/arm-none-eabi/12.2.1/../../../../arm-none-eabi/lib/thumb/v7-m/nofp/libc_nano.a(libc_a-findfp.o)
                0x0000000020001294                __stdio_exit_handler
 .bss.lowerCharSegments
                0x0000000020001298        0xe ./init_LCD.o
                0x0000000020001298                lowerCharSegments
 .bss.completed.1
                0x00000000200012a6        0x1 /Applications/Simplicity Studio.app/Contents/Eclipse/developer/toolchains/gnu_arm/12.2.rel1_2023.7/bin/../lib/gcc/arm-none-eabi/12.2.1/thumb/v7-m/nofp/crtbegin.o
 *(COMMON)
                0x00000000200012a8                . = ALIGN (0x4)
 *fill*         0x00000000200012a7        0x1 
                0x00000000200012a8                __bss_end__ = .
                0x00000000200012a8                __ramfuncs_start__ = .
                0x00000000200012a8                __vma_ramfuncs_start__ = .
                0x0000000000002230                __lma_ramfuncs_start__ = (__etext + SIZEOF (.data))
                0x0000000000000000                __text_application_ram_offset__ = (. - __vma_ramfuncs_start__)

text_application_ram
                0x00000000200012a8        0x0 load address 0x0000000000002230
                0x00000000200012a8                . = ALIGN (0x4)
                0x00000000200012a8                __text_application_ram_start__ = .
 *(text_application_ram)
                0x00000000200012a8                . = ALIGN (0x4)
                0x00000000200012a8                __text_application_ram_end__ = .
                0x00000000200012a8                . = ALIGN (0x4)
                0x00000000200012a8                __vma_ramfuncs_end__ = .
                0x0000000000002230                __lma_ramfuncs_end__ = ((__lma_ramfuncs_start__ + __text_application_ram_offset__) + SIZEOF (text_application_ram))
                0x00000000200012a8                __ramfuncs_end__ = .

.heap           0x00000000200012a8      0x800
                0x00000000200012a8                __HeapBase = .
                0x00000000200012a8                __end__ = .
                0x00000000200012a8                end = __end__
                0x00000000200012a8                _end = __end__
 *(.heap*)
 .heap          0x00000000200012a8      0x800 ./gecko_sdk_4.4.4/platform/common/toolchain/src/sl_memory.o
                0x0000000020020000                __HeapLimit = (ORIGIN (RAM) + LENGTH (RAM))
                0x000000000001ed58                __heap_size = (__HeapLimit - __HeapBase)
                0x0000000020020000                __ram_end__ = 0x20020000
                0x0000000000100000                __main_flash_end__ = 0x100000

.internal_storage
 *(.internal_storage*)

.nvm
 *(.simee*)
                0x0000000000100000                linker_nvm_end = __main_flash_end__
                0x0000000000100000                linker_nvm_begin = (linker_nvm_end - SIZEOF (.nvm))
                0x0000000000000000                linker_nvm_size = SIZEOF (.nvm)
                0x0000000000100000                linker_storage_end = linker_nvm_begin
                0x0000000000100000                __nvm3Base = linker_nvm_begin
                0x0000000000100000                linker_storage_begin = (linker_storage_end - SIZEOF (.internal_storage))
                0x0000000000000000                linker_storage_size = SIZEOF (.internal_storage)
                0x0000000000000001                ASSERT ((linker_storage_begin >= (__etext + SIZEOF (.data))), FLASH memory overflowed !)
OUTPUT(snake.axf elf32-littlearm)
LOAD linker stubs

.ARM.attributes
                0x0000000000000000       0x29
 .ARM.attributes
                0x0000000000000000       0x1d /Applications/Simplicity Studio.app/Contents/Eclipse/developer/toolchains/gnu_arm/12.2.rel1_2023.7/bin/../lib/gcc/arm-none-eabi/12.2.1/thumb/v7-m/nofp/crti.o
 .ARM.attributes
                0x000000000000001d       0x2d /Applications/Simplicity Studio.app/Contents/Eclipse/developer/toolchains/gnu_arm/12.2.rel1_2023.7/bin/../lib/gcc/arm-none-eabi/12.2.1/thumb/v7-m/nofp/crtbegin.o
 .ARM.attributes
                0x000000000000004a       0x1b /Applications/Simplicity Studio.app/Contents/Eclipse/developer/toolchains/gnu_arm/12.2.rel1_2023.7/bin/../lib/gcc/arm-none-eabi/12.2.1/../../../../arm-none-eabi/lib/thumb/v7-m/nofp/crt0.o
 .ARM.attributes
                0x0000000000000065       0x2d ./app.o
 .ARM.attributes
                0x0000000000000092       0x2d ./game.o
 .ARM.attributes
                0x00000000000000bf       0x2d ./init_LCD.o
 .ARM.attributes
                0x00000000000000ec       0x2d ./init_uart.o
 .ARM.attributes
                0x0000000000000119       0x2d ./main.o
 .ARM.attributes
                0x0000000000000146       0x2d ./segmentlcd.o
 .ARM.attributes
                0x0000000000000173       0x2d ./segmentlcd_individual.o
 .ARM.attributes
                0x00000000000001a0       0x2d ./autogen/sl_board_default_init.o
 .ARM.attributes
                0x00000000000001cd       0x2d ./autogen/sl_device_init_clocks.o
 .ARM.attributes
                0x00000000000001fa       0x2d ./autogen/sl_event_handler.o
 .ARM.attributes
                0x0000000000000227       0x2d ./gecko_sdk_4.4.4/hardware/board/src/sl_board_control_gpio.o
 .ARM.attributes
                0x0000000000000254       0x2d ./gecko_sdk_4.4.4/hardware/board/src/sl_board_init.o
 .ARM.attributes
                0x0000000000000281       0x2d ./gecko_sdk_4.4.4/platform/Device/SiliconLabs/EFM32GG/Source/startup_efm32gg.o
 .ARM.attributes
                0x00000000000002ae       0x2d ./gecko_sdk_4.4.4/platform/Device/SiliconLabs/EFM32GG/Source/system_efm32gg.o
 .ARM.attributes
                0x00000000000002db       0x2d ./gecko_sdk_4.4.4/platform/common/src/sl_assert.o
 .ARM.attributes
                0x0000000000000308       0x2d ./gecko_sdk_4.4.4/platform/common/src/sl_syscalls.o
 .ARM.attributes
                0x0000000000000335       0x2d ./gecko_sdk_4.4.4/platform/common/toolchain/src/sl_memory.o
 .ARM.attributes
                0x0000000000000362       0x2d ./gecko_sdk_4.4.4/platform/emlib/src/em_cmu.o
 .ARM.attributes
                0x000000000000038f       0x2d ./gecko_sdk_4.4.4/platform/emlib/src/em_core.o
 .ARM.attributes
                0x00000000000003bc       0x2d ./gecko_sdk_4.4.4/platform/emlib/src/em_emu.o
 .ARM.attributes
                0x00000000000003e9       0x2d ./gecko_sdk_4.4.4/platform/emlib/src/em_gpio.o
 .ARM.attributes
                0x0000000000000416       0x2d ./gecko_sdk_4.4.4/platform/emlib/src/em_lcd.o
 .ARM.attributes
                0x0000000000000443       0x2d ./gecko_sdk_4.4.4/platform/emlib/src/em_system.o
 .ARM.attributes
                0x0000000000000470       0x2d ./gecko_sdk_4.4.4/platform/emlib/src/em_usart.o
 .ARM.attributes
                0x000000000000049d       0x2d ./gecko_sdk_4.4.4/platform/service/device_init/src/sl_device_init_emu_s0.o
 .ARM.attributes
                0x00000000000004ca       0x2d ./gecko_sdk_4.4.4/platform/service/device_init/src/sl_device_init_hfxo_s0.o
 .ARM.attributes
                0x00000000000004f7       0x2d ./gecko_sdk_4.4.4/platform/service/device_init/src/sl_device_init_lfxo_s0.o
 .ARM.attributes
                0x0000000000000524       0x2d ./gecko_sdk_4.4.4/platform/service/device_init/src/sl_device_init_nvic.o
 .ARM.attributes
                0x0000000000000551       0x2d ./gecko_sdk_4.4.4/platform/service/system/src/sl_system_init.o
 .ARM.attributes
                0x000000000000057e       0x2d ./gecko_sdk_4.4.4/platform/service/system/src/sl_system_process_action.o
 .ARM.attributes
                0x00000000000005ab       0x2d /Applications/Simplicity Studio.app/Contents/Eclipse/developer/toolchains/gnu_arm/12.2.rel1_2023.7/bin/../lib/gcc/arm-none-eabi/12.2.1/../../../../arm-none-eabi/lib/thumb/v7-m/nofp/libc_nano.a(libc_a-exit.o)
 .ARM.attributes
                0x00000000000005d8       0x2d /Applications/Simplicity Studio.app/Contents/Eclipse/developer/toolchains/gnu_arm/12.2.rel1_2023.7/bin/../lib/gcc/arm-none-eabi/12.2.1/../../../../arm-none-eabi/lib/thumb/v7-m/nofp/libc_nano.a(libc_a-findfp.o)
 .ARM.attributes
                0x0000000000000605       0x2d /Applications/Simplicity Studio.app/Contents/Eclipse/developer/toolchains/gnu_arm/12.2.rel1_2023.7/bin/../lib/gcc/arm-none-eabi/12.2.1/../../../../arm-none-eabi/lib/thumb/v7-m/nofp/libc_nano.a(libc_a-memset.o)
 .ARM.attributes
                0x0000000000000632       0x2d /Applications/Simplicity Studio.app/Contents/Eclipse/developer/toolchains/gnu_arm/12.2.rel1_2023.7/bin/../lib/gcc/arm-none-eabi/12.2.1/../../../../arm-none-eabi/lib/thumb/v7-m/nofp/libc_nano.a(libc_a-init.o)
 .ARM.attributes
                0x000000000000065f       0x2d /Applications/Simplicity Studio.app/Contents/Eclipse/developer/toolchains/gnu_arm/12.2.rel1_2023.7/bin/../lib/gcc/arm-none-eabi/12.2.1/../../../../arm-none-eabi/lib/thumb/v7-m/nofp/libc_nano.a(libc_a-memcpy-stub.o)
 .ARM.attributes
                0x000000000000068c       0x2d /Applications/Simplicity Studio.app/Contents/Eclipse/developer/toolchains/gnu_arm/12.2.rel1_2023.7/bin/../lib/gcc/arm-none-eabi/12.2.1/thumb/v7-m/nofp/crtend.o
 .ARM.attributes
                0x00000000000006b9       0x1d /Applications/Simplicity Studio.app/Contents/Eclipse/developer/toolchains/gnu_arm/12.2.rel1_2023.7/bin/../lib/gcc/arm-none-eabi/12.2.1/thumb/v7-m/nofp/crtn.o

.comment        0x0000000000000000       0x45
 .comment       0x0000000000000000       0x45 ./app.o
                                         0x46 (size before relaxing)
 .comment       0x0000000000000045       0x46 ./game.o
 .comment       0x0000000000000045       0x46 ./init_LCD.o
 .comment       0x0000000000000045       0x46 ./init_uart.o
 .comment       0x0000000000000045       0x46 ./main.o
 .comment       0x0000000000000045       0x46 ./segmentlcd.o
 .comment       0x0000000000000045       0x46 ./segmentlcd_individual.o
 .comment       0x0000000000000045       0x46 ./autogen/sl_board_default_init.o
 .comment       0x0000000000000045       0x46 ./autogen/sl_device_init_clocks.o
 .comment       0x0000000000000045       0x46 ./autogen/sl_event_handler.o
 .comment       0x0000000000000045       0x46 ./gecko_sdk_4.4.4/hardware/board/src/sl_board_control_gpio.o
 .comment       0x0000000000000045       0x46 ./gecko_sdk_4.4.4/hardware/board/src/sl_board_init.o
 .comment       0x0000000000000045       0x46 ./gecko_sdk_4.4.4/platform/Device/SiliconLabs/EFM32GG/Source/startup_efm32gg.o
 .comment       0x0000000000000045       0x46 ./gecko_sdk_4.4.4/platform/Device/SiliconLabs/EFM32GG/Source/system_efm32gg.o
 .comment       0x0000000000000045       0x46 ./gecko_sdk_4.4.4/platform/common/src/sl_assert.o
 .comment       0x0000000000000045       0x46 ./gecko_sdk_4.4.4/platform/common/src/sl_syscalls.o
 .comment       0x0000000000000045       0x46 ./gecko_sdk_4.4.4/platform/common/toolchain/src/sl_memory.o
 .comment       0x0000000000000045       0x46 ./gecko_sdk_4.4.4/platform/emlib/src/em_cmu.o
 .comment       0x0000000000000045       0x46 ./gecko_sdk_4.4.4/platform/emlib/src/em_core.o
 .comment       0x0000000000000045       0x46 ./gecko_sdk_4.4.4/platform/emlib/src/em_emu.o
 .comment       0x0000000000000045       0x46 ./gecko_sdk_4.4.4/platform/emlib/src/em_gpio.o
 .comment       0x0000000000000045       0x46 ./gecko_sdk_4.4.4/platform/emlib/src/em_lcd.o
 .comment       0x0000000000000045       0x46 ./gecko_sdk_4.4.4/platform/emlib/src/em_system.o
 .comment       0x0000000000000045       0x46 ./gecko_sdk_4.4.4/platform/emlib/src/em_usart.o
 .comment       0x0000000000000045       0x46 ./gecko_sdk_4.4.4/platform/service/device_init/src/sl_device_init_emu_s0.o
 .comment       0x0000000000000045       0x46 ./gecko_sdk_4.4.4/platform/service/device_init/src/sl_device_init_hfxo_s0.o
 .comment       0x0000000000000045       0x46 ./gecko_sdk_4.4.4/platform/service/device_init/src/sl_device_init_lfxo_s0.o
 .comment       0x0000000000000045       0x46 ./gecko_sdk_4.4.4/platform/service/device_init/src/sl_device_init_nvic.o
 .comment       0x0000000000000045       0x46 ./gecko_sdk_4.4.4/platform/service/system/src/sl_system_init.o
 .comment       0x0000000000000045       0x46 ./gecko_sdk_4.4.4/platform/service/system/src/sl_system_process_action.o

.debug_line_str
                0x0000000000000000       0xe8
 .debug_line_str
                0x0000000000000000       0xe8 /Applications/Simplicity Studio.app/Contents/Eclipse/developer/toolchains/gnu_arm/12.2.rel1_2023.7/bin/../lib/gcc/arm-none-eabi/12.2.1/../../../../arm-none-eabi/lib/thumb/v7-m/nofp/crt0.o

.debug_info     0x0000000000000000     0xffc4
 .debug_info    0x0000000000000000       0xff ./app.o
 .debug_info    0x00000000000000ff      0x327 ./game.o
 .debug_info    0x0000000000000426      0x5e6 ./init_LCD.o
 .debug_info    0x0000000000000a0c     0x105b ./init_uart.o
 .debug_info    0x0000000000001a67      0x1ba ./main.o
 .debug_info    0x0000000000001c21     0x2151 ./segmentlcd.o
 .debug_info    0x0000000000003d72      0x7b5 ./segmentlcd_individual.o
 .debug_info    0x0000000000004527       0x86 ./autogen/sl_board_default_init.o
 .debug_info    0x00000000000045ad      0x576 ./autogen/sl_device_init_clocks.o
 .debug_info    0x0000000000004b23      0x443 ./autogen/sl_event_handler.o
 .debug_info    0x0000000000004f66      0x525 ./gecko_sdk_4.4.4/hardware/board/src/sl_board_control_gpio.o
 .debug_info    0x000000000000548b      0x2b6 ./gecko_sdk_4.4.4/hardware/board/src/sl_board_init.o
 .debug_info    0x0000000000005741      0x321 ./gecko_sdk_4.4.4/platform/Device/SiliconLabs/EFM32GG/Source/startup_efm32gg.o
 .debug_info    0x0000000000005a62      0x828 ./gecko_sdk_4.4.4/platform/Device/SiliconLabs/EFM32GG/Source/system_efm32gg.o
 .debug_info    0x000000000000628a       0x86 ./gecko_sdk_4.4.4/platform/common/src/sl_assert.o
 .debug_info    0x0000000000006310      0x306 ./gecko_sdk_4.4.4/platform/common/src/sl_syscalls.o
 .debug_info    0x0000000000006616      0x205 ./gecko_sdk_4.4.4/platform/common/toolchain/src/sl_memory.o
 .debug_info    0x000000000000681b     0x2d75 ./gecko_sdk_4.4.4/platform/emlib/src/em_cmu.o
 .debug_info    0x0000000000009590     0x1172 ./gecko_sdk_4.4.4/platform/emlib/src/em_core.o
 .debug_info    0x000000000000a702     0x16df ./gecko_sdk_4.4.4/platform/emlib/src/em_emu.o
 .debug_info    0x000000000000bde1      0xaa9 ./gecko_sdk_4.4.4/platform/emlib/src/em_gpio.o
 .debug_info    0x000000000000c88a      0xfe2 ./gecko_sdk_4.4.4/platform/emlib/src/em_lcd.o
 .debug_info    0x000000000000d86c      0x67f ./gecko_sdk_4.4.4/platform/emlib/src/em_system.o
 .debug_info    0x000000000000deeb     0x1444 ./gecko_sdk_4.4.4/platform/emlib/src/em_usart.o
 .debug_info    0x000000000000f32f      0x18d ./gecko_sdk_4.4.4/platform/service/device_init/src/sl_device_init_emu_s0.o
 .debug_info    0x000000000000f4bc      0x209 ./gecko_sdk_4.4.4/platform/service/device_init/src/sl_device_init_hfxo_s0.o
 .debug_info    0x000000000000f6c5      0x206 ./gecko_sdk_4.4.4/platform/service/device_init/src/sl_device_init_lfxo_s0.o
 .debug_info    0x000000000000f8cb      0x5bf ./gecko_sdk_4.4.4/platform/service/device_init/src/sl_device_init_nvic.o
 .debug_info    0x000000000000fe8a       0xa7 ./gecko_sdk_4.4.4/platform/service/system/src/sl_system_init.o
 .debug_info    0x000000000000ff31       0x93 ./gecko_sdk_4.4.4/platform/service/system/src/sl_system_process_action.o

.debug_abbrev   0x0000000000000000     0x38e3
 .debug_abbrev  0x0000000000000000       0xbd ./app.o
 .debug_abbrev  0x00000000000000bd      0x1a4 ./game.o
 .debug_abbrev  0x0000000000000261      0x227 ./init_LCD.o
 .debug_abbrev  0x0000000000000488      0x33f ./init_uart.o
 .debug_abbrev  0x00000000000007c7       0xe9 ./main.o
 .debug_abbrev  0x00000000000008b0      0x36f ./segmentlcd.o
 .debug_abbrev  0x0000000000000c1f      0x1cb ./segmentlcd_individual.o
 .debug_abbrev  0x0000000000000dea       0x46 ./autogen/sl_board_default_init.o
 .debug_abbrev  0x0000000000000e30      0x13c ./autogen/sl_device_init_clocks.o
 .debug_abbrev  0x0000000000000f6c      0x1f3 ./autogen/sl_event_handler.o
 .debug_abbrev  0x000000000000115f      0x1af ./gecko_sdk_4.4.4/hardware/board/src/sl_board_control_gpio.o
 .debug_abbrev  0x000000000000130e      0x10b ./gecko_sdk_4.4.4/hardware/board/src/sl_board_init.o
 .debug_abbrev  0x0000000000001419      0x1c8 ./gecko_sdk_4.4.4/platform/Device/SiliconLabs/EFM32GG/Source/startup_efm32gg.o
 .debug_abbrev  0x00000000000015e1      0x246 ./gecko_sdk_4.4.4/platform/Device/SiliconLabs/EFM32GG/Source/system_efm32gg.o
 .debug_abbrev  0x0000000000001827       0x6c ./gecko_sdk_4.4.4/platform/common/src/sl_assert.o
 .debug_abbrev  0x0000000000001893      0x143 ./gecko_sdk_4.4.4/platform/common/src/sl_syscalls.o
 .debug_abbrev  0x00000000000019d6      0x11e ./gecko_sdk_4.4.4/platform/common/toolchain/src/sl_memory.o
 .debug_abbrev  0x0000000000001af4      0x4db ./gecko_sdk_4.4.4/platform/emlib/src/em_cmu.o
 .debug_abbrev  0x0000000000001fcf      0x33e ./gecko_sdk_4.4.4/platform/emlib/src/em_core.o
 .debug_abbrev  0x000000000000230d      0x460 ./gecko_sdk_4.4.4/platform/emlib/src/em_emu.o
 .debug_abbrev  0x000000000000276d      0x2f6 ./gecko_sdk_4.4.4/platform/emlib/src/em_gpio.o
 .debug_abbrev  0x0000000000002a63      0x3aa ./gecko_sdk_4.4.4/platform/emlib/src/em_lcd.o
 .debug_abbrev  0x0000000000002e0d      0x27a ./gecko_sdk_4.4.4/platform/emlib/src/em_system.o
 .debug_abbrev  0x0000000000003087      0x324 ./gecko_sdk_4.4.4/platform/emlib/src/em_usart.o
 .debug_abbrev  0x00000000000033ab      0x107 ./gecko_sdk_4.4.4/platform/service/device_init/src/sl_device_init_emu_s0.o
 .debug_abbrev  0x00000000000034b2      0x11a ./gecko_sdk_4.4.4/platform/service/device_init/src/sl_device_init_hfxo_s0.o
 .debug_abbrev  0x00000000000035cc      0x105 ./gecko_sdk_4.4.4/platform/service/device_init/src/sl_device_init_lfxo_s0.o
 .debug_abbrev  0x00000000000036d1      0x15a ./gecko_sdk_4.4.4/platform/service/device_init/src/sl_device_init_nvic.o
 .debug_abbrev  0x000000000000382b       0x5c ./gecko_sdk_4.4.4/platform/service/system/src/sl_system_init.o
 .debug_abbrev  0x0000000000003887       0x5c ./gecko_sdk_4.4.4/platform/service/system/src/sl_system_process_action.o

.debug_loc      0x0000000000000000     0x8df6
 .debug_loc     0x0000000000000000       0x2c ./app.o
 .debug_loc     0x000000000000002c      0x161 ./game.o
 .debug_loc     0x000000000000018d      0x18a ./init_LCD.o
 .debug_loc     0x0000000000000317      0x2dc ./init_uart.o
 .debug_loc     0x00000000000005f3       0x20 ./main.o
 .debug_loc     0x0000000000000613     0x15a5 ./segmentlcd.o
 .debug_loc     0x0000000000001bb8      0x232 ./segmentlcd_individual.o
 .debug_loc     0x0000000000001dea       0x20 ./autogen/sl_device_init_clocks.o
 .debug_loc     0x0000000000001e0a       0x4d ./autogen/sl_event_handler.o
 .debug_loc     0x0000000000001e57      0x24a ./gecko_sdk_4.4.4/hardware/board/src/sl_board_control_gpio.o
 .debug_loc     0x00000000000020a1       0x2c ./gecko_sdk_4.4.4/hardware/board/src/sl_board_init.o
 .debug_loc     0x00000000000020cd       0x8e ./gecko_sdk_4.4.4/platform/Device/SiliconLabs/EFM32GG/Source/startup_efm32gg.o
 .debug_loc     0x000000000000215b       0xae ./gecko_sdk_4.4.4/platform/Device/SiliconLabs/EFM32GG/Source/system_efm32gg.o
 .debug_loc     0x0000000000002209       0x2a ./gecko_sdk_4.4.4/platform/common/src/sl_assert.o
 .debug_loc     0x0000000000002233      0x118 ./gecko_sdk_4.4.4/platform/common/src/sl_syscalls.o
 .debug_loc     0x000000000000234b       0xa9 ./gecko_sdk_4.4.4/platform/common/toolchain/src/sl_memory.o
 .debug_loc     0x00000000000023f4     0x29db ./gecko_sdk_4.4.4/platform/emlib/src/em_cmu.o
 .debug_loc     0x0000000000004dcf      0x926 ./gecko_sdk_4.4.4/platform/emlib/src/em_core.o
 .debug_loc     0x00000000000056f5      0x892 ./gecko_sdk_4.4.4/platform/emlib/src/em_emu.o
 .debug_loc     0x0000000000005f87      0x94d ./gecko_sdk_4.4.4/platform/emlib/src/em_gpio.o
 .debug_loc     0x00000000000068d4     0x179e ./gecko_sdk_4.4.4/platform/emlib/src/em_lcd.o
 .debug_loc     0x0000000000008072      0x17f ./gecko_sdk_4.4.4/platform/emlib/src/em_system.o
 .debug_loc     0x00000000000081f1      0xab0 ./gecko_sdk_4.4.4/platform/emlib/src/em_usart.o
 .debug_loc     0x0000000000008ca1       0x2c ./gecko_sdk_4.4.4/platform/service/device_init/src/sl_device_init_emu_s0.o
 .debug_loc     0x0000000000008ccd       0x2c ./gecko_sdk_4.4.4/platform/service/device_init/src/sl_device_init_hfxo_s0.o
 .debug_loc     0x0000000000008cf9       0x2c ./gecko_sdk_4.4.4/platform/service/device_init/src/sl_device_init_lfxo_s0.o
 .debug_loc     0x0000000000008d25       0x79 ./gecko_sdk_4.4.4/platform/service/device_init/src/sl_device_init_nvic.o
 .debug_loc     0x0000000000008d9e       0x2c ./gecko_sdk_4.4.4/platform/service/system/src/sl_system_init.o
 .debug_loc     0x0000000000008dca       0x2c ./gecko_sdk_4.4.4/platform/service/system/src/sl_system_process_action.o

.debug_aranges  0x0000000000000000      0xa90
 .debug_aranges
                0x0000000000000000       0x28 ./app.o
 .debug_aranges
                0x0000000000000028       0x40 ./game.o
 .debug_aranges
                0x0000000000000068       0x40 ./init_LCD.o
 .debug_aranges
                0x00000000000000a8       0x48 ./init_uart.o
 .debug_aranges
                0x00000000000000f0       0x20 ./main.o
 .debug_aranges
                0x0000000000000110       0xa8 ./segmentlcd.o
 .debug_aranges
                0x00000000000001b8       0x28 ./segmentlcd_individual.o
 .debug_aranges
                0x00000000000001e0       0x20 ./autogen/sl_board_default_init.o
 .debug_aranges
                0x0000000000000200       0x20 ./autogen/sl_device_init_clocks.o
 .debug_aranges
                0x0000000000000220       0x60 ./autogen/sl_event_handler.o
 .debug_aranges
                0x0000000000000280       0x70 ./gecko_sdk_4.4.4/hardware/board/src/sl_board_control_gpio.o
 .debug_aranges
                0x00000000000002f0       0x28 ./gecko_sdk_4.4.4/hardware/board/src/sl_board_init.o
 .debug_aranges
                0x0000000000000318       0x28 ./gecko_sdk_4.4.4/platform/Device/SiliconLabs/EFM32GG/Source/startup_efm32gg.o
 .debug_aranges
                0x0000000000000340       0x68 ./gecko_sdk_4.4.4/platform/Device/SiliconLabs/EFM32GG/Source/system_efm32gg.o
 .debug_aranges
                0x00000000000003a8       0x20 ./gecko_sdk_4.4.4/platform/common/src/sl_assert.o
 .debug_aranges
                0x00000000000003c8       0x68 ./gecko_sdk_4.4.4/platform/common/src/sl_syscalls.o
 .debug_aranges
                0x0000000000000430       0x30 ./gecko_sdk_4.4.4/platform/common/toolchain/src/sl_memory.o
 .debug_aranges
                0x0000000000000460      0x180 ./gecko_sdk_4.4.4/platform/emlib/src/em_cmu.o
 .debug_aranges
                0x00000000000005e0       0xe8 ./gecko_sdk_4.4.4/platform/emlib/src/em_core.o
 .debug_aranges
                0x00000000000006c8       0xe8 ./gecko_sdk_4.4.4/platform/emlib/src/em_emu.o
 .debug_aranges
                0x00000000000007b0       0x60 ./gecko_sdk_4.4.4/platform/emlib/src/em_gpio.o
 .debug_aranges
                0x0000000000000810       0x90 ./gecko_sdk_4.4.4/platform/emlib/src/em_lcd.o
 .debug_aranges
                0x00000000000008a0       0x78 ./gecko_sdk_4.4.4/platform/emlib/src/em_system.o
 .debug_aranges
                0x0000000000000918       0xb8 ./gecko_sdk_4.4.4/platform/emlib/src/em_usart.o
 .debug_aranges
                0x00000000000009d0       0x20 ./gecko_sdk_4.4.4/platform/service/device_init/src/sl_device_init_emu_s0.o
 .debug_aranges
                0x00000000000009f0       0x20 ./gecko_sdk_4.4.4/platform/service/device_init/src/sl_device_init_hfxo_s0.o
 .debug_aranges
                0x0000000000000a10       0x20 ./gecko_sdk_4.4.4/platform/service/device_init/src/sl_device_init_lfxo_s0.o
 .debug_aranges
                0x0000000000000a30       0x20 ./gecko_sdk_4.4.4/platform/service/device_init/src/sl_device_init_nvic.o
 .debug_aranges
                0x0000000000000a50       0x20 ./gecko_sdk_4.4.4/platform/service/system/src/sl_system_init.o
 .debug_aranges
                0x0000000000000a70       0x20 ./gecko_sdk_4.4.4/platform/service/system/src/sl_system_process_action.o

.debug_ranges   0x0000000000000000      0xfd8
 .debug_ranges  0x0000000000000000       0x18 ./app.o
 .debug_ranges  0x0000000000000018       0x80 ./game.o
 .debug_ranges  0x0000000000000098       0x80 ./init_LCD.o
 .debug_ranges  0x0000000000000118       0x50 ./init_uart.o
 .debug_ranges  0x0000000000000168       0x10 ./main.o
 .debug_ranges  0x0000000000000178      0x120 ./segmentlcd.o
 .debug_ranges  0x0000000000000298       0x48 ./segmentlcd_individual.o
 .debug_ranges  0x00000000000002e0       0x10 ./autogen/sl_board_default_init.o
 .debug_ranges  0x00000000000002f0       0x10 ./autogen/sl_device_init_clocks.o
 .debug_ranges  0x0000000000000300       0x50 ./autogen/sl_event_handler.o
 .debug_ranges  0x0000000000000350       0x60 ./gecko_sdk_4.4.4/hardware/board/src/sl_board_control_gpio.o
 .debug_ranges  0x00000000000003b0       0x18 ./gecko_sdk_4.4.4/hardware/board/src/sl_board_init.o
 .debug_ranges  0x00000000000003c8       0x80 ./gecko_sdk_4.4.4/platform/Device/SiliconLabs/EFM32GG/Source/startup_efm32gg.o
 .debug_ranges  0x0000000000000448       0x88 ./gecko_sdk_4.4.4/platform/Device/SiliconLabs/EFM32GG/Source/system_efm32gg.o
 .debug_ranges  0x00000000000004d0       0x10 ./gecko_sdk_4.4.4/platform/common/src/sl_assert.o
 .debug_ranges  0x00000000000004e0       0x58 ./gecko_sdk_4.4.4/platform/common/src/sl_syscalls.o
 .debug_ranges  0x0000000000000538       0x20 ./gecko_sdk_4.4.4/platform/common/toolchain/src/sl_memory.o
 .debug_ranges  0x0000000000000558      0x300 ./gecko_sdk_4.4.4/platform/emlib/src/em_cmu.o
 .debug_ranges  0x0000000000000858      0x1a0 ./gecko_sdk_4.4.4/platform/emlib/src/em_core.o
 .debug_ranges  0x00000000000009f8      0x1d0 ./gecko_sdk_4.4.4/platform/emlib/src/em_emu.o
 .debug_ranges  0x0000000000000bc8      0x120 ./gecko_sdk_4.4.4/platform/emlib/src/em_gpio.o
 .debug_ranges  0x0000000000000ce8      0x138 ./gecko_sdk_4.4.4/platform/emlib/src/em_lcd.o
 .debug_ranges  0x0000000000000e20       0x68 ./gecko_sdk_4.4.4/platform/emlib/src/em_system.o
 .debug_ranges  0x0000000000000e88       0xa8 ./gecko_sdk_4.4.4/platform/emlib/src/em_usart.o
 .debug_ranges  0x0000000000000f30       0x10 ./gecko_sdk_4.4.4/platform/service/device_init/src/sl_device_init_emu_s0.o
 .debug_ranges  0x0000000000000f40       0x10 ./gecko_sdk_4.4.4/platform/service/device_init/src/sl_device_init_hfxo_s0.o
 .debug_ranges  0x0000000000000f50       0x10 ./gecko_sdk_4.4.4/platform/service/device_init/src/sl_device_init_lfxo_s0.o
 .debug_ranges  0x0000000000000f60       0x58 ./gecko_sdk_4.4.4/platform/service/device_init/src/sl_device_init_nvic.o
 .debug_ranges  0x0000000000000fb8       0x10 ./gecko_sdk_4.4.4/platform/service/system/src/sl_system_init.o
 .debug_ranges  0x0000000000000fc8       0x10 ./gecko_sdk_4.4.4/platform/service/system/src/sl_system_process_action.o

.debug_line     0x0000000000000000     0xa0cf
 .debug_line    0x0000000000000000       0x6c ./app.o
 .debug_line    0x000000000000006c      0x1ba ./game.o
 .debug_line    0x0000000000000226      0x614 ./init_LCD.o
 .debug_line    0x000000000000083a      0x5d7 ./init_uart.o
 .debug_line    0x0000000000000e11      0x120 ./main.o
 .debug_line    0x0000000000000f31      0xc5e ./segmentlcd.o
 .debug_line    0x0000000000001b8f      0x40f ./segmentlcd_individual.o
 .debug_line    0x0000000000001f9e       0x55 ./autogen/sl_board_default_init.o
 .debug_line    0x0000000000001ff3      0x2e6 ./autogen/sl_device_init_clocks.o
 .debug_line    0x00000000000022d9      0x50e ./autogen/sl_event_handler.o
 .debug_line    0x00000000000027e7      0x480 ./gecko_sdk_4.4.4/hardware/board/src/sl_board_control_gpio.o
 .debug_line    0x0000000000002c67      0x208 ./gecko_sdk_4.4.4/hardware/board/src/sl_board_init.o
 .debug_line    0x0000000000002e6f      0x313 ./gecko_sdk_4.4.4/platform/Device/SiliconLabs/EFM32GG/Source/startup_efm32gg.o
 .debug_line    0x0000000000003182      0x484 ./gecko_sdk_4.4.4/platform/Device/SiliconLabs/EFM32GG/Source/system_efm32gg.o
 .debug_line    0x0000000000003606       0x85 ./gecko_sdk_4.4.4/platform/common/src/sl_assert.o
 .debug_line    0x000000000000368b      0x185 ./gecko_sdk_4.4.4/platform/common/src/sl_syscalls.o
 .debug_line    0x0000000000003810      0x314 ./gecko_sdk_4.4.4/platform/common/toolchain/src/sl_memory.o
 .debug_line    0x0000000000003b24     0x1db6 ./gecko_sdk_4.4.4/platform/emlib/src/em_cmu.o
 .debug_line    0x00000000000058da      0xaa1 ./gecko_sdk_4.4.4/platform/emlib/src/em_core.o
 .debug_line    0x000000000000637b      0xc58 ./gecko_sdk_4.4.4/platform/emlib/src/em_emu.o
 .debug_line    0x0000000000006fd3      0x74b ./gecko_sdk_4.4.4/platform/emlib/src/em_gpio.o
 .debug_line    0x000000000000771e      0xbd4 ./gecko_sdk_4.4.4/platform/emlib/src/em_lcd.o
 .debug_line    0x00000000000082f2      0x519 ./gecko_sdk_4.4.4/platform/emlib/src/em_system.o
 .debug_line    0x000000000000880b      0xbe3 ./gecko_sdk_4.4.4/platform/emlib/src/em_usart.o
 .debug_line    0x00000000000093ee      0x272 ./gecko_sdk_4.4.4/platform/service/device_init/src/sl_device_init_emu_s0.o
 .debug_line    0x0000000000009660      0x2f0 ./gecko_sdk_4.4.4/platform/service/device_init/src/sl_device_init_hfxo_s0.o
 .debug_line    0x0000000000009950      0x279 ./gecko_sdk_4.4.4/platform/service/device_init/src/sl_device_init_lfxo_s0.o
 .debug_line    0x0000000000009bc9      0x365 ./gecko_sdk_4.4.4/platform/service/device_init/src/sl_device_init_nvic.o
 .debug_line    0x0000000000009f2e       0xcc ./gecko_sdk_4.4.4/platform/service/system/src/sl_system_init.o
 .debug_line    0x0000000000009ffa       0xd5 ./gecko_sdk_4.4.4/platform/service/system/src/sl_system_process_action.o

.debug_str      0x0000000000000000     0x44a9
 .debug_str     0x0000000000000000      0x17e ./app.o
                                        0x1ce (size before relaxing)
 .debug_str     0x000000000000017e       0xb4 ./game.o
                                        0x251 (size before relaxing)
 .debug_str     0x0000000000000232       0xa0 ./init_LCD.o
                                        0x2ae (size before relaxing)
 .debug_str     0x00000000000002d2      0xc5d ./init_uart.o
                                        0xe61 (size before relaxing)
 .debug_str     0x0000000000000f2f       0x37 ./main.o
                                        0x21c (size before relaxing)
 .debug_str     0x0000000000000f66      0x97b ./segmentlcd.o
                                        0xf3e (size before relaxing)
 .debug_str     0x00000000000018e1       0x87 ./segmentlcd_individual.o
                                        0x3c5 (size before relaxing)
 .debug_str     0x0000000000001968       0x39 ./autogen/sl_board_default_init.o
                                        0x1c4 (size before relaxing)
 .debug_str     0x00000000000019a1       0xec ./autogen/sl_device_init_clocks.o
                                        0x644 (size before relaxing)
 .debug_str     0x0000000000001a8d      0x231 ./autogen/sl_event_handler.o
                                        0x433 (size before relaxing)
 .debug_str     0x0000000000001cbe      0x2a3 ./gecko_sdk_4.4.4/hardware/board/src/sl_board_control_gpio.o
                                        0x698 (size before relaxing)
 .debug_str     0x0000000000001f61       0x36 ./gecko_sdk_4.4.4/hardware/board/src/sl_board_init.o
                                        0x49f (size before relaxing)
 .debug_str     0x0000000000001f97      0x145 ./gecko_sdk_4.4.4/platform/Device/SiliconLabs/EFM32GG/Source/startup_efm32gg.o
                                        0x2eb (size before relaxing)
 .debug_str     0x00000000000020dc      0x1fa ./gecko_sdk_4.4.4/platform/Device/SiliconLabs/EFM32GG/Source/system_efm32gg.o
                                        0x52b (size before relaxing)
 .debug_str     0x00000000000022d6       0x33 ./gecko_sdk_4.4.4/platform/common/src/sl_assert.o
                                        0x153 (size before relaxing)
 .debug_str     0x0000000000002309       0x8b ./gecko_sdk_4.4.4/platform/common/src/sl_syscalls.o
                                        0x233 (size before relaxing)
 .debug_str     0x0000000000002394       0xdc ./gecko_sdk_4.4.4/platform/common/toolchain/src/sl_memory.o
                                        0x28d (size before relaxing)
 .debug_str     0x0000000000002470      0xa10 ./gecko_sdk_4.4.4/platform/emlib/src/em_cmu.o
                                       0x1323 (size before relaxing)
 .debug_str     0x0000000000002e80      0x325 ./gecko_sdk_4.4.4/platform/emlib/src/em_core.o
                                        0x876 (size before relaxing)
 .debug_str     0x00000000000031a5      0x506 ./gecko_sdk_4.4.4/platform/emlib/src/em_emu.o
                                        0xd9a (size before relaxing)
 .debug_str     0x00000000000036ab      0x1c5 ./gecko_sdk_4.4.4/platform/emlib/src/em_gpio.o
                                        0x5db (size before relaxing)
 .debug_str     0x0000000000003870      0x317 ./gecko_sdk_4.4.4/platform/emlib/src/em_lcd.o
                                        0x978 (size before relaxing)
 .debug_str     0x0000000000003b87      0x200 ./gecko_sdk_4.4.4/platform/emlib/src/em_system.o
                                        0x71f (size before relaxing)
 .debug_str     0x0000000000003d87      0x487 ./gecko_sdk_4.4.4/platform/emlib/src/em_usart.o
                                        0xc77 (size before relaxing)
 .debug_str     0x000000000000420e       0x55 ./gecko_sdk_4.4.4/platform/service/device_init/src/sl_device_init_emu_s0.o
                                        0x2a4 (size before relaxing)
 .debug_str     0x0000000000004263       0xa2 ./gecko_sdk_4.4.4/platform/service/device_init/src/sl_device_init_hfxo_s0.o
                                        0x316 (size before relaxing)
 .debug_str     0x0000000000004305       0xb4 ./gecko_sdk_4.4.4/platform/service/device_init/src/sl_device_init_lfxo_s0.o
                                        0x371 (size before relaxing)
 .debug_str     0x00000000000043b9       0x66 ./gecko_sdk_4.4.4/platform/service/device_init/src/sl_device_init_nvic.o
                                        0x56c (size before relaxing)
 .debug_str     0x000000000000441f       0x40 ./gecko_sdk_4.4.4/platform/service/system/src/sl_system_init.o
                                        0x1a9 (size before relaxing)
 .debug_str     0x000000000000445f       0x4a ./gecko_sdk_4.4.4/platform/service/system/src/sl_system_process_action.o
                                        0x1d6 (size before relaxing)

.debug_frame    0x0000000000000000     0x1acc
 .debug_frame   0x0000000000000000       0x3c ./app.o
 .debug_frame   0x000000000000003c       0xa4 ./game.o
 .debug_frame   0x00000000000000e0       0xac ./init_LCD.o
 .debug_frame   0x000000000000018c       0xa8 ./init_uart.o
 .debug_frame   0x0000000000000234       0x28 ./main.o
 .debug_frame   0x000000000000025c      0x224 ./segmentlcd.o
 .debug_frame   0x0000000000000480       0x50 ./segmentlcd_individual.o
 .debug_frame   0x00000000000004d0       0x20 ./autogen/sl_board_default_init.o
 .debug_frame   0x00000000000004f0       0x28 ./autogen/sl_device_init_clocks.o
 .debug_frame   0x0000000000000518       0xb0 ./autogen/sl_event_handler.o
 .debug_frame   0x00000000000005c8      0x100 ./gecko_sdk_4.4.4/hardware/board/src/sl_board_control_gpio.o
 .debug_frame   0x00000000000006c8       0x3c ./gecko_sdk_4.4.4/hardware/board/src/sl_board_init.o
 .debug_frame   0x0000000000000704       0x38 ./gecko_sdk_4.4.4/platform/Device/SiliconLabs/EFM32GG/Source/startup_efm32gg.o
 .debug_frame   0x000000000000073c       0xb8 ./gecko_sdk_4.4.4/platform/Device/SiliconLabs/EFM32GG/Source/system_efm32gg.o
 .debug_frame   0x00000000000007f4       0x20 ./gecko_sdk_4.4.4/platform/common/src/sl_assert.o
 .debug_frame   0x0000000000000814       0xb0 ./gecko_sdk_4.4.4/platform/common/src/sl_syscalls.o
 .debug_frame   0x00000000000008c4       0x40 ./gecko_sdk_4.4.4/platform/common/toolchain/src/sl_memory.o
 .debug_frame   0x0000000000000904      0x4cc ./gecko_sdk_4.4.4/platform/emlib/src/em_cmu.o
 .debug_frame   0x0000000000000dd0      0x240 ./gecko_sdk_4.4.4/platform/emlib/src/em_core.o
 .debug_frame   0x0000000000001010      0x24c ./gecko_sdk_4.4.4/platform/emlib/src/em_emu.o
 .debug_frame   0x000000000000125c      0x134 ./gecko_sdk_4.4.4/platform/emlib/src/em_gpio.o
 .debug_frame   0x0000000000001390      0x194 ./gecko_sdk_4.4.4/platform/emlib/src/em_lcd.o
 .debug_frame   0x0000000000001524       0xe0 ./gecko_sdk_4.4.4/platform/emlib/src/em_system.o
 .debug_frame   0x0000000000001604      0x1ec ./gecko_sdk_4.4.4/platform/emlib/src/em_usart.o
 .debug_frame   0x00000000000017f0       0x28 ./gecko_sdk_4.4.4/platform/service/device_init/src/sl_device_init_emu_s0.o
 .debug_frame   0x0000000000001818       0x28 ./gecko_sdk_4.4.4/platform/service/device_init/src/sl_device_init_hfxo_s0.o
 .debug_frame   0x0000000000001840       0x2c ./gecko_sdk_4.4.4/platform/service/device_init/src/sl_device_init_lfxo_s0.o
 .debug_frame   0x000000000000186c       0x28 ./gecko_sdk_4.4.4/platform/service/device_init/src/sl_device_init_nvic.o
 .debug_frame   0x0000000000001894       0x2c ./gecko_sdk_4.4.4/platform/service/system/src/sl_system_init.o
 .debug_frame   0x00000000000018c0       0x2c ./gecko_sdk_4.4.4/platform/service/system/src/sl_system_process_action.o
 .debug_frame   0x00000000000018ec       0x28 /Applications/Simplicity Studio.app/Contents/Eclipse/developer/toolchains/gnu_arm/12.2.rel1_2023.7/bin/../lib/gcc/arm-none-eabi/12.2.1/../../../../arm-none-eabi/lib/thumb/v7-m/nofp/libc_nano.a(libc_a-exit.o)
 .debug_frame   0x0000000000001914      0x144 /Applications/Simplicity Studio.app/Contents/Eclipse/developer/toolchains/gnu_arm/12.2.rel1_2023.7/bin/../lib/gcc/arm-none-eabi/12.2.1/../../../../arm-none-eabi/lib/thumb/v7-m/nofp/libc_nano.a(libc_a-findfp.o)
 .debug_frame   0x0000000000001a58       0x20 /Applications/Simplicity Studio.app/Contents/Eclipse/developer/toolchains/gnu_arm/12.2.rel1_2023.7/bin/../lib/gcc/arm-none-eabi/12.2.1/../../../../arm-none-eabi/lib/thumb/v7-m/nofp/libc_nano.a(libc_a-memset.o)
 .debug_frame   0x0000000000001a78       0x2c /Applications/Simplicity Studio.app/Contents/Eclipse/developer/toolchains/gnu_arm/12.2.rel1_2023.7/bin/../lib/gcc/arm-none-eabi/12.2.1/../../../../arm-none-eabi/lib/thumb/v7-m/nofp/libc_nano.a(libc_a-init.o)
 .debug_frame   0x0000000000001aa4       0x28 /Applications/Simplicity Studio.app/Contents/Eclipse/developer/toolchains/gnu_arm/12.2.rel1_2023.7/bin/../lib/gcc/arm-none-eabi/12.2.1/../../../../arm-none-eabi/lib/thumb/v7-m/nofp/libc_nano.a(libc_a-memcpy-stub.o)
